Component: ARM Compiler 5.06 update 6 (build 750) Tool: armlink [4d35ed]

==============================================================================

Section Cross References

    startup_stm32f103xb.o(STACK) refers (Special) to heapauxi.o(.text) for __use_two_region_memory
    startup_stm32f103xb.o(HEAP) refers (Special) to heapauxi.o(.text) for __use_two_region_memory
    startup_stm32f103xb.o(RESET) refers (Special) to heapauxi.o(.text) for __use_two_region_memory
    startup_stm32f103xb.o(RESET) refers to startup_stm32f103xb.o(STACK) for __initial_sp
    startup_stm32f103xb.o(RESET) refers to startup_stm32f103xb.o(.text) for Reset_Handler
    startup_stm32f103xb.o(RESET) refers to stm32f1xx_it.o(i.NMI_Handler) for NMI_Handler
    startup_stm32f103xb.o(RESET) refers to stm32f1xx_it.o(i.HardFault_Handler) for HardFault_Handler
    startup_stm32f103xb.o(RESET) refers to stm32f1xx_it.o(i.MemManage_Handler) for MemManage_Handler
    startup_stm32f103xb.o(RESET) refers to stm32f1xx_it.o(i.BusFault_Handler) for BusFault_Handler
    startup_stm32f103xb.o(RESET) refers to stm32f1xx_it.o(i.UsageFault_Handler) for UsageFault_Handler
    startup_stm32f103xb.o(RESET) refers to stm32f1xx_it.o(i.SVC_Handler) for SVC_Handler
    startup_stm32f103xb.o(RESET) refers to stm32f1xx_it.o(i.DebugMon_Handler) for DebugMon_Handler
    startup_stm32f103xb.o(RESET) refers to stm32f1xx_it.o(i.PendSV_Handler) for PendSV_Handler
    startup_stm32f103xb.o(RESET) refers to stm32f1xx_it.o(i.SysTick_Handler) for SysTick_Handler
    startup_stm32f103xb.o(RESET) refers to stm32f1xx_it.o(i.DMA1_Channel4_IRQHandler) for DMA1_Channel4_IRQHandler
    startup_stm32f103xb.o(RESET) refers to stm32f1xx_it.o(i.DMA1_Channel5_IRQHandler) for DMA1_Channel5_IRQHandler
    startup_stm32f103xb.o(RESET) refers to stm32f1xx_it.o(i.TIM4_IRQHandler) for TIM4_IRQHandler
    startup_stm32f103xb.o(RESET) refers to stm32f1xx_it.o(i.USART1_IRQHandler) for USART1_IRQHandler
    startup_stm32f103xb.o(.text) refers (Special) to heapauxi.o(.text) for __use_two_region_memory
    startup_stm32f103xb.o(.text) refers to system_stm32f1xx.o(i.SystemInit) for SystemInit
    startup_stm32f103xb.o(.text) refers to __main.o(!!!main) for __main
    startup_stm32f103xb.o(.text) refers to startup_stm32f103xb.o(HEAP) for Heap_Mem
    startup_stm32f103xb.o(.text) refers to startup_stm32f103xb.o(STACK) for Stack_Mem
    motor.o(i.motor_ctrl) refers to stm32f1xx_hal_gpio.o(i.HAL_GPIO_WritePin) for HAL_GPIO_WritePin
    motor.o(i.motor_ctrl) refers to tim.o(.bss) for htim1
    motor.o(i.motor_init) refers to stm32f1xx_hal_tim.o(i.HAL_TIM_PWM_Start) for HAL_TIM_PWM_Start
    motor.o(i.motor_init) refers to motor.o(i.motor_ctrl) for motor_ctrl
    motor.o(i.motor_init) refers to main.o(i.PID_Clear) for PID_Clear
    motor.o(i.motor_init) refers to stm32f1xx_hal.o(i.HAL_Delay) for HAL_Delay
    motor.o(i.motor_init) refers to stm32f1xx_hal.o(i.HAL_GetTick) for HAL_GetTick
    motor.o(i.motor_init) refers to tim.o(.bss) for htim1
    motor.o(i.motor_init) refers to motor.o(.data) for position_loop_enable
    motor.o(i.motor_init) refers to main.o(.data) for Encoder_NewCnt
    pid.o(i.Position_PID_Calc) refers to fflt_clz.o(x$fpl$fflt) for __aeabi_i2f
    pid.o(i.Position_PID_Calc) refers to fmul.o(x$fpl$fmul) for __aeabi_fmul
    pid.o(i.Position_PID_Calc) refers to ffix.o(x$fpl$ffix) for __aeabi_f2iz
    pid.o(i.Speed_PID_Calc) refers to fflt_clz.o(x$fpl$fflt) for __aeabi_i2f
    pid.o(i.Speed_PID_Calc) refers to fmul.o(x$fpl$fmul) for __aeabi_fmul
    pid.o(i.Speed_PID_Calc) refers to ffix.o(x$fpl$ffix) for __aeabi_f2iz
    main.o(i.AngleToEncoderCount) refers to fdiv.o(x$fpl$fdiv) for __aeabi_fdiv
    main.o(i.AngleToEncoderCount) refers to fmul.o(x$fpl$fmul) for __aeabi_fmul
    main.o(i.AngleToEncoderCount) refers to ffix.o(x$fpl$ffix) for __aeabi_f2iz
    main.o(i.DataProcess_Task) refers to scanf1.o(x$fpl$scanf1) for _scanf_real
    main.o(i.DataProcess_Task) refers to rt_memcpy_w.o(.text) for __aeabi_memcpy4
    main.o(i.DataProcess_Task) refers to __0sscanf.o(.text) for __0sscanf
    main.o(i.DataProcess_Task) refers to ffix.o(x$fpl$ffix) for __aeabi_f2iz
    main.o(i.DataProcess_Task) refers to main.o(i.AngleToEncoderCount) for AngleToEncoderCount
    main.o(i.DataProcess_Task) refers to main.o(.data) for uart_rx_frame_ready
    main.o(i.DataProcess_Task) refers to main.o(.bss) for safe_buffer
    main.o(i.DataProcess_Task) refers to motor.o(.data) for position_loop_enable
    main.o(i.EncoderCountToAngle) refers to fflt_clz.o(x$fpl$fflt) for __aeabi_i2f
    main.o(i.EncoderCountToAngle) refers to fdiv.o(x$fpl$fdiv) for __aeabi_fdiv
    main.o(i.EncoderCountToAngle) refers to fmul.o(x$fpl$fmul) for __aeabi_fmul
    main.o(i.HAL_TIM_PeriodElapsedCallback) refers to fflt_clz.o(x$fpl$fflt) for __aeabi_i2f
    main.o(i.HAL_TIM_PeriodElapsedCallback) refers to fdiv.o(x$fpl$fdiv) for __aeabi_fdiv
[...]
    i.TIM_ETR_SetConfig                      0x08004c5a   Section        0  stm32f1xx_hal_tim.o(i.TIM_ETR_SetConfig)
    i.TIM_ITRx_SetConfig                     0x08004c70   Section        0  stm32f1xx_hal_tim.o(i.TIM_ITRx_SetConfig)
    TIM_ITRx_SetConfig                       0x08004c71   Thumb Code    18  stm32f1xx_hal_tim.o(i.TIM_ITRx_SetConfig)
    i.TIM_OC1_SetConfig                      0x08004c84   Section        0  stm32f1xx_hal_tim.o(i.TIM_OC1_SetConfig)
    TIM_OC1_SetConfig                        0x08004c85   Thumb Code    90  stm32f1xx_hal_tim.o(i.TIM_OC1_SetConfig)
    i.TIM_OC2_SetConfig                      0x08004ce4   Section        0  stm32f1xx_hal_tim.o(i.TIM_OC2_SetConfig)
    i.TIM_OC3_SetConfig                      0x08004d4c   Section        0  stm32f1xx_hal_tim.o(i.TIM_OC3_SetConfig)
    TIM_OC3_SetConfig                        0x08004d4d   Thumb Code    98  stm32f1xx_hal_tim.o(i.TIM_OC3_SetConfig)
    i.TIM_OC4_SetConfig                      0x08004db4   Section        0  stm32f1xx_hal_tim.o(i.TIM_OC4_SetConfig)
    TIM_OC4_SetConfig                        0x08004db5   Thumb Code    68  stm32f1xx_hal_tim.o(i.TIM_OC4_SetConfig)
    i.TIM_TI1_ConfigInputStage               0x08004dfc   Section        0  stm32f1xx_hal_tim.o(i.TIM_TI1_ConfigInputStage)
    TIM_TI1_ConfigInputStage                 0x08004dfd   Thumb Code    38  stm32f1xx_hal_tim.o(i.TIM_TI1_ConfigInputStage)
    i.TIM_TI2_ConfigInputStage               0x08004e22   Section        0  stm32f1xx_hal_tim.o(i.TIM_TI2_ConfigInputStage)
    TIM_TI2_ConfigInputStage                 0x08004e23   Thumb Code    40  stm32f1xx_hal_tim.o(i.TIM_TI2_ConfigInputStage)
    i.UART_DMAAbortOnError                   0x08004e4a   Section        0  stm32f1xx_hal_uart.o(i.UART_DMAAbortOnError)
    UART_DMAAbortOnError                     0x08004e4b   Thumb Code    20  stm32f1xx_hal_uart.o(i.UART_DMAAbortOnError)
    i.UART_DMAError                          0x08004e5e   Section        0  stm32f1xx_hal_uart.o(i.UART_DMAError)
    UART_DMAError                            0x08004e5f   Thumb Code    80  stm32f1xx_hal_uart.o(i.UART_DMAError)
    i.UART_DMAReceiveCplt                    0x08004eae   Section        0  stm32f1xx_hal_uart.o(i.UART_DMAReceiveCplt)
    UART_DMAReceiveCplt                      0x08004eaf   Thumb Code   180  stm32f1xx_hal_uart.o(i.UART_DMAReceiveCplt)
    i.UART_DMARxHalfCplt                     0x08004f62   Section        0  stm32f1xx_hal_uart.o(i.UART_DMARxHalfCplt)
    UART_DMARxHalfCplt                       0x08004f63   Thumb Code    36  stm32f1xx_hal_uart.o(i.UART_DMARxHalfCplt)
    i.UART_DMATransmitCplt                   0x08004f86   Section        0  stm32f1xx_hal_uart.o(i.UART_DMATransmitCplt)
    UART_DMATransmitCplt                     0x08004f87   Thumb Code    88  stm32f1xx_hal_uart.o(i.UART_DMATransmitCplt)
    i.UART_DMATxHalfCplt                     0x08004fde   Section        0  stm32f1xx_hal_uart.o(i.UART_DMATxHalfCplt)
    UART_DMATxHalfCplt                       0x08004fdf   Thumb Code    14  stm32f1xx_hal_uart.o(i.UART_DMATxHalfCplt)
    i.UART_EndRxTransfer                     0x08004fec   Section        0  stm32f1xx_hal_uart.o(i.UART_EndRxTransfer)
    UART_EndRxTransfer                       0x08004fed   Thumb Code   108  stm32f1xx_hal_uart.o(i.UART_EndRxTransfer)
    i.UART_EndTransmit_IT                    0x08005058   Section        0  stm32f1xx_hal_uart.o(i.UART_EndTransmit_IT)
    UART_EndTransmit_IT                      0x08005059   Thumb Code    32  stm32f1xx_hal_uart.o(i.UART_EndTransmit_IT)
    i.UART_EndTxTransfer                     0x08005078   Section        0  stm32f1xx_hal_uart.o(i.UART_EndTxTransfer)
    UART_EndTxTransfer                       0x08005079   Thumb Code    38  stm32f1xx_hal_uart.o(i.UART_EndTxTransfer)
    i.UART_Receive_IT                        0x0800509e   Section        0  stm32f1xx_hal_uart.o(i.UART_Receive_IT)
    UART_Receive_IT                          0x0800509f   Thumb Code   252  stm32f1xx_hal_uart.o(i.UART_Receive_IT)
    i.UART_SetConfig                         0x0800519c   Section        0  stm32f1xx_hal_uart.o(i.UART_SetConfig)
    UART_SetConfig                           0x0800519d   Thumb Code   248  stm32f1xx_hal_uart.o(i.UART_SetConfig)
    i.UART_StartReceiveToIdle                0x08005298   Section        0  main.o(i.UART_StartReceiveToIdle)
    UART_StartReceiveToIdle                  0x08005299   Thumb Code    36  main.o(i.UART_StartReceiveToIdle)
    i.UART_Start_Receive_DMA                 0x080052c4   Section        0  stm32f1xx_hal_uart.o(i.UART_Start_Receive_DMA)
    i.UART_Transmit_IT                       0x0800538c   Section        0  stm32f1xx_hal_uart.o(i.UART_Transmit_IT)
    UART_Transmit_IT                         0x0800538d   Thumb Code    96  stm32f1xx_hal_uart.o(i.UART_Transmit_IT)
    i.USART1_IRQHandler                      0x080053ec   Section        0  stm32f1xx_it.o(i.USART1_IRQHandler)
    i.UsageFault_Handler                     0x080053fc   Section        0  stm32f1xx_it.o(i.UsageFault_Handler)
    i.__ARM_fpclassify                       0x08005400   Section        0  fpclassify.o(i.__ARM_fpclassify)
    i.__NVIC_GetPriorityGrouping             0x08005428   Section        0  stm32f1xx_hal_cortex.o(i.__NVIC_GetPriorityGrouping)
    __NVIC_GetPriorityGrouping               0x08005429   Thumb Code    10  stm32f1xx_hal_cortex.o(i.__NVIC_GetPriorityGrouping)
    i.__NVIC_SetPriority                     0x08005438   Section        0  stm32f1xx_hal_cortex.o(i.__NVIC_SetPriority)
    __NVIC_SetPriority                       0x08005439   Thumb Code    32  stm32f1xx_hal_cortex.o(i.__NVIC_SetPriority)
    i.__mathlib_dbl_overflow                 0x08005460   Section        0  dunder.o(i.__mathlib_dbl_overflow)
    i.__mathlib_dbl_underflow                0x08005470   Section        0  dunder.o(i.__mathlib_dbl_underflow)
    i.__mathlib_narrow                       0x08005480   Section        0  narrow.o(i.__mathlib_narrow)
    i.__mathlib_tofloat                      0x08005490   Section        0  narrow.o(i.__mathlib_tofloat)
    i.__support_ldexp                        0x0800554c   Section        0  ldexp.o(i.__support_ldexp)
    i._is_digit                              0x08005562   Section        0  __printf_wp.o(i._is_digit)
    i.frexp                                  0x08005570   Section        0  frexp.o(i.frexp)
    i.ldexp                                  0x080055c8   Section        0  ldexp.o(i.ldexp)
    i.main                                   0x0800563c   Section        0  main.o(i.main)
    i.motor_ctrl                             0x080057d0   Section        0  motor.o(i.motor_ctrl)
    i.motor_init                             0x08005830   Section        0  motor.o(i.motor_init)
    locale$$code                             0x08005984   Section       44  lc_numeric_c.o(locale$$code)
    locale$$code                             0x080059b0   Section       44  lc_ctype_c.o(locale$$code)
    x$fpl$d2f                                0x080059dc   Section       98  d2f.o(x$fpl$d2f)
    x$fpl$dcheck1                            0x08005a40   Section       16  dcheck1.o(x$fpl$dcheck1)
    x$fpl$dcmpinf                            0x08005a50   Section       24  dcmpi.o(x$fpl$dcmpinf)
    x$fpl$deqf                               0x08005a68   Section      120  deqf.o(x$fpl$deqf)
    x$fpl$dleqf                              0x08005ae0   Section      120  dleqf.o(x$fpl$dleqf)
    x$fpl$dnaninf                            0x08005b58   Section      156  dnaninf.o(x$fpl$dnaninf)
    x$fpl$dretinf                            0x08005bf4   Section       12  dretinf.o(x$fpl$dretinf)
    x$fpl$drleqf                             0x08005c00   Section      108  drleqf.o(x$fpl$drleqf)
    x$fpl$f2d                                0x08005c6c   Section       86  f2d.o(x$fpl$f2d)
    x$fpl$fdiv                               0x08005cc4   Section      388  fdiv.o(x$fpl$fdiv)
    _fdiv1                                   0x08005cc5   Thumb Code     0  fdiv.o(x$fpl$fdiv)
    x$fpl$ffix                               0x08005e48   Section       54  ffix.o(x$fpl$ffix)
    x$fpl$fflt                               0x08005e80   Section       48  fflt_clz.o(x$fpl$fflt)
    x$fpl$fmul                               0x08005eb0   Section      258  fmul.o(x$fpl$fmul)
    x$fpl$fnaninf                            0x08005fb2   Section      140  fnaninf.o(x$fpl$fnaninf)
    x$fpl$fretinf                            0x0800603e   Section       10  fretinf.o(x$fpl$fretinf)
    x$fpl$ieeestatus                         0x08006048   Section        6  istatus.o(x$fpl$ieeestatus)
    x$fpl$printf1                            0x0800604e   Section        4  printf1.o(x$fpl$printf1)
    x$fpl$retnan                             0x08006052   Section      100  retnan.o(x$fpl$retnan)
    x$fpl$scalbn                             0x080060b6   Section       92  scalbn.o(x$fpl$scalbn)
    x$fpl$scanf1                             0x08006112   Section        4  scanf1.o(x$fpl$scanf1)
    x$fpl$scanf2                             0x08006116   Section        8  scanf2.o(x$fpl$scanf2)
    x$fpl$trapveneer                         0x0800611e   Section       48  trapv.o(x$fpl$trapveneer)
    .constdata                               0x0800614e   Section       18  stm32f1xx_hal_rcc.o(.constdata)
    x$fpl$usenofp                            0x0800614e   Section        0  usenofp.o(x$fpl$usenofp)
    aPLLMULFactorTable                       0x0800614e   Data          16  stm32f1xx_hal_rcc.o(.constdata)
    aPredivFactorTable                       0x0800615e   Data           2  stm32f1xx_hal_rcc.o(.constdata)
    .constdata                               0x08006160   Section       24  system_stm32f1xx.o(.constdata)
    .constdata                               0x08006178   Section      148  bigflt0.o(.constdata)
    tenpwrs_x                                0x08006178   Data          60  bigflt0.o(.constdata)
    tenpwrs_i                                0x080061b4   Data          64  bigflt0.o(.constdata)
    c$$dinf                                  0x0800622c   Section        8  fpconst.o(c$$dinf)
    c$$dmax                                  0x08006234   Section        8  fpconst.o(c$$dmax)
    locale$$data                             0x0800623c   Section       28  lc_numeric_c.o(locale$$data)
    __lcnum_c_name                           0x08006240   Data           2  lc_numeric_c.o(locale$$data)
    __lcnum_c_start                          0x08006248   Data           0  lc_numeric_c.o(locale$$data)
    __lcnum_c_point                          0x08006254   Data           0  lc_numeric_c.o(locale$$data)
    __lcnum_c_thousands                      0x08006256   Data           0  lc_numeric_c.o(locale$$data)
    __lcnum_c_grouping                       0x08006257   Data           0  lc_numeric_c.o(locale$$data)
    locale$$data                             0x08006258   Section      272  lc_ctype_c.o(locale$$data)
    __lcnum_c_end                            0x08006258   Data           0  lc_numeric_c.o(locale$$data)
    __lcctype_c_name                         0x0800625c   Data           2  lc_ctype_c.o(locale$$data)
    __lcctype_c_start                        0x08006264   Data           0  lc_ctype_c.o(locale$$data)
    __lcctype_c_end                          0x08006368   Data           0  lc_ctype_c.o(locale$$data)
    .data                                    0x20000000   Section        3  motor.o(.data)
    .data                                    0x20000004   Section       35  main.o(.data)
    .data                                    0x20000028   Section        9  stm32f1xx_hal.o(.data)
    .data                                    0x20000034   Section        4  system_stm32f1xx.o(.data)
    .bss                                     0x20000038   Section      312  main.o(.bss)
    .bss                                     0x20000170   Section      288  tim.o(.bss)
    .bss                                     0x20000290   Section      208  usart.o(.bss)
    .bss                                     0x20000360   Section       96  libspace.o(.bss)
    HEAP                                     0x200003c0   Section      512  startup_stm32f103xb.o(HEAP)
    Heap_Mem                                 0x200003c0   Data         512  startup_stm32f103xb.o(HEAP)
    STACK                                    0x200005c0   Section     1024  startup_stm32f103xb.o(STACK)
    Stack_Mem                                0x200005c0   Data        1024  startup_stm32f103xb.o(STACK)
    __initial_sp                             0x200009c0   Data           0  startup_stm32f103xb.o(STACK)

    Global Symbols

    Symbol Name                              Value     Ov Type        Size  Object(Section)

    BuildAttributes$$THM_ISAv4$P$D$K$B$S$PE$A:L22UL41UL21$X:L11$S22US41US21$IEEE1$IW$USESV6$~STKCKD$USESV7$~SHL$OTIME$ROPI$IEEEX$EBA8$UX$STANDARDLIB$REQ8$PRES8$EABIv2 0x00000000   Number         0  anon$$obj.o ABSOLUTE
    __ARM_use_no_argv                        0x00000000   Number         0  main.o ABSOLUTE
    _printf_flags                            0x00000000   Number         0  printf_stubs.o ABSOLUTE
    _printf_return_value                     0x00000000   Number         0  printf_stubs.o ABSOLUTE
    _printf_sizespec                         0x00000000   Number         0  printf_stubs.o ABSOLUTE
    _printf_widthprec                        0x00000000   Number         0  printf_stubs.o ABSOLUTE
    __ARM_exceptions_init                     - Undefined Weak Reference
    __alloca_initialize                       - Undefined Weak Reference
    __arm_preinit_                            - Undefined Weak Reference
    __cpp_initialize__aeabi_                  - Undefined Weak Reference
    __cxa_finalize                            - Undefined Weak Reference
    __sigvec_lookup                           - Undefined Weak Reference
    _atexit_init                              - Undefined Weak Reference
    _call_atexit_fns                          - Undefined Weak Reference
    _clock_init                               - Undefined Weak Reference
    _fp_trap_init                             - Undefined Weak Reference
    _fp_trap_shutdown                         - Undefined Weak Reference
    _get_lc_collate                           - Undefined Weak Reference
    _get_lc_monetary                          - Undefined Weak Reference
    _get_lc_time                              - Undefined Weak Reference
    _getenv_init                              - Undefined Weak Reference
    _handle_redirection                       - Undefined Weak Reference
    _init_alloc                               - Undefined Weak Reference
    _init_user_alloc                          - Undefined Weak Reference
    _initio                                   - Undefined Weak Reference
    _printf_post_padding                      - Undefined Weak Reference
    _printf_pre_padding                       - Undefined Weak Reference
    _printf_truncate_signed                   - Undefined Weak Reference
    _printf_truncate_unsigned                 - Undefined Weak Reference
    _rand_init                                - Undefined Weak Reference
    _scanf_int                                - Undefined Weak Reference
    _scanf_longlong                           - Undefined Weak Reference
    _scanf_mbtowc                             - Undefined Weak Reference
    _scanf_string                             - Undefined Weak Reference
    _scanf_wctomb                             - Undefined Weak Reference
    _scanf_wstring                            - Undefined Weak Reference
    _signal_finish                            - Undefined Weak Reference
    _signal_init                              - Undefined Weak Reference
    _terminate_alloc                          - Undefined Weak Reference
    _terminate_user_alloc                     - Undefined Weak Reference
    _terminateio                              - Undefined Weak Reference
    __Vectors_Size                           0x000000ec   Number         0  startup_stm32f103xb.o ABSOLUTE
    __Vectors                                0x08000000   Data           4  startup_stm32f103xb.o(RESET)
    __Vectors_End                            0x080000ec   Data           0  startup_stm32f103xb.o(RESET)
    __main                                   0x080000ed   Thumb Code     8  __main.o(!!!main)
    __scatterload                            0x080000f5   Thumb Code     0  __scatter.o(!!!scatter)
    __scatterload_rt2                        0x080000f5   Thumb Code    44  __scatter.o(!!!scatter)
    __scatterload_rt2_thumb_only             0x080000f5   Thumb Code     0  __scatter.o(!!!scatter)
    __scatterload_null                       0x08000103   Thumb Code     0  __scatter.o(!!!scatter)
    __scatterload_copy                       0x08000129   Thumb Code    26  __scatter_copy.o(!!handler_copy)
    __scatterload_zeroinit                   0x08000145   Thumb Code    28  __scatter_zi.o(!!handler_zi)
    _printf_f                                0x08000161   Thumb Code     0  _printf_f.o(.ARM.Collect$$_printf_percent$$00000003)
    _printf_percent                          0x08000161   Thumb Code     0  _printf_percent.o(.ARM.Collect$$_printf_percent$$00000000)
    _printf_d                                0x08000167   Thumb Code     0  _printf_d.o(.ARM.Collect$$_printf_percent$$00000009)
    _printf_percent_end                      0x0800016d   Thumb Code     0  _printf_percent_end.o(.ARM.Collect$$_printf_percent$$00000017)
    __rt_lib_init                            0x08000171   Thumb Code     0  libinit.o(.ARM.Collect$$libinit$$00000000)
    __rt_lib_init_fp_1                       0x08000173   Thumb Code     0  libinit2.o(.ARM.Collect$$libinit$$00000002)
    __rt_lib_init_heap_1                     0x08000173   Thumb Code     0  libinit2.o(.ARM.Collect$$libinit$$0000000A)
    __rt_lib_init_lc_common                  0x08000173   Thumb Code     0  libinit2.o(.ARM.Collect$$libinit$$0000000F)
    __rt_lib_init_preinit_1                  0x08000173   Thumb Code     0  libinit2.o(.ARM.Collect$$libinit$$00000004)
    __rt_lib_init_rand_1                     0x08000173   Thumb Code     0  libinit2.o(.ARM.Collect$$libinit$$0000000E)
    __rt_lib_init_user_alloc_1               0x08000173   Thumb Code     0  libinit2.o(.ARM.Collect$$libinit$$0000000C)
    __rt_lib_init_lc_collate_1               0x08000179   Thumb Code     0  libinit2.o(.ARM.Collect$$libinit$$00000011)
    __rt_lib_init_lc_ctype_2                 0x08000179   Thumb Code     0  libinit2.o(.ARM.Collect$$libinit$$00000012)
    __rt_lib_init_lc_ctype_1                 0x08000185   Thumb Code     0  libinit2.o(.ARM.Collect$$libinit$$00000013)
    __rt_lib_init_lc_monetary_1              0x08000185   Thumb Code     0  libinit2.o(.ARM.Collect$$libinit$$00000015)
    __rt_lib_init_lc_numeric_2               0x08000185   Thumb Code     0  libinit2.o(.ARM.Collect$$libinit$$00000016)
    __rt_lib_init_alloca_1                   0x0800018f   Thumb Code     0  libinit2.o(.ARM.Collect$$libinit$$0000002E)
    __rt_lib_init_argv_1                     0x0800018f   Thumb Code     0  libinit2.o(.ARM.Collect$$libinit$$0000002C)
    __rt_lib_init_atexit_1                   0x0800018f   Thumb Code     0  libinit2.o(.ARM.Collect$$libinit$$0000001B)
    __rt_lib_init_clock_1                    0x0800018f   Thumb Code     0  libinit2.o(.ARM.Collect$$libinit$$00000021)
    __rt_lib_init_cpp_1                      0x0800018f   Thumb Code     0  libinit2.o(.ARM.Collect$$libinit$$00000032)
    __rt_lib_init_exceptions_1               0x0800018f   Thumb Code     0  libinit2.o(.ARM.Collect$$libinit$$00000030)
    __rt_lib_init_fp_trap_1                  0x0800018f   Thumb Code     0  libinit2.o(.ARM.Collect$$libinit$$0000001F)
    __rt_lib_init_getenv_1                   0x0800018f   Thumb Code     0  libinit2.o(.ARM.Collect$$libinit$$00000023)
    __rt_lib_init_lc_numeric_1               0x0800018f   Thumb Code     0  libinit2.o(.ARM.Collect$$libinit$$00000017)
    __rt_lib_init_lc_time_1                  0x0800018f   Thumb Code     0  libinit2.o(.ARM.Collect$$libinit$$00000019)
    __rt_lib_init_return                     0x0800018f   Thumb Code     0  libinit2.o(.ARM.Collect$$libinit$$00000033)
    __rt_lib_init_signal_1                   0x0800018f   Thumb Code     0  libinit2.o(.ARM.Collect$$libinit$$0000001D)
    __rt_lib_init_stdio_1                    0x0800018f   Thumb Code     0  libinit2.o(.ARM.Collect$$libinit$$00000025)
    __rt_lib_shutdown                        0x08000191   Thumb Code     0  libshutdown.o(.ARM.Collect$$libshutdown$$00000000)
    __rt_lib_shutdown_cpp_1                  0x08000193   Thumb Code     0  libshutdown2.o(.ARM.Collect$$libshutdown$$00000002)
    __rt_lib_shutdown_fp_trap_1              0x08000193   Thumb Code     0  libshutdown2.o(.ARM.Collect$$libshutdown$$00000007)
    __rt_lib_shutdown_heap_1                 0x08000193   Thumb Code     0  libshutdown2.o(.ARM.Collect$$libshutdown$$0000000F)
    __rt_lib_shutdown_return                 0x08000193   Thumb Code     0  libshutdown2.o(.ARM.Collect$$libshutdown$$00000010)
    __rt_lib_shutdown_signal_1               0x08000193   Thumb Code     0  libshutdown2.o(.ARM.Collect$$libshutdown$$0000000A)
    __rt_lib_shutdown_stdio_1                0x08000193   Thumb Code     0  libshutdown2.o(.ARM.Collect$$libshutdown$$00000004)
    __rt_lib_shutdown_user_alloc_1           0x08000193   Thumb Code     0  libshutdown2.o(.ARM.Collect$$libshutdown$$0000000C)
    __rt_entry                               0x08000195   Thumb Code     0  __rtentry.o(.ARM.Collect$$rtentry$$00000000)
    __rt_entry_presh_1                       0x08000195   Thumb Code     0  __rtentry2.o(.ARM.Collect$$rtentry$$00000002)
    __rt_entry_sh                            0x08000195   Thumb Code     0  __rtentry4.o(.ARM.Collect$$rtentry$$00000004)
    __rt_entry_li                            0x0800019b   Thumb Code     0  __rtentry2.o(.ARM.Collect$$rtentry$$0000000A)
    __rt_entry_postsh_1                      0x0800019b   Thumb Code     0  __rtentry2.o(.ARM.Collect$$rtentry$$00000009)
    __rt_entry_main                          0x0800019f   Thumb Code     0  __rtentry2.o(.ARM.Collect$$rtentry$$0000000D)
    __rt_entry_postli_1                      0x0800019f   Thumb Code     0  __rtentry2.o(.ARM.Collect$$rtentry$$0000000C)
    __rt_exit                                0x080001a7   Thumb Code     0  rtexit.o(.ARM.Collect$$rtexit$$00000000)
    __rt_exit_ls                             0x080001a9   Thumb Code     0  rtexit2.o(.ARM.Collect$$rtexit$$00000003)
    __rt_exit_prels_1                        0x080001a9   Thumb Code     0  rtexit2.o(.ARM.Collect$$rtexit$$00000002)
    __rt_exit_exit                           0x080001ad   Thumb Code     0  rtexit2.o(.ARM.Collect$$rtexit$$00000004)
    Reset_Handler                            0x080001b5   Thumb Code     8  startup_stm32f103xb.o(.text)
    ADC1_2_IRQHandler                        0x080001cf   Thumb Code     0  startup_stm32f103xb.o(.text)
    CAN1_RX1_IRQHandler                      0x080001cf   Thumb Code     0  startup_stm32f103xb.o(.text)
    CAN1_SCE_IRQHandler                      0x080001cf   Thumb Code     0  startup_stm32f103xb.o(.text)
    DMA1_Channel1_IRQHandler                 0x080001cf   Thumb Code     0  startup_stm32f103xb.o(.text)
    DMA1_Channel2_IRQHandler                 0x080001cf   Thumb Code     0  startup_stm32f103xb.o(.text)
    DMA1_Channel3_IRQHandler                 0x080001cf   Thumb Code     0  startup_stm32f103xb.o(.text)
    DMA1_Channel6_IRQHandler                 0x080001cf   Thumb Code     0  startup_stm32f103xb.o(.text)
    DMA1_Channel7_IRQHandler                 0x080001cf   Thumb Code     0  startup_stm32f103xb.o(.text)
    EXTI0_IRQHandler                         0x080001cf   Thumb Code     0  startup_stm32f103xb.o(.text)
    EXTI15_10_IRQHandler                     0x080001cf   Thumb Code     0  startup_stm32f103xb.o(.text)
    EXTI1_IRQHandler                         0x080001cf   Thumb Code     0  startup_stm32f103xb.o(.text)
    EXTI2_IRQHandler                         0x080001cf   Thumb Code     0  startup_stm32f103xb.o(.text)
    EXTI3_IRQHandler                         0x080001cf   Thumb Code     0  startup_stm32f103xb.o(.text)
    EXTI4_IRQHandler                         0x080001cf   Thumb Code     0  startup_stm32f103xb.o(.text)
    EXTI9_5_IRQHandler                       0x080001cf   Thumb Code     0  startup_stm32f103xb.o(.text)
    FLASH_IRQHandler                         0x080001cf   Thumb Code     0  startup_stm32f103xb.o(.text)
    I2C1_ER_IRQHandler                       0x080001cf   Thumb Code     0  startup_stm32f103xb.o(.text)
    I2C1_EV_IRQHandler                       0x080001cf   Thumb Code     0  startup_stm32f103xb.o(.text)
    I2C2_ER_IRQHandler                       0x080001cf   Thumb Code     0  startup_stm32f103xb.o(.text)
    I2C2_EV_IRQHandler                       0x080001cf   Thumb Code     0  startup_stm32f103xb.o(.text)
    PVD_IRQHandler                           0x080001cf   Thumb Code     0  startup_stm32f103xb.o(.text)
    RCC_IRQHandler                           0x080001cf   Thumb Code     0  startup_stm32f103xb.o(.text)
    RTC_Alarm_IRQHandler                     0x080001cf   Thumb Code     0  startup_stm32f103xb.o(.text)
    RTC_IRQHandler                           0x080001cf   Thumb Code     0  startup_stm32f103xb.o(.text)
    SPI1_IRQHandler                          0x080001cf   Thumb Code     0  startup_stm32f103xb.o(.text)
    SPI2_IRQHandler                          0x080001cf   Thumb Code     0  startup_stm32f103xb.o(.text)
    TAMPER_IRQHandler                        0x080001cf   Thumb Code     0  startup_stm32f103xb.o(.text)
    TIM1_BRK_IRQHandler                      0x080001cf   Thumb Code     0  startup_stm32f103xb.o(.text)
    TIM1_CC_IRQHandler                       0x080001cf   Thumb Code     0  startup_stm32f103xb.o(.text)
    TIM1_TRG_COM_IRQHandler                  0x080001cf   Thumb Code     0  startup_stm32f103xb.o(.text)
    TIM1_UP_IRQHandler                       0x080001cf   Thumb Code     0  startup_stm32f103xb.o(.text)
    TIM2_IRQHandler                          0x080001cf   Thumb Code     0  startup_stm32f103xb.o(.text)
    TIM3_IRQHandler                          0x080001cf   Thumb Code     0  startup_stm32f103xb.o(.text)
    USART2_IRQHandler                        0x080001cf   Thumb Code     0  startup_stm32f103xb.o(.text)
    USART3_IRQHandler                        0x080001cf   Thumb Code     0  startup_stm32f103xb.o(.text)
    USBWakeUp_IRQHandler                     0x080001cf   Thumb Code     0  startup_stm32f103xb.o(.text)
    USB_HP_CAN1_TX_IRQHandler                0x080001cf   Thumb Code     0  startup_stm32f103xb.o(.text)
    USB_LP_CAN1_RX0_IRQHandler               0x080001cf   Thumb Code     0  startup_stm32f103xb.o(.text)
    WWDG_IRQHandler                          0x080001cf   Thumb Code     0  startup_stm32f103xb.o(.text)
    __user_initial_stackheap                 0x080001d1   Thumb Code     0  startup_stm32f103xb.o(.text)
    __2snprintf                              0x080001f5   Thumb Code    50  __2snprintf.o(.text)
    _printf_int_dec                          0x0800022d   Thumb Code   104  _printf_dec.o(.text)
    __printf                                 0x080002a5   Thumb Code   352  __printf_ss_wp.o(.text)
    __0sscanf                                0x08000405   Thumb Code    52  __0sscanf.o(.text)
    __aeabi_memcpy4                          0x08000441   Thumb Code     0  rt_memcpy_w.o(.text)
    __aeabi_memcpy8                          0x08000441   Thumb Code     0  rt_memcpy_w.o(.text)
    __rt_memcpy_w                            0x08000441   Thumb Code   100  rt_memcpy_w.o(.text)
    _memcpy_lastbytes_aligned                0x08000489   Thumb Code     0  rt_memcpy_w.o(.text)
    __aeabi_memclr4                          0x080004a5   Thumb Code     0  rt_memclr_w.o(.text)
    __aeabi_memclr8                          0x080004a5   Thumb Code     0  rt_memclr_w.o(.text)
    __rt_memclr_w                            0x080004a5   Thumb Code    78  rt_memclr_w.o(.text)
    _memset_w                                0x080004a9   Thumb Code     0  rt_memclr_w.o(.text)
    __use_two_region_memory                  0x080004f3   Thumb Code     2  heapauxi.o(.text)
    __rt_heap_escrow$2region                 0x080004f5   Thumb Code     2  heapauxi.o(.text)
    __rt_heap_expand$2region                 0x080004f7   Thumb Code     2  heapauxi.o(.text)
    _printf_int_common                       0x080004f9   Thumb Code   178  _printf_intcommon.o(.text)
    __lib_sel_fp_printf                      0x080005ab   Thumb Code     2  _printf_fp_dec.o(.text)
    _printf_fp_dec_real                      0x0800075d   Thumb Code   620  _printf_fp_dec.o(.text)
    _printf_char_common                      0x080009d3   Thumb Code    32  _printf_char_common.o(.text)
    _sputc                                   0x080009f9   Thumb Code    10  _sputc.o(.text)
    _snputc                                  0x08000a03   Thumb Code    16  _snputc.o(.text)
    _scanf_really_real                       0x08000c61   Thumb Code   684  scanf_fp.o(.text)
    __vfscanf_char                           0x08000f19   Thumb Code    24  scanf_char.o(.text)
    _sgetc                                   0x08000f39   Thumb Code    30  _sgetc.o(.text)
    _sbackspace                              0x08000f57   Thumb Code    34  _sgetc.o(.text)
    __rt_locale                              0x08000f79   Thumb Code     8  rt_locale_intlibspace.o(.text)
    __aeabi_errno_addr                       0x08000f81   Thumb Code     8  rt_errno_addr_intlibspace.o(.text)
    __errno$intlibspace                      0x08000f81   Thumb Code     0  rt_errno_addr_intlibspace.o(.text)
    __rt_errno_addr$intlibspace              0x08000f81   Thumb Code     0  rt_errno_addr_intlibspace.o(.text)
    _ll_udiv10                               0x08000f89   Thumb Code   138  lludiv10.o(.text)
    isspace                                  0x08001013   Thumb Code    18  isspace.o(.text)
    _printf_fp_infnan                        0x08001025   Thumb Code   112  _printf_fp_infnan.o(.text)
    __vfscanf                                0x080010a5   Thumb Code   878  _scanf.o(.text)
    _btod_etento                             0x08001419   Thumb Code   224  bigflt0.o(.text)
    __user_libspace                          0x080014fd   Thumb Code     8  libspace.o(.text)
    __user_perproc_libspace                  0x080014fd   Thumb Code     0  libspace.o(.text)
    __user_perthread_libspace                0x080014fd   Thumb Code     0  libspace.o(.text)
    __user_setup_stackheap                   0x08001505   Thumb Code    74  sys_stackheap_outer.o(.text)
    __rt_ctype_table                         0x08001551   Thumb Code    16  rt_ctype_table.o(.text)
    __read_errno                             0x08001561   Thumb Code    10  _rserrno.o(.text)
    __set_errno                              0x0800156b   Thumb Code    12  _rserrno.o(.text)
    _scanf_really_hex_real                   0x08001579   Thumb Code   786  scanf_hexfp.o(.text)
    _scanf_really_infnan                     0x08001899   Thumb Code   292  scanf_infnan.o(.text)
    exit                                     0x080019cd   Thumb Code    18  exit.o(.text)
    strcmp                                   0x080019e1   Thumb Code   128  strcmpv7m.o(.text)
    __aeabi_llsl                             0x08001a61   Thumb Code     0  llshl.o(.text)
    _ll_shift_l                              0x08001a61   Thumb Code    38  llshl.o(.text)
    _chval                                   0x08001a87   Thumb Code    28  _chval.o(.text)
    _sys_exit                                0x08001aa5   Thumb Code     8  sys_exit.o(.text)
    __I$use$semihosting                      0x08001ab1   Thumb Code     0  use_no_semi.o(.text)
    __use_no_semihosting_swi                 0x08001ab1   Thumb Code     2  use_no_semi.o(.text)
    __semihosting_library_function           0x08001ab3   Thumb Code     0  indicate_semi.o(.text)
    _btod_d2e                                0x08001ab3   Thumb Code    62  btod.o(CL$$btod_d2e)
    _d2e_denorm_low                          0x08001af1   Thumb Code    70  btod.o(CL$$btod_d2e_denorm_low)
    _d2e_norm_op1                            0x08001b37   Thumb Code    96  btod.o(CL$$btod_d2e_norm_op1)
    __btod_div_common                        0x08001b97   Thumb Code   696  btod.o(CL$$btod_div_common)
    _e2d                                     0x08001ed1   Thumb Code   122  btod.o(CL$$btod_e2d)
    _e2e                                     0x08001f55   Thumb Code   220  btod.o(CL$$btod_e2e)
    _btod_ediv                               0x08002031   Thumb Code    42  btod.o(CL$$btod_ediv)
    _btod_edivd                              0x0800205b   Thumb Code    42  btod.o(CL$$btod_edivd)
    _btod_emul                               0x08002085   Thumb Code    42  btod.o(CL$$btod_emul)
    _btod_emuld                              0x080020af   Thumb Code    42  btod.o(CL$$btod_emuld)
    __btod_mult_common                       0x080020d9   Thumb Code   580  btod.o(CL$$btod_mult_common)
    BusFault_Handler                         0x08002341   Thumb Code     4  stm32f1xx_it.o(i.BusFault_Handler)
    DMA1_Channel4_IRQHandler                 0x08002345   Thumb Code    10  stm32f1xx_it.o(i.DMA1_Channel4_IRQHandler)
    DMA1_Channel5_IRQHandler                 0x08002355   Thumb Code    10  stm32f1xx_it.o(i.DMA1_Channel5_IRQHandler)
    DataProcess_Task                         0x08002391   Thumb Code   376  main.o(i.DataProcess_Task)
    DebugMon_Handler                         0x08002599   Thumb Code     2  stm32f1xx_it.o(i.DebugMon_Handler)
    Error_Handler                            0x080025c1   Thumb Code     6  main.o(i.Error_Handler)
    HAL_DMA_Abort                            0x080025c7   Thumb Code    86  stm32f1xx_hal_dma.o(i.HAL_DMA_Abort)
    HAL_DMA_Abort_IT                         0x0800261d   Thumb Code   172  stm32f1xx_hal_dma.o(i.HAL_DMA_Abort_IT)
    HAL_DMA_IRQHandler                       0x080026cd   Thumb Code   408  stm32f1xx_hal_dma.o(i.HAL_DMA_IRQHandler)
    HAL_DMA_Init                             0x08002869   Thumb Code   100  stm32f1xx_hal_dma.o(i.HAL_DMA_Init)
    HAL_DMA_Start_IT                         0x080028d1   Thumb Code   156  stm32f1xx_hal_dma.o(i.HAL_DMA_Start_IT)
    HAL_Delay                                0x0800296d   Thumb Code    36  stm32f1xx_hal.o(i.HAL_Delay)
    HAL_GPIO_Init                            0x08002995   Thumb Code   766  stm32f1xx_hal_gpio.o(i.HAL_GPIO_Init)
    HAL_GPIO_WritePin                        0x08002cb5   Thumb Code    12  stm32f1xx_hal_gpio.o(i.HAL_GPIO_WritePin)
    HAL_GetTick                              0x08002cc1   Thumb Code     6  stm32f1xx_hal.o(i.HAL_GetTick)
    HAL_IncTick                              0x08002ccd   Thumb Code    16  stm32f1xx_hal.o(i.HAL_IncTick)
    HAL_Init                                 0x08002ce5   Thumb Code    34  stm32f1xx_hal.o(i.HAL_Init)
    HAL_InitTick                             0x08002d0d   Thumb Code    64  stm32f1xx_hal.o(i.HAL_InitTick)
    HAL_MspInit                              0x08002d59   Thumb Code    76  stm32f1xx_hal_msp.o(i.HAL_MspInit)
    HAL_NVIC_EnableIRQ                       0x08002dad   Thumb Code    32  stm32f1xx_hal_cortex.o(i.HAL_NVIC_EnableIRQ)
    HAL_NVIC_SetPriority                     0x08002dcd   Thumb Code   124  stm32f1xx_hal_cortex.o(i.HAL_NVIC_SetPriority)
    HAL_NVIC_SetPriorityGrouping             0x08002e49   Thumb Code    32  stm32f1xx_hal_cortex.o(i.HAL_NVIC_SetPriorityGrouping)
    HAL_RCC_ClockConfig                      0x08002e71   Thumb Code   376  stm32f1xx_hal_rcc.o(i.HAL_RCC_ClockConfig)
    HAL_RCC_GetHCLKFreq                      0x08002ffd   Thumb Code     6  stm32f1xx_hal_rcc.o(i.HAL_RCC_GetHCLKFreq)
    HAL_RCC_GetPCLK1Freq                     0x08003009   Thumb Code    22  stm32f1xx_hal_rcc.o(i.HAL_RCC_GetPCLK1Freq)
    HAL_RCC_GetPCLK2Freq                     0x08003029   Thumb Code    22  stm32f1xx_hal_rcc.o(i.HAL_RCC_GetPCLK2Freq)
    HAL_RCC_GetSysClockFreq                  0x08003049   Thumb Code    92  stm32f1xx_hal_rcc.o(i.HAL_RCC_GetSysClockFreq)
    HAL_RCC_OscConfig                        0x080030b9   Thumb Code  1118  stm32f1xx_hal_rcc.o(i.HAL_RCC_OscConfig)
    HAL_SYSTICK_Config                       0x08003521   Thumb Code    52  stm32f1xx_hal_cortex.o(i.HAL_SYSTICK_Config)
    HAL_TIMEx_BreakCallback                  0x08003555   Thumb Code     2  stm32f1xx_hal_tim_ex.o(i.HAL_TIMEx_BreakCallback)
    HAL_TIMEx_CommutCallback                 0x08003557   Thumb Code     2  stm32f1xx_hal_tim_ex.o(i.HAL_TIMEx_CommutCallback)
    HAL_TIMEx_ConfigBreakDeadTime            0x08003559   Thumb Code   116  stm32f1xx_hal_tim_ex.o(i.HAL_TIMEx_ConfigBreakDeadTime)
    HAL_TIMEx_MasterConfigSynchronization    0x080035cd   Thumb Code   118  stm32f1xx_hal_tim_ex.o(i.HAL_TIMEx_MasterConfigSynchronization)
    HAL_TIM_Base_Init                        0x08003651   Thumb Code   102  stm32f1xx_hal_tim.o(i.HAL_TIM_Base_Init)
    HAL_TIM_Base_MspInit                     0x080036b9   Thumb Code    58  tim.o(i.HAL_TIM_Base_MspInit)
    HAL_TIM_Base_Start_IT                    0x080036fd   Thumb Code   106  stm32f1xx_hal_tim.o(i.HAL_TIM_Base_Start_IT)
    HAL_TIM_ConfigClockSource                0x08003775   Thumb Code   268  stm32f1xx_hal_tim.o(i.HAL_TIM_ConfigClockSource)
    HAL_TIM_Encoder_Init                     0x08003881   Thumb Code   196  stm32f1xx_hal_tim.o(i.HAL_TIM_Encoder_Init)
    HAL_TIM_Encoder_MspInit                  0x08003945   Thumb Code   182  tim.o(i.HAL_TIM_Encoder_MspInit)
    HAL_TIM_Encoder_Start                    0x08003a09   Thumb Code   204  stm32f1xx_hal_tim.o(i.HAL_TIM_Encoder_Start)
    HAL_TIM_IC_CaptureCallback               0x08003ad5   Thumb Code     2  stm32f1xx_hal_tim.o(i.HAL_TIM_IC_CaptureCallback)
    HAL_TIM_IRQHandler                       0x08003ad7   Thumb Code   364  stm32f1xx_hal_tim.o(i.HAL_TIM_IRQHandler)
    HAL_TIM_MspPostInit                      0x08003c45   Thumb Code    76  tim.o(i.HAL_TIM_MspPostInit)
    HAL_TIM_OC_DelayElapsedCallback          0x08003c9d   Thumb Code     2  stm32f1xx_hal_tim.o(i.HAL_TIM_OC_DelayElapsedCallback)
    HAL_TIM_PWM_ConfigChannel                0x08003c9f   Thumb Code   260  stm32f1xx_hal_tim.o(i.HAL_TIM_PWM_ConfigChannel)
    HAL_TIM_PWM_Init                         0x08003da3   Thumb Code   102  stm32f1xx_hal_tim.o(i.HAL_TIM_PWM_Init)
    HAL_TIM_PWM_MspInit                      0x08003e09   Thumb Code    40  tim.o(i.HAL_TIM_PWM_MspInit)
    HAL_TIM_PWM_PulseFinishedCallback        0x08003e39   Thumb Code     2  stm32f1xx_hal_tim.o(i.HAL_TIM_PWM_PulseFinishedCallback)
    HAL_TIM_PWM_Start                        0x08003e3d   Thumb Code   198  stm32f1xx_hal_tim.o(i.HAL_TIM_PWM_Start)
    HAL_TIM_PeriodElapsedCallback            0x08003f11   Thumb Code   192  main.o(i.HAL_TIM_PeriodElapsedCallback)
    HAL_TIM_TriggerCallback                  0x08004005   Thumb Code     2  stm32f1xx_hal_tim.o(i.HAL_TIM_TriggerCallback)
    HAL_UARTEx_ReceiveToIdle_DMA             0x08004007   Thumb Code   112  stm32f1xx_hal_uart.o(i.HAL_UARTEx_ReceiveToIdle_DMA)
    HAL_UARTEx_RxEventCallback               0x08004079   Thumb Code    68  main.o(i.HAL_UARTEx_RxEventCallback)
    HAL_UART_ErrorCallback                   0x080040d1   Thumb Code     2  stm32f1xx_hal_uart.o(i.HAL_UART_ErrorCallback)
    HAL_UART_IRQHandler                      0x080040d5   Thumb Code   736  stm32f1xx_hal_uart.o(i.HAL_UART_IRQHandler)
    HAL_UART_Init                            0x080043b9   Thumb Code   118  stm32f1xx_hal_uart.o(i.HAL_UART_Init)
    HAL_UART_MspInit                         0x08004431   Thumb Code   256  usart.o(i.HAL_UART_MspInit)
    HAL_UART_RxCpltCallback                  0x0800454d   Thumb Code     2  stm32f1xx_hal_uart.o(i.HAL_UART_RxCpltCallback)
    HAL_UART_RxHalfCpltCallback              0x0800454f   Thumb Code     2  stm32f1xx_hal_uart.o(i.HAL_UART_RxHalfCpltCallback)
    HAL_UART_Transmit_DMA                    0x08004551   Thumb Code   128  stm32f1xx_hal_uart.o(i.HAL_UART_Transmit_DMA)
    HAL_UART_TxCpltCallback                  0x080045dd   Thumb Code     2  stm32f1xx_hal_uart.o(i.HAL_UART_TxCpltCallback)
    HAL_UART_TxHalfCpltCallback              0x080045df   Thumb Code     2  stm32f1xx_hal_uart.o(i.HAL_UART_TxHalfCpltCallback)
    HardFault_Handler                        0x080045e1   Thumb Code     4  stm32f1xx_it.o(i.HardFault_Handler)
    MX_DMA_Init                              0x080045e5   Thumb Code    64  dma.o(i.MX_DMA_Init)
    MX_GPIO_Init                             0x08004629   Thumb Code   174  gpio.o(i.MX_GPIO_Init)
    MX_TIM1_Init                             0x080046e5   Thumb Code   182  tim.o(i.MX_TIM1_Init)
    MX_TIM2_Init                             0x080047a5   Thumb Code   116  tim.o(i.MX_TIM2_Init)
    MX_TIM3_Init                             0x0800481d   Thumb Code   120  tim.o(i.MX_TIM3_Init)
    MX_TIM4_Init                             0x0800489d   Thumb Code   102  tim.o(i.MX_TIM4_Init)
    MX_USART1_UART_Init                      0x0800490d   Thumb Code    46  usart.o(i.MX_USART1_UART_Init)
    MemManage_Handler                        0x08004945   Thumb Code     4  stm32f1xx_it.o(i.MemManage_Handler)
    NMI_Handler                              0x08004949   Thumb Code     4  stm32f1xx_it.o(i.NMI_Handler)
    PID_Clear                                0x0800494d   Thumb Code    36  main.o(i.PID_Clear)
    PendSV_Handler                           0x0800497d   Thumb Code     2  stm32f1xx_it.o(i.PendSV_Handler)
    Position_PID_Calc                        0x0800497f   Thumb Code   164  pid.o(i.Position_PID_Calc)
    Position_PID_Init                        0x08004a23   Thumb Code    32  pid.o(i.Position_PID_Init)
    SVC_Handler                              0x08004a6d   Thumb Code     2  stm32f1xx_it.o(i.SVC_Handler)
    Speed_PID_Calc                           0x08004a6f   Thumb Code   164  pid.o(i.Speed_PID_Calc)
    Speed_PID_Init                           0x08004b13   Thumb Code    32  pid.o(i.Speed_PID_Init)
    SysTick_Handler                          0x08004b33   Thumb Code     8  stm32f1xx_it.o(i.SysTick_Handler)
    SystemClock_Config                       0x08004b3b   Thumb Code   102  main.o(i.SystemClock_Config)
    SystemInit                               0x08004ba1   Thumb Code     2  system_stm32f1xx.o(i.SystemInit)
    TIM4_IRQHandler                          0x08004ba5   Thumb Code    10  stm32f1xx_it.o(i.TIM4_IRQHandler)
    TIM_Base_SetConfig                       0x08004bb5   Thumb Code   120  stm32f1xx_hal_tim.o(i.TIM_Base_SetConfig)
    TIM_CCxChannelCmd                        0x08004c39   Thumb Code    34  stm32f1xx_hal_tim.o(i.TIM_CCxChannelCmd)
    TIM_ETR_SetConfig                        0x08004c5b   Thumb Code    22  stm32f1xx_hal_tim.o(i.TIM_ETR_SetConfig)
    TIM_OC2_SetConfig                        0x08004ce5   Thumb Code   100  stm32f1xx_hal_tim.o(i.TIM_OC2_SetConfig)
    UART_Start_Receive_DMA                   0x080052c5   Thumb Code   186  stm32f1xx_hal_uart.o(i.UART_Start_Receive_DMA)
    USART1_IRQHandler                        0x080053ed   Thumb Code    10  stm32f1xx_it.o(i.USART1_IRQHandler)
    UsageFault_Handler                       0x080053fd   Thumb Code     4  stm32f1xx_it.o(i.UsageFault_Handler)
    __ARM_fpclassify                         0x08005401   Thumb Code    40  fpclassify.o(i.__ARM_fpclassify)
    __mathlib_dbl_overflow                   0x08005461   Thumb Code    14  dunder.o(i.__mathlib_dbl_overflow)
    __mathlib_dbl_underflow                  0x08005471   Thumb Code    10  dunder.o(i.__mathlib_dbl_underflow)
    __mathlib_narrow                         0x08005481   Thumb Code    16  narrow.o(i.__mathlib_narrow)
    __mathlib_tofloat                        0x08005491   Thumb Code   184  narrow.o(i.__mathlib_tofloat)
    __support_ldexp                          0x0800554d   Thumb Code    22  ldexp.o(i.__support_ldexp)
    _is_digit                                0x08005563   Thumb Code    14  __printf_wp.o(i._is_digit)
    frexp                                    0x08005571   Thumb Code    80  frexp.o(i.frexp)
    ldexp                                    0x080055c9   Thumb Code   116  ldexp.o(i.ldexp)
    main                                     0x0800563d   Thumb Code   314  main.o(i.main)
    motor_ctrl                               0x080057d1   Thumb Code    84  motor.o(i.motor_ctrl)
    motor_init                               0x08005831   Thumb Code   310  motor.o(i.motor_init)
    _get_lc_numeric                          0x08005985   Thumb Code    44  lc_numeric_c.o(locale$$code)
    _get_lc_ctype                            0x080059b1   Thumb Code    44  lc_ctype_c.o(locale$$code)
    __aeabi_d2f                              0x080059dd   Thumb Code     0  d2f.o(x$fpl$d2f)
    _d2f                                     0x080059dd   Thumb Code    98  d2f.o(x$fpl$d2f)
    __fpl_dcheck_NaN1                        0x08005a41   Thumb Code    10  dcheck1.o(x$fpl$dcheck1)
    __fpl_dcmp_Inf                           0x08005a51   Thumb Code    24  dcmpi.o(x$fpl$dcmpinf)
    __aeabi_cdcmpeq                          0x08005a69   Thumb Code     0  deqf.o(x$fpl$deqf)
    _dcmpeq                                  0x08005a69   Thumb Code   120  deqf.o(x$fpl$deqf)
    __aeabi_cdcmple                          0x08005ae1   Thumb Code     0  dleqf.o(x$fpl$dleqf)
    _dcmple                                  0x08005ae1   Thumb Code   120  dleqf.o(x$fpl$dleqf)
    __fpl_dcmple_InfNaN                      0x08005b43   Thumb Code     0  dleqf.o(x$fpl$dleqf)
    __fpl_dnaninf                            0x08005b59   Thumb Code   156  dnaninf.o(x$fpl$dnaninf)
    __fpl_dretinf                            0x08005bf5   Thumb Code    12  dretinf.o(x$fpl$dretinf)
    __aeabi_cdrcmple                         0x08005c01   Thumb Code     0  drleqf.o(x$fpl$drleqf)
    _drcmple                                 0x08005c01   Thumb Code   108  drleqf.o(x$fpl$drleqf)
    __aeabi_f2d                              0x08005c6d   Thumb Code     0  f2d.o(x$fpl$f2d)
    _f2d                                     0x08005c6d   Thumb Code    86  f2d.o(x$fpl$f2d)
    __aeabi_fdiv                             0x08005cc5   Thumb Code     0  fdiv.o(x$fpl$fdiv)
    _fdiv                                    0x08005cc5   Thumb Code   384  fdiv.o(x$fpl$fdiv)
    __aeabi_f2iz                             0x08005e49   Thumb Code     0  ffix.o(x$fpl$ffix)
    _ffix                                    0x08005e49   Thumb Code    54  ffix.o(x$fpl$ffix)
    __aeabi_i2f                              0x08005e81   Thumb Code     0  fflt_clz.o(x$fpl$fflt)
    _fflt                                    0x08005e81   Thumb Code    48  fflt_clz.o(x$fpl$fflt)
    __aeabi_fmul                             0x08005eb1   Thumb Code     0  fmul.o(x$fpl$fmul)
    _fmul                                    0x08005eb1   Thumb Code   258  fmul.o(x$fpl$fmul)
    __fpl_fnaninf                            0x08005fb3   Thumb Code   140  fnaninf.o(x$fpl$fnaninf)
    __fpl_fretinf                            0x0800603f   Thumb Code    10  fretinf.o(x$fpl$fretinf)
    __ieee_status                            0x08006049   Thumb Code     6  istatus.o(x$fpl$ieeestatus)
    _printf_fp_dec                           0x0800604f   Thumb Code     4  printf1.o(x$fpl$printf1)
    __fpl_return_NaN                         0x08006053   Thumb Code   100  retnan.o(x$fpl$retnan)
    __ARM_scalbn                             0x080060b7   Thumb Code    92  scalbn.o(x$fpl$scalbn)
    _scanf_real                              0x08006113   Thumb Code     4  scanf1.o(x$fpl$scanf1)
    _scanf_hex_real                          0x08006117   Thumb Code     4  scanf2.o(x$fpl$scanf2)
    _scanf_infnan                            0x0800611b   Thumb Code     4  scanf2.o(x$fpl$scanf2)
    __fpl_cmpreturn                          0x0800611f   Thumb Code    48  trapv.o(x$fpl$trapveneer)
    __I$use$fp                               0x0800614e   Number         0  usenofp.o(x$fpl$usenofp)
    AHBPrescTable                            0x08006160   Data          16  system_stm32f1xx.o(.constdata)
    APBPrescTable                            0x08006170   Data           8  system_stm32f1xx.o(.constdata)
    Region$$Table$$Base                      0x0800620c   Number         0  anon$$obj.o(Region$$Table)
    Region$$Table$$Limit                     0x0800622c   Number         0  anon$$obj.o(Region$$Table)
    __aeabi_HUGE_VAL                         0x0800622c   Data           0  fpconst.o(c$$dinf)
    __aeabi_HUGE_VALL                        0x0800622c   Data           0  fpconst.o(c$$dinf)
    __aeabi_INFINITY                         0x0800622c   Data           0  fpconst.o(c$$dinf)
    __dInf                                   0x0800622c   Data           0  fpconst.o(c$$dinf)
    __huge_val                               0x0800622c   Data           0  fpconst.o(c$$dinf)
    __dbl_max                                0x08006234   Data           0  fpconst.o(c$$dmax)
    __ctype                                  0x08006265   Data           0  lc_ctype_c.o(locale$$data)
    position_loop_enable                     0x20000000   Data           1  motor.o(.data)
    speed_loop_enable                        0x20000001   Data           1  motor.o(.data)
    z_homed                                  0x20000002   Data           1  motor.o(.data)
    Encoder_NewCnt                           0x20000004   Data           2  main.o(.data)
    Encoder_TotalCnt                         0x20000008   Data           4  main.o(.data)
    R_S                                      0x2000000c   Data           4  main.o(.data)
    PWM                                      0x20000010   Data           2  main.o(.data)
    uart_dma_tick                            0x20000014   Data           4  main.o(.data)
    data_process_tick                        0x20000018   Data           4  main.o(.data)
    angle                                    0x2000001c   Data           4  main.o(.data)
    target_angle                             0x20000020   Data           4  main.o(.data)
    uart_rx_length                           0x20000024   Data           2  main.o(.data)
    uart_rx_frame_ready                      0x20000026   Data           1  main.o(.data)
    uwTick                                   0x20000028   Data           4  stm32f1xx_hal.o(.data)
    uwTickPrio                               0x2000002c   Data           4  stm32f1xx_hal.o(.data)
    uwTickFreq                               0x20000030   Data           1  stm32f1xx_hal.o(.data)
    SystemCoreClock                          0x20000034   Data           4  system_stm32f1xx.o(.data)
    speed_pid                                0x20000038   Data          44  main.o(.bss)
    position_pid                             0x20000064   Data          44  main.o(.bss)
    tx_buffer                                0x20000090   Data          96  main.o(.bss)
    rx_buffer                                0x200000f0   Data          64  main.o(.bss)
    safe_buffer                              0x20000130   Data          64  main.o(.bss)
    htim1                                    0x20000170   Data          72  tim.o(.bss)
    htim2                                    0x200001b8   Data          72  tim.o(.bss)
    htim3                                    0x20000200   Data          72  tim.o(.bss)
    htim4                                    0x20000248   Data          72  tim.o(.bss)
    huart1                                   0x20000290   Data          72  usart.o(.bss)
    hdma_usart1_rx                           0x200002d8   Data          68  usart.o(.bss)
    hdma_usart1_tx                           0x2000031c   Data          68  usart.o(.bss)
    __libspace_start                         0x20000360   Data          96  libspace.o(.bss)
    __temporary_stack_top$libspace           0x200003c0   Data           0  libspace.o(.bss)



==============================================================================

Memory Map of the image

  Image Entry point : 0x080000ed

  Load Region LR_IROM1 (Base: 0x08000000, Size: 0x000063a0, Max: 0x00010000, ABSOLUTE)

    Execution Region ER_IROM1 (Exec base: 0x08000000, Load base: 0x08000000, Size: 0x00006368, Max: 0x00010000, ABSOLUTE)

    Exec Addr    Load Addr    Size         Type   Attr      Idx    E Section Name        Object

    0x08000000   0x08000000   0x000000ec   Data   RO            3    RESET               startup_stm32f103xb.o
    0x080000ec   0x080000ec   0x00000008   Code   RO         3069  * !!!main             c_w.l(__main.o)
    0x080000f4   0x080000f4   0x00000034   Code   RO         3420    !!!scatter          c_w.l(__scatter.o)
    0x08000128   0x08000128   0x0000001a   Code   RO         3422    !!handler_copy      c_w.l(__scatter_copy.o)
    0x08000142   0x08000142   0x00000002   PAD
    0x08000144   0x08000144   0x0000001c   Code   RO         3424    !!handler_zi        c_w.l(__scatter_zi.o)
    0x08000160   0x08000160   0x00000000   Code   RO         3060    .ARM.Collect$$_printf_percent$$00000000  c_w.l(_printf_percent.o)
    0x08000160   0x08000160   0x00000006   Code   RO         3059    .ARM.Collect$$_printf_percent$$00000003  c_w.l(_printf_f.o)
    0x08000166   0x08000166   0x00000006   Code   RO         3058    .ARM.Collect$$_printf_percent$$00000009  c_w.l(_printf_d.o)
    0x0800016c   0x0800016c   0x00000004   Code   RO         3104    .ARM.Collect$$_printf_percent$$00000017  c_w.l(_printf_percent_end.o)
    0x08000170   0x08000170   0x00000002   Code   RO         3223    .ARM.Collect$$libinit$$00000000  c_w.l(libinit.o)
    0x08000172   0x08000172   0x00000000   Code   RO         3225    .ARM.Collect$$libinit$$00000002  c_w.l(libinit2.o)
    0x08000172   0x08000172   0x00000000   Code   RO         3227    .ARM.Collect$$libinit$$00000004  c_w.l(libinit2.o)
    0x08000172   0x08000172   0x00000000   Code   RO         3230    .ARM.Collect$$libinit$$0000000A  c_w.l(libinit2.o)
    0x08000172   0x08000172   0x00000000   Code   RO         3232    .ARM.Collect$$libinit$$0000000C  c_w.l(libinit2.o)
    0x08000172   0x08000172   0x00000000   Code   RO         3234    .ARM.Collect$$libinit$$0000000E  c_w.l(libinit2.o)
    0x08000172   0x08000172   0x00000006   Code   RO         3235    .ARM.Collect$$libinit$$0000000F  c_w.l(libinit2.o)
    0x08000178   0x08000178   0x00000000   Code   RO         3237    .ARM.Collect$$libinit$$00000011  c_w.l(libinit2.o)
    0x08000178   0x08000178   0x0000000c   Code   RO         3238    .ARM.Collect$$libinit$$00000012  c_w.l(libinit2.o)
    0x08000184   0x08000184   0x00000000   Code   RO         3239    .ARM.Collect$$libinit$$00000013  c_w.l(libinit2.o)
    0x08000184   0x08000184   0x00000000   Code   RO         3241    .ARM.Collect$$libinit$$00000015  c_w.l(libinit2.o)
    0x08000184   0x08000184   0x0000000a   Code   RO         3242    .ARM.Collect$$libinit$$00000016  c_w.l(libinit2.o)
    0x0800018e   0x0800018e   0x00000000   Code   RO         3243    .ARM.Collect$$libinit$$00000017  c_w.l(libinit2.o)
    0x0800018e   0x0800018e   0x00000000   Code   RO         3245    .ARM.Collect$$libinit$$00000019  c_w.l(libinit2.o)
    0x0800018e   0x0800018e   0x00000000   Code   RO         3247    .ARM.Collect$$libinit$$0000001B  c_w.l(libinit2.o)
    0x0800018e   0x0800018e   0x00000000   Code   RO         3249    .ARM.Collect$$libinit$$0000001D  c_w.l(libinit2.o)
    0x0800018e   0x0800018e   0x00000000   Code   RO         3251    .ARM.Collect$$libinit$$0000001F  c_w.l(libinit2.o)
    0x0800018e   0x0800018e   0x00000000   Code   RO         3253    .ARM.Collect$$libinit$$00000021  c_w.l(libinit2.o)
    0x0800018e   0x0800018e   0x00000000   Code   RO         3255    .ARM.Collect$$libinit$$00000023  c_w.l(libinit2.o)
    0x0800018e   0x0800018e   0x00000000   Code   RO         3257    .ARM.Collect$$libinit$$00000025  c_w.l(libinit2.o)
    0x0800018e   0x0800018e   0x00000000   Code   RO         3261    .ARM.Collect$$libinit$$0000002C  c_w.l(libinit2.o)
    0x0800018e   0x0800018e   0x00000000   Code   RO         3263    .ARM.Collect$$libinit$$0000002E  c_w.l(libinit2.o)
    0x0800018e   0x0800018e   0x00000000   Code   RO         3265    .ARM.Collect$$libinit$$00000030  c_w.l(libinit2.o)
    0x0800018e   0x0800018e   0x00000000   Code   RO         3267    .ARM.Collect$$libinit$$00000032  c_w.l(libinit2.o)
    0x0800018e   0x0800018e   0x00000002   Code   RO         3268    .ARM.Collect$$libinit$$00000033  c_w.l(libinit2.o)
    0x08000190   0x08000190   0x00000002   Code   RO         3352    .ARM.Collect$$libshutdown$$00000000  c_w.l(libshutdown.o)
    0x08000192   0x08000192   0x00000000   Code   RO         3377    .ARM.Collect$$libshutdown$$00000002  c_w.l(libshutdown2.o)
    0x08000192   0x08000192   0x00000000   Code   RO         3379    .ARM.Collect$$libshutdown$$00000004  c_w.l(libshutdown2.o)
    0x08000192   0x08000192   0x00000000   Code   RO         3382    .ARM.Collect$$libshutdown$$00000007  c_w.l(libshutdown2.o)
    0x08000192   0x08000192   0x00000000   Code   RO         3385    .ARM.Collect$$libshutdown$$0000000A  c_w.l(libshutdown2.o)
    0x08000192   0x08000192   0x00000000   Code   RO         3387    .ARM.Collect$$libshutdown$$0000000C  c_w.l(libshutdown2.o)
    0x08000192   0x08000192   0x00000000   Code   RO         3390    .ARM.Collect$$libshutdown$$0000000F  c_w.l(libshutdown2.o)
    0x08000192   0x08000192   0x00000002   Code   RO         3391    .ARM.Collect$$libshutdown$$00000010  c_w.l(libshutdown2.o)
    0x08000194   0x08000194   0x00000000   Code   RO         3093    .ARM.Collect$$rtentry$$00000000  c_w.l(__rtentry.o)
    0x08000194   0x08000194   0x00000000   Code   RO         3119    .ARM.Collect$$rtentry$$00000002  c_w.l(__rtentry2.o)
    0x08000194   0x08000194   0x00000006   Code   RO         3131    .ARM.Collect$$rtentry$$00000004  c_w.l(__rtentry4.o)
    0x0800019a   0x0800019a   0x00000000   Code   RO         3121    .ARM.Collect$$rtentry$$00000009  c_w.l(__rtentry2.o)
    0x0800019a   0x0800019a   0x00000004   Code   RO         3122    .ARM.Collect$$rtentry$$0000000A  c_w.l(__rtentry2.o)
    0x0800019e   0x0800019e   0x00000000   Code   RO         3124    .ARM.Collect$$rtentry$$0000000C  c_w.l(__rtentry2.o)
    0x0800019e   0x0800019e   0x00000008   Code   RO         3125    .ARM.Collect$$rtentry$$0000000D  c_w.l(__rtentry2.o)
    0x080001a6   0x080001a6   0x00000002   Code   RO         3279    .ARM.Collect$$rtexit$$00000000  c_w.l(rtexit.o)
    0x080001a8   0x080001a8   0x00000000   Code   RO         3313    .ARM.Collect$$rtexit$$00000002  c_w.l(rtexit2.o)
    0x080001a8   0x080001a8   0x00000004   Code   RO         3314    .ARM.Collect$$rtexit$$00000003  c_w.l(rtexit2.o)
    0x080001ac   0x080001ac   0x00000006   Code   RO         3315    .ARM.Collect$$rtexit$$00000004  c_w.l(rtexit2.o)
    0x080001b2   0x080001b2   0x00000002   PAD
    0x080001b4   0x080001b4   0x00000040   Code   RO            4    .text               startup_stm32f103xb.o
    0x080001f4   0x080001f4   0x00000038   Code   RO         3030    .text               c_w.l(__2snprintf.o)
    0x0800022c   0x0800022c   0x00000078   Code   RO         3036    .text               c_w.l(_printf_dec.o)
    0x080002a4   0x080002a4   0x00000160   Code   RO         3053    .text               c_w.l(__printf_ss_wp.o)
    0x08000404   0x08000404   0x0000003c   Code   RO         3061    .text               c_w.l(__0sscanf.o)
    0x08000440   0x08000440   0x00000064   Code   RO         3063    .text               c_w.l(rt_memcpy_w.o)
    0x080004a4   0x080004a4   0x0000004e   Code   RO         3065    .text               c_w.l(rt_memclr_w.o)
    0x080004f2   0x080004f2   0x00000006   Code   RO         3067    .text               c_w.l(heapauxi.o)
    0x080004f8   0x080004f8   0x000000b2   Code   RO         3094    .text               c_w.l(_printf_intcommon.o)
    0x080005aa   0x080005aa   0x0000041e   Code   RO         3096    .text               c_w.l(_printf_fp_dec.o)
    0x080009c8   0x080009c8   0x00000030   Code   RO         3098    .text               c_w.l(_printf_char_common.o)
    0x080009f8   0x080009f8   0x0000000a   Code   RO         3100    .text               c_w.l(_sputc.o)
    0x08000a02   0x08000a02   0x00000010   Code   RO         3102    .text               c_w.l(_snputc.o)
    0x08000a12   0x08000a12   0x00000002   PAD
    0x08000a14   0x08000a14   0x000004f8   Code   RO         3105    .text               c_w.l(scanf_fp.o)
    0x08000f0c   0x08000f0c   0x0000002c   Code   RO         3107    .text               c_w.l(scanf_char.o)
    0x08000f38   0x08000f38   0x00000040   Code   RO         3109    .text               c_w.l(_sgetc.o)
    0x08000f78   0x08000f78   0x00000008   Code   RO         3136    .text               c_w.l(rt_locale_intlibspace.o)
    0x08000f80   0x08000f80   0x00000008   Code   RO         3141    .text               c_w.l(rt_errno_addr_intlibspace.o)
    0x08000f88   0x08000f88   0x0000008a   Code   RO         3143    .text               c_w.l(lludiv10.o)
    0x08001012   0x08001012   0x00000012   Code   RO         3145    .text               c_w.l(isspace.o)
    0x08001024   0x08001024   0x00000080   Code   RO         3147    .text               c_w.l(_printf_fp_infnan.o)
    0x080010a4   0x080010a4   0x00000374   Code   RO         3151    .text               c_w.l(_scanf.o)
    0x08001418   0x08001418   0x000000e4   Code   RO         3153    .text               c_w.l(bigflt0.o)
    0x080014fc   0x080014fc   0x00000008   Code   RO         3201    .text               c_w.l(libspace.o)
    0x08001504   0x08001504   0x0000004a   Code   RO         3204    .text               c_w.l(sys_stackheap_outer.o)
    0x0800154e   0x0800154e   0x00000002   PAD
    0x08001550   0x08001550   0x00000010   Code   RO         3206    .text               c_w.l(rt_ctype_table.o)
    0x08001560   0x08001560   0x00000016   Code   RO         3208    .text               c_w.l(_rserrno.o)
    0x08001576   0x08001576   0x00000002   PAD
    0x08001578   0x08001578   0x00000320   Code   RO         3210    .text               c_w.l(scanf_hexfp.o)
    0x08001898   0x08001898   0x00000134   Code   RO         3212    .text               c_w.l(scanf_infnan.o)
    0x080019cc   0x080019cc   0x00000012   Code   RO         3214    .text               c_w.l(exit.o)
    0x080019de   0x080019de   0x00000002   PAD
    0x080019e0   0x080019e0   0x00000080   Code   RO         3216    .text               c_w.l(strcmpv7m.o)
    0x08001a60   0x08001a60   0x00000026   Code   RO         3281    .text               c_w.l(llshl.o)
    0x08001a86   0x08001a86   0x0000001c   Code   RO         3283    .text               c_w.l(_chval.o)
    0x08001aa2   0x08001aa2   0x00000002   PAD
    0x08001aa4   0x08001aa4   0x0000000c   Code   RO         3342    .text               c_w.l(sys_exit.o)
    0x08001ab0   0x08001ab0   0x00000002   Code   RO         3367    .text               c_w.l(use_no_semi.o)
    0x08001ab2   0x08001ab2   0x00000000   Code   RO         3369    .text               c_w.l(indicate_semi.o)
    0x08001ab2   0x08001ab2   0x0000003e   Code   RO         3156    CL$$btod_d2e        c_w.l(btod.o)
    0x08001af0   0x08001af0   0x00000046   Code   RO         3158    CL$$btod_d2e_denorm_low  c_w.l(btod.o)
    0x08001b36   0x08001b36   0x00000060   Code   RO         3157    CL$$btod_d2e_norm_op1  c_w.l(btod.o)
    0x08001b96   0x08001b96   0x00000338   Code   RO         3166    CL$$btod_div_common  c_w.l(btod.o)
    0x08001ece   0x08001ece   0x00000002   PAD
    0x08001ed0   0x08001ed0   0x00000084   Code   RO         3164    CL$$btod_e2d        c_w.l(btod.o)
    0x08001f54   0x08001f54   0x000000dc   Code   RO         3163    CL$$btod_e2e        c_w.l(btod.o)
    0x08002030   0x08002030   0x0000002a   Code   RO         3160    CL$$btod_ediv       c_w.l(btod.o)
    0x0800205a   0x0800205a   0x0000002a   Code   RO         3162    CL$$btod_edivd      c_w.l(btod.o)
    0x08002084   0x08002084   0x0000002a   Code   RO         3159    CL$$btod_emul       c_w.l(btod.o)
    0x080020ae   0x080020ae   0x0000002a   Code   RO         3161    CL$$btod_emuld      c_w.l(btod.o)
    0x080020d8   0x080020d8   0x00000244   Code   RO         3165    CL$$btod_mult_common  c_w.l(btod.o)
    0x0800231c   0x0800231c   0x00000024   Code   RO          187    i.AngleToEncoderCount  main.o
    0x08002340   0x08002340   0x00000004   Code   RO          467    i.BusFault_Handler  stm32f1xx_it.o
    0x08002344   0x08002344   0x00000010   Code   RO          468    i.DMA1_Channel4_IRQHandler  stm32f1xx_it.o
    0x08002354   0x08002354   0x00000010   Code   RO          469    i.DMA1_Channel5_IRQHandler  stm32f1xx_it.o
    0x08002364   0x08002364   0x0000002c   Code   RO         1996    i.DMA_SetConfig     stm32f1xx_hal_dma.o
    0x08002390   0x08002390   0x00000208   Code   RO          188    i.DataProcess_Task  main.o
    0x08002598   0x08002598   0x00000002   Code   RO          470    i.DebugMon_Handler  stm32f1xx_it.o
    0x0800259a   0x0800259a   0x00000002   PAD
    0x0800259c   0x0800259c   0x00000024   Code   RO          189    i.EncoderCountToAngle  main.o
    0x080025c0   0x080025c0   0x00000006   Code   RO          190    i.Error_Handler     main.o
    0x080025c6   0x080025c6   0x00000056   Code   RO         1997    i.HAL_DMA_Abort     stm32f1xx_hal_dma.o
    0x0800261c   0x0800261c   0x000000b0   Code   RO         1998    i.HAL_DMA_Abort_IT  stm32f1xx_hal_dma.o
    0x080026cc   0x080026cc   0x0000019c   Code   RO         2002    i.HAL_DMA_IRQHandler  stm32f1xx_hal_dma.o
    0x08002868   0x08002868   0x00000068   Code   RO         2003    i.HAL_DMA_Init      stm32f1xx_hal_dma.o
    0x080028d0   0x080028d0   0x0000009c   Code   RO         2007    i.HAL_DMA_Start_IT  stm32f1xx_hal_dma.o
    0x0800296c   0x0800296c   0x00000028   Code   RO         1618    i.HAL_Delay         stm32f1xx_hal.o
    0x08002994   0x08002994   0x00000320   Code   RO         1933    i.HAL_GPIO_Init     stm32f1xx_hal_gpio.o
    0x08002cb4   0x08002cb4   0x0000000c   Code   RO         1937    i.HAL_GPIO_WritePin  stm32f1xx_hal_gpio.o
    0x08002cc0   0x08002cc0   0x0000000c   Code   RO         1622    i.HAL_GetTick       stm32f1xx_hal.o
    0x08002ccc   0x08002ccc   0x00000018   Code   RO         1628    i.HAL_IncTick       stm32f1xx_hal.o
    0x08002ce4   0x08002ce4   0x00000028   Code   RO         1629    i.HAL_Init          stm32f1xx_hal.o
    0x08002d0c   0x08002d0c   0x0000004c   Code   RO         1630    i.HAL_InitTick      stm32f1xx_hal.o
    0x08002d58   0x08002d58   0x00000054   Code   RO          567    i.HAL_MspInit       stm32f1xx_hal_msp.o
    0x08002dac   0x08002dac   0x00000020   Code   RO         2093    i.HAL_NVIC_EnableIRQ  stm32f1xx_hal_cortex.o
    0x08002dcc   0x08002dcc   0x0000007c   Code   RO         2099    i.HAL_NVIC_SetPriority  stm32f1xx_hal_cortex.o
    0x08002e48   0x08002e48   0x00000028   Code   RO         2100    i.HAL_NVIC_SetPriorityGrouping  stm32f1xx_hal_cortex.o
    0x08002e70   0x08002e70   0x0000018c   Code   RO         1786    i.HAL_RCC_ClockConfig  stm32f1xx_hal_rcc.o
    0x08002ffc   0x08002ffc   0x0000000c   Code   RO         1791    i.HAL_RCC_GetHCLKFreq  stm32f1xx_hal_rcc.o
    0x08003008   0x08003008   0x00000020   Code   RO         1793    i.HAL_RCC_GetPCLK1Freq  stm32f1xx_hal_rcc.o
    0x08003028   0x08003028   0x00000020   Code   RO         1794    i.HAL_RCC_GetPCLK2Freq  stm32f1xx_hal_rcc.o
    0x08003048   0x08003048   0x00000070   Code   RO         1795    i.HAL_RCC_GetSysClockFreq  stm32f1xx_hal_rcc.o
    0x080030b8   0x080030b8   0x00000468   Code   RO         1798    i.HAL_RCC_OscConfig  stm32f1xx_hal_rcc.o
    0x08003520   0x08003520   0x00000034   Code   RO         2104    i.HAL_SYSTICK_Config  stm32f1xx_hal_cortex.o
    0x08003554   0x08003554   0x00000002   Code   RO         1344    i.HAL_TIMEx_BreakCallback  stm32f1xx_hal_tim_ex.o
    0x08003556   0x08003556   0x00000002   Code   RO         1345    i.HAL_TIMEx_CommutCallback  stm32f1xx_hal_tim_ex.o
    0x08003558   0x08003558   0x00000074   Code   RO         1347    i.HAL_TIMEx_ConfigBreakDeadTime  stm32f1xx_hal_tim_ex.o
    0x080035cc   0x080035cc   0x00000084   Code   RO         1363    i.HAL_TIMEx_MasterConfigSynchronization  stm32f1xx_hal_tim_ex.o
    0x08003650   0x08003650   0x00000066   Code   RO          629    i.HAL_TIM_Base_Init  stm32f1xx_hal_tim.o
    0x080036b6   0x080036b6   0x00000002   PAD
    0x080036b8   0x080036b8   0x00000044   Code   RO          336    i.HAL_TIM_Base_MspInit  tim.o
    0x080036fc   0x080036fc   0x00000078   Code   RO          634    i.HAL_TIM_Base_Start_IT  stm32f1xx_hal_tim.o
    0x08003774   0x08003774   0x0000010c   Code   RO          638    i.HAL_TIM_ConfigClockSource  stm32f1xx_hal_tim.o
    0x08003880   0x08003880   0x000000c4   Code   RO          650    i.HAL_TIM_Encoder_Init  stm32f1xx_hal_tim.o
    0x08003944   0x08003944   0x000000c4   Code   RO          338    i.HAL_TIM_Encoder_MspInit  tim.o
    0x08003a08   0x08003a08   0x000000cc   Code   RO          653    i.HAL_TIM_Encoder_Start  stm32f1xx_hal_tim.o
    0x08003ad4   0x08003ad4   0x00000002   Code   RO          663    i.HAL_TIM_IC_CaptureCallback  stm32f1xx_hal_tim.o
    0x08003ad6   0x08003ad6   0x0000016c   Code   RO          677    i.HAL_TIM_IRQHandler  stm32f1xx_hal_tim.o
    0x08003c42   0x08003c42   0x00000002   PAD
    0x08003c44   0x08003c44   0x00000058   Code   RO          339    i.HAL_TIM_MspPostInit  tim.o
    0x08003c9c   0x08003c9c   0x00000002   Code   RO          680    i.HAL_TIM_OC_DelayElapsedCallback  stm32f1xx_hal_tim.o
    0x08003c9e   0x08003c9e   0x00000104   Code   RO          701    i.HAL_TIM_PWM_ConfigChannel  stm32f1xx_hal_tim.o
    0x08003da2   0x08003da2   0x00000066   Code   RO          704    i.HAL_TIM_PWM_Init  stm32f1xx_hal_tim.o
    0x08003e08   0x08003e08   0x00000030   Code   RO          341    i.HAL_TIM_PWM_MspInit  tim.o
    0x08003e38   0x08003e38   0x00000002   Code   RO          707    i.HAL_TIM_PWM_PulseFinishedCallback  stm32f1xx_hal_tim.o
    0x08003e3a   0x08003e3a   0x00000002   PAD
    0x08003e3c   0x08003e3c   0x000000d4   Code   RO          709    i.HAL_TIM_PWM_Start  stm32f1xx_hal_tim.o
    0x08003f10   0x08003f10   0x000000f4   Code   RO          191    i.HAL_TIM_PeriodElapsedCallback  main.o
    0x08004004   0x08004004   0x00000002   Code   RO          720    i.HAL_TIM_TriggerCallback  stm32f1xx_hal_tim.o
    0x08004006   0x08004006   0x00000070   Code   RO         2629    i.HAL_UARTEx_ReceiveToIdle_DMA  stm32f1xx_hal_uart.o
    0x08004076   0x08004076   0x00000002   PAD
    0x08004078   0x08004078   0x00000058   Code   RO          192    i.HAL_UARTEx_RxEventCallback  main.o
    0x080040d0   0x080040d0   0x00000002   Code   RO         2645    i.HAL_UART_ErrorCallback  stm32f1xx_hal_uart.o
    0x080040d2   0x080040d2   0x00000002   PAD
    0x080040d4   0x080040d4   0x000002e4   Code   RO         2648    i.HAL_UART_IRQHandler  stm32f1xx_hal_uart.o
    0x080043b8   0x080043b8   0x00000076   Code   RO         2649    i.HAL_UART_Init     stm32f1xx_hal_uart.o
    0x0800442e   0x0800442e   0x00000002   PAD
    0x08004430   0x08004430   0x0000011c   Code   RO          426    i.HAL_UART_MspInit  usart.o
    0x0800454c   0x0800454c   0x00000002   Code   RO         2655    i.HAL_UART_RxCpltCallback  stm32f1xx_hal_uart.o
    0x0800454e   0x0800454e   0x00000002   Code   RO         2656    i.HAL_UART_RxHalfCpltCallback  stm32f1xx_hal_uart.o
    0x08004550   0x08004550   0x0000008c   Code   RO         2658    i.HAL_UART_Transmit_DMA  stm32f1xx_hal_uart.o
    0x080045dc   0x080045dc   0x00000002   Code   RO         2660    i.HAL_UART_TxCpltCallback  stm32f1xx_hal_uart.o
    0x080045de   0x080045de   0x00000002   Code   RO         2661    i.HAL_UART_TxHalfCpltCallback  stm32f1xx_hal_uart.o
    0x080045e0   0x080045e0   0x00000004   Code   RO          471    i.HardFault_Handler  stm32f1xx_it.o
    0x080045e4   0x080045e4   0x00000044   Code   RO          311    i.MX_DMA_Init       dma.o
    0x08004628   0x08004628   0x000000bc   Code   RO          287    i.MX_GPIO_Init      gpio.o
    0x080046e4   0x080046e4   0x000000c0   Code   RO          342    i.MX_TIM1_Init      tim.o
    0x080047a4   0x080047a4   0x00000078   Code   RO          343    i.MX_TIM2_Init      tim.o
    0x0800481c   0x0800481c   0x00000080   Code   RO          344    i.MX_TIM3_Init      tim.o
    0x0800489c   0x0800489c   0x00000070   Code   RO          345    i.MX_TIM4_Init      tim.o
    0x0800490c   0x0800490c   0x00000038   Code   RO          427    i.MX_USART1_UART_Init  usart.o
    0x08004944   0x08004944   0x00000004   Code   RO          472    i.MemManage_Handler  stm32f1xx_it.o
    0x08004948   0x08004948   0x00000004   Code   RO          473    i.NMI_Handler       stm32f1xx_it.o
    0x0800494c   0x0800494c   0x00000030   Code   RO          193    i.PID_Clear         main.o
    0x0800497c   0x0800497c   0x00000002   Code   RO          474    i.PendSV_Handler    stm32f1xx_it.o
    0x0800497e   0x0800497e   0x000000a4   Code   RO          142    i.Position_PID_Calc  pid.o
    0x08004a22   0x08004a22   0x00000020   Code   RO          143    i.Position_PID_Init  pid.o
    0x08004a42   0x08004a42   0x00000002   PAD
    0x08004a44   0x08004a44   0x00000028   Code   RO         1799    i.RCC_Delay         stm32f1xx_hal_rcc.o
    0x08004a6c   0x08004a6c   0x00000002   Code   RO          475    i.SVC_Handler       stm32f1xx_it.o
    0x08004a6e   0x08004a6e   0x000000a4   Code   RO          144    i.Speed_PID_Calc    pid.o
    0x08004b12   0x08004b12   0x00000020   Code   RO          145    i.Speed_PID_Init    pid.o
    0x08004b32   0x08004b32   0x00000008   Code   RO          476    i.SysTick_Handler   stm32f1xx_it.o
    0x08004b3a   0x08004b3a   0x00000066   Code   RO          194    i.SystemClock_Config  main.o
    0x08004ba0   0x08004ba0   0x00000002   Code   RO         2993    i.SystemInit        system_stm32f1xx.o
    0x08004ba2   0x08004ba2   0x00000002   PAD
    0x08004ba4   0x08004ba4   0x00000010   Code   RO          477    i.TIM4_IRQHandler   stm32f1xx_it.o
    0x08004bb4   0x08004bb4   0x00000084   Code   RO          722    i.TIM_Base_SetConfig  stm32f1xx_hal_tim.o
    0x08004c38   0x08004c38   0x00000022   Code   RO          723    i.TIM_CCxChannelCmd  stm32f1xx_hal_tim.o
    0x08004c5a   0x08004c5a   0x00000016   Code   RO          733    i.TIM_ETR_SetConfig  stm32f1xx_hal_tim.o
    0x08004c70   0x08004c70   0x00000012   Code   RO          734    i.TIM_ITRx_SetConfig  stm32f1xx_hal_tim.o
    0x08004c82   0x08004c82   0x00000002   PAD
    0x08004c84   0x08004c84   0x00000060   Code   RO          735    i.TIM_OC1_SetConfig  stm32f1xx_hal_tim.o
    0x08004ce4   0x08004ce4   0x00000068   Code   RO          736    i.TIM_OC2_SetConfig  stm32f1xx_hal_tim.o
    0x08004d4c   0x08004d4c   0x00000068   Code   RO          737    i.TIM_OC3_SetConfig  stm32f1xx_hal_tim.o
    0x08004db4   0x08004db4   0x00000048   Code   RO          738    i.TIM_OC4_SetConfig  stm32f1xx_hal_tim.o
    0x08004dfc   0x08004dfc   0x00000026   Code   RO          740    i.TIM_TI1_ConfigInputStage  stm32f1xx_hal_tim.o
    0x08004e22   0x08004e22   0x00000028   Code   RO          742    i.TIM_TI2_ConfigInputStage  stm32f1xx_hal_tim.o
    0x08004e4a   0x08004e4a   0x00000014   Code   RO         2662    i.UART_DMAAbortOnError  stm32f1xx_hal_uart.o
    0x08004e5e   0x08004e5e   0x00000050   Code   RO         2663    i.UART_DMAError     stm32f1xx_hal_uart.o
    0x08004eae   0x08004eae   0x000000b4   Code   RO         2664    i.UART_DMAReceiveCplt  stm32f1xx_hal_uart.o
    0x08004f62   0x08004f62   0x00000024   Code   RO         2666    i.UART_DMARxHalfCplt  stm32f1xx_hal_uart.o
    0x08004f86   0x08004f86   0x00000058   Code   RO         2668    i.UART_DMATransmitCplt  stm32f1xx_hal_uart.o
    0x08004fde   0x08004fde   0x0000000e   Code   RO         2670    i.UART_DMATxHalfCplt  stm32f1xx_hal_uart.o
    0x08004fec   0x08004fec   0x0000006c   Code   RO         2672    i.UART_EndRxTransfer  stm32f1xx_hal_uart.o
    0x08005058   0x08005058   0x00000020   Code   RO         2673    i.UART_EndTransmit_IT  stm32f1xx_hal_uart.o
    0x08005078   0x08005078   0x00000026   Code   RO         2674    i.UART_EndTxTransfer  stm32f1xx_hal_uart.o
    0x0800509e   0x0800509e   0x000000fc   Code   RO         2675    i.UART_Receive_IT   stm32f1xx_hal_uart.o
    0x0800519a   0x0800519a   0x00000002   PAD
    0x0800519c   0x0800519c   0x000000fc   Code   RO         2676    i.UART_SetConfig    stm32f1xx_hal_uart.o
    0x08005298   0x08005298   0x0000002c   Code   RO          195    i.UART_StartReceiveToIdle  main.o
    0x080052c4   0x080052c4   0x000000c8   Code   RO         2677    i.UART_Start_Receive_DMA  stm32f1xx_hal_uart.o
    0x0800538c   0x0800538c   0x00000060   Code   RO         2679    i.UART_Transmit_IT  stm32f1xx_hal_uart.o
    0x080053ec   0x080053ec   0x00000010   Code   RO          478    i.USART1_IRQHandler  stm32f1xx_it.o
    0x080053fc   0x080053fc   0x00000004   Code   RO          479    i.UsageFault_Handler  stm32f1xx_it.o
    0x08005400   0x08005400   0x00000028   Code   RO         3193    i.__ARM_fpclassify  m_ws.l(fpclassify.o)
    0x08005428   0x08005428   0x00000010   Code   RO         2106    i.__NVIC_GetPriorityGrouping  stm32f1xx_hal_cortex.o
    0x08005438   0x08005438   0x00000028   Code   RO         2107    i.__NVIC_SetPriority  stm32f1xx_hal_cortex.o
    0x08005460   0x08005460   0x0000000e   Code   RO         3329    i.__mathlib_dbl_overflow  m_ws.l(dunder.o)
    0x0800546e   0x0800546e   0x00000002   PAD
    0x08005470   0x08005470   0x00000010   Code   RO         3331    i.__mathlib_dbl_underflow  m_ws.l(dunder.o)
    0x08005480   0x08005480   0x00000010   Code   RO         3195    i.__mathlib_narrow  m_ws.l(narrow.o)
    0x08005490   0x08005490   0x000000bc   Code   RO         3196    i.__mathlib_tofloat  m_ws.l(narrow.o)
    0x0800554c   0x0800554c   0x00000016   Code   RO         3301    i.__support_ldexp   m_ws.l(ldexp.o)
    0x08005562   0x08005562   0x0000000e   Code   RO         3048    i._is_digit         c_w.l(__printf_wp.o)
    0x08005570   0x08005570   0x00000058   Code   RO         3276    i.frexp             m_ws.l(frexp.o)
    0x080055c8   0x080055c8   0x00000074   Code   RO         3302    i.ldexp             m_ws.l(ldexp.o)
    0x0800563c   0x0800563c   0x00000194   Code   RO          196    i.main              main.o
    0x080057d0   0x080057d0   0x00000060   Code   RO           13    i.motor_ctrl        motor.o
    0x08005830   0x08005830   0x00000154   Code   RO           14    i.motor_init        motor.o
    0x08005984   0x08005984   0x0000002c   Code   RO         3179    locale$$code        c_w.l(lc_numeric_c.o)
    0x080059b0   0x080059b0   0x0000002c   Code   RO         3286    locale$$code        c_w.l(lc_ctype_c.o)
    0x080059dc   0x080059dc   0x00000062   Code   RO         3269    x$fpl$d2f           fz_ws.l(d2f.o)
    0x08005a3e   0x08005a3e   0x00000002   PAD
    0x08005a40   0x08005a40   0x00000010   Code   RO         3323    x$fpl$dcheck1       fz_ws.l(dcheck1.o)
    0x08005a50   0x08005a50   0x00000018   Code   RO         3290    x$fpl$dcmpinf       fz_ws.l(dcmpi.o)
    0x08005a68   0x08005a68   0x00000078   Code   RO         3271    x$fpl$deqf          fz_ws.l(deqf.o)
    0x08005ae0   0x08005ae0   0x00000078   Code   RO         3292    x$fpl$dleqf         fz_ws.l(dleqf.o)
    0x08005b58   0x08005b58   0x0000009c   Code   RO         3294    x$fpl$dnaninf       fz_ws.l(dnaninf.o)
    0x08005bf4   0x08005bf4   0x0000000c   Code   RO         3111    x$fpl$dretinf       fz_ws.l(dretinf.o)
    0x08005c00   0x08005c00   0x0000006c   Code   RO         3273    x$fpl$drleqf        fz_ws.l(drleqf.o)
    0x08005c6c   0x08005c6c   0x00000056   Code   RO         3071    x$fpl$f2d           fz_ws.l(f2d.o)
    0x08005cc2   0x08005cc2   0x00000002   PAD
    0x08005cc4   0x08005cc4   0x00000184   Code   RO         3074    x$fpl$fdiv          fz_ws.l(fdiv.o)
    0x08005e48   0x08005e48   0x00000036   Code   RO         3077    x$fpl$ffix          fz_ws.l(ffix.o)
    0x08005e7e   0x08005e7e   0x00000002   PAD
    0x08005e80   0x08005e80   0x00000030   Code   RO         3082    x$fpl$fflt          fz_ws.l(fflt_clz.o)
    0x08005eb0   0x08005eb0   0x00000102   Code   RO         3087    x$fpl$fmul          fz_ws.l(fmul.o)
    0x08005fb2   0x08005fb2   0x0000008c   Code   RO         3113    x$fpl$fnaninf       fz_ws.l(fnaninf.o)
    0x0800603e   0x0800603e   0x0000000a   Code   RO         3115    x$fpl$fretinf       fz_ws.l(fretinf.o)
    0x08006048   0x08006048   0x00000006   Code   RO         3185    x$fpl$ieeestatus    fz_ws.l(istatus.o)
    0x0800604e   0x0800604e   0x00000004   Code   RO         3089    x$fpl$printf1       fz_ws.l(printf1.o)
    0x08006052   0x08006052   0x00000064   Code   RO         3365    x$fpl$retnan        fz_ws.l(retnan.o)
    0x080060b6   0x080060b6   0x0000005c   Code   RO         3298    x$fpl$scalbn        fz_ws.l(scalbn.o)
    0x08006112   0x08006112   0x00000004   Code   RO         3091    x$fpl$scanf1        fz_ws.l(scanf1.o)
    0x08006116   0x08006116   0x00000008   Code   RO         3187    x$fpl$scanf2        fz_ws.l(scanf2.o)
    0x0800611e   0x0800611e   0x00000030   Code   RO         3392    x$fpl$trapveneer    fz_ws.l(trapv.o)
    0x0800614e   0x0800614e   0x00000000   Code   RO         3117    x$fpl$usenofp       fz_ws.l(usenofp.o)
    0x0800614e   0x0800614e   0x00000012   Data   RO         1800    .constdata          stm32f1xx_hal_rcc.o
    0x08006160   0x08006160   0x00000018   Data   RO         2994    .constdata          system_stm32f1xx.o
    0x08006178   0x08006178   0x00000094   Data   RO         3154    .constdata          c_w.l(bigflt0.o)
    0x0800620c   0x0800620c   0x00000020   Data   RO         3418    Region$$Table       anon$$obj.o
    0x0800622c   0x0800622c   0x00000008   Data   RO         3181    c$$dinf             fz_ws.l(fpconst.o)
    0x08006234   0x08006234   0x00000008   Data   RO         3184    c$$dmax             fz_ws.l(fpconst.o)
    0x0800623c   0x0800623c   0x0000001c   Data   RO         3178    locale$$data        c_w.l(lc_numeric_c.o)
    0x08006258   0x08006258   0x00000110   Data   RO         3285    locale$$data        c_w.l(lc_ctype_c.o)


    Execution Region RW_IRAM1 (Exec base: 0x20000000, Load base: 0x08006368, Size: 0x000009c0, Max: 0x00005000, ABSOLUTE)

    Exec Addr    Load Addr    Size         Type   Attr      Idx    E Section Name        Object

    0x20000000   0x08006368   0x00000003   Data   RW           15    .data               motor.o
    0x20000003   0x0800636b   0x00000001   PAD
    0x20000004   0x0800636c   0x00000023   Data   RW          198    .data               main.o
    0x20000027   0x0800638f   0x00000001   PAD
    0x20000028   0x08006390   0x00000009   Data   RW         1636    .data               stm32f1xx_hal.o
    0x20000031   0x08006399   0x00000003   PAD
    0x20000034   0x0800639c   0x00000004   Data   RW         2995    .data               system_stm32f1xx.o
    0x20000038        -       0x00000138   Zero   RW          197    .bss                main.o
    0x20000170        -       0x00000120   Zero   RW          346    .bss                tim.o
    0x20000290        -       0x000000d0   Zero   RW          428    .bss                usart.o
    0x20000360        -       0x00000060   Zero   RW         3202    .bss                c_w.l(libspace.o)
    0x200003c0        -       0x00000200   Zero   RW            2    HEAP                startup_stm32f103xb.o
    0x200005c0        -       0x00000400   Zero   RW            1    STACK               startup_stm32f103xb.o


==============================================================================

Image component sizes


      Code (inc. data)   RO Data    RW Data    ZI Data      Debug   Object Name

        68          4          0          0          0        750   dma.o
       188         14          0          0          0        931   gpio.o
      1528        342          0         35        312       7539   main.o
       436         42          0          3          0     427867   motor.o
       392          0          0          0          0       3558   pid.o
        64         26        236          0       1536        812   startup_stm32f103xb.o
       192         36          0          9          0       5893   stm32f1xx_hal.o
       304         22          0          0          0      29415   stm32f1xx_hal_cortex.o
       978         12          0          0          0       4866   stm32f1xx_hal_dma.o
       812         34          0          0          0       2676   stm32f1xx_hal_gpio.o
        84          8          0          0          0        898   stm32f1xx_hal_msp.o
      1752         98         18          0          0       5976   stm32f1xx_hal_rcc.o
      2496         60          0          0          0      17197   stm32f1xx_hal_tim.o
       252         14          0          0          0       3221   stm32f1xx_hal_tim_ex.o
      2516         34          0          0          0      16243   stm32f1xx_hal_uart.o
        98         24          0          0          0       5806   stm32f1xx_it.o
         2          0         24          4          0       1119   system_stm32f1xx.o
       952         76          0          0        288       5539   tim.o
       340         38          0          0        208       1892   usart.o

    ----------------------------------------------------------------------
     13476        884        310         56       2344     542198   Object Totals
         0          0         32          0          0          0   (incl. Generated)
        22          0          0          5          0          0   (incl. Padding)

    ----------------------------------------------------------------------

      Code (inc. data)   RO Data    RW Data    ZI Data      Debug   Library Member Name

        60          8          0          0          0         84   __0sscanf.o
        56          6          0          0          0         88   __2snprintf.o
         8          0          0          0          0         68   __main.o
       352          0          0          0          0         88   __printf_ss_wp.o
        14          0          0          0          0         68   __printf_wp.o
         0          0          0          0          0          0   __rtentry.o
        12          0          0          0          0          0   __rtentry2.o
         6          0          0          0          0          0   __rtentry4.o
        52          8          0          0          0          0   __scatter.o
        26          0          0          0          0          0   __scatter_copy.o
        28          0          0          0          0          0   __scatter_zi.o
        28          0          0          0          0         68   _chval.o
        48          6          0          0          0         96   _printf_char_common.o
         6          0          0          0          0          0   _printf_d.o
       120         16          0          0          0         92   _printf_dec.o
         6          0          0          0          0          0   _printf_f.o
      1054          0          0          0          0        216   _printf_fp_dec.o
       128         16          0          0          0         84   _printf_fp_infnan.o
       178          0          0          0          0         88   _printf_intcommon.o
         0          0          0          0          0          0   _printf_percent.o
         4          0          0          0          0          0   _printf_percent_end.o
        22          0          0          0          0        100   _rserrno.o
       884          6          0          0          0        100   _scanf.o
        64          0          0          0          0         84   _sgetc.o
        16          0          0          0          0         68   _snputc.o
        10          0          0          0          0         68   _sputc.o
       228          4        148          0          0         96   bigflt0.o
      2152        136          0          0          0        960   btod.o
        18          0          0          0          0         80   exit.o
         6          0          0          0          0        152   heapauxi.o
         0          0          0          0          0          0   indicate_semi.o
        18          0          0          0          0         76   isspace.o
        44         10        272          0          0         76   lc_ctype_c.o
        44         10         28          0          0         76   lc_numeric_c.o
         2          0          0          0          0          0   libinit.o
        30          0          0          0          0          0   libinit2.o
         2          0          0          0          0          0   libshutdown.o
         2          0          0          0          0          0   libshutdown2.o
         8          4          0          0         96         68   libspace.o
        38          0          0          0          0         68   llshl.o
       138          0          0          0          0         80   lludiv10.o
        16          4          0          0          0         76   rt_ctype_table.o
         8          4          0          0          0         68   rt_errno_addr_intlibspace.o
         8          4          0          0          0         68   rt_locale_intlibspace.o
        78          0          0          0          0         80   rt_memclr_w.o
       100          0          0          0          0         80   rt_memcpy_w.o
         2          0          0          0          0          0   rtexit.o
        10          0          0          0          0          0   rtexit2.o
        44          8          0          0          0         84   scanf_char.o
      1272         16          0          0          0        168   scanf_fp.o
       800         14          0          0          0        100   scanf_hexfp.o
       308         16          0          0          0        100   scanf_infnan.o
       128          0          0          0          0         68   strcmpv7m.o
        12          4          0          0          0         68   sys_exit.o
        74          0          0          0          0         80   sys_stackheap_outer.o
         2          0          0          0          0         68   use_no_semi.o
        98          4          0          0          0         92   d2f.o
        16          4          0          0          0         68   dcheck1.o
        24          0          0          0          0         68   dcmpi.o
       120          4          0          0          0         92   deqf.o
       120          4          0          0          0         92   dleqf.o
       156          4          0          0          0         92   dnaninf.o
        12          0          0          0          0         68   dretinf.o
       108          0          0          0          0         80   drleqf.o
        86          4          0          0          0         84   f2d.o
       388         76          0          0          0         96   fdiv.o
        54          4          0          0          0         84   ffix.o
        48          0          0          0          0         68   fflt_clz.o
       258          4          0          0          0         84   fmul.o
       140          4          0          0          0         84   fnaninf.o
         0          0         16          0          0          0   fpconst.o
        10          0          0          0          0         68   fretinf.o
         6          0          0          0          0         68   istatus.o
         4          0          0          0          0         68   printf1.o
       100          0          0          0          0         68   retnan.o
        92          0          0          0          0         68   scalbn.o
         4          0          0          0          0         68   scanf1.o
         8          0          0          0          0         84   scanf2.o
        48          0          0          0          0         68   trapv.o
         0          0          0          0          0          0   usenofp.o
        30          6          0          0          0        136   dunder.o
        40          0          0          0          0         68   fpclassify.o
        88          8          0          0          0         76   frexp.o
       138          0          0          0          0        160   ldexp.o
       204          4          0          0          0        168   narrow.o

    ----------------------------------------------------------------------
     11198        432        464          0         96       6620   Library Totals
        24          2          0          0          0          0   (incl. Padding)

    ----------------------------------------------------------------------

      Code (inc. data)   RO Data    RW Data    ZI Data      Debug   Library Name

      8774        300        448          0         96       4300   c_w.l
      1900        112         16          0          0       1712   fz_ws.l
       500         18          0          0          0        608   m_ws.l

    ----------------------------------------------------------------------
     11198        432        464          0         96       6620   Library Totals

    ----------------------------------------------------------------------

==============================================================================


      Code (inc. data)   RO Data    RW Data    ZI Data      Debug   

     24674       1316        774         56       2440     539038   Grand Totals
     24674       1316        774         56       2440     539038   ELF Image Totals
     24674       1316        774         56          0          0   ROM Totals

==============================================================================

    Total RO  Size (Code + RO Data)                25448 (  24.85kB)
    Total RW  Size (RW Data + ZI Data)              2496 (   2.44kB)
    Total ROM Size (Code + RO Data + RW Data)      25504 (  24.91kB)

==============================================================================

