Component: ARM Compiler 5.06 update 7 (build 960) Tool: armlink [4d3601]

==============================================================================

Section Cross References

    startup_stm32f103xb.o(STACK) refers (Special) to heapauxi.o(.text) for __use_two_region_memory
    startup_stm32f103xb.o(HEAP) refers (Special) to heapauxi.o(.text) for __use_two_region_memory
    startup_stm32f103xb.o(RESET) refers (Special) to heapauxi.o(.text) for __use_two_region_memory
    startup_stm32f103xb.o(RESET) refers to startup_stm32f103xb.o(STACK) for __initial_sp
    startup_stm32f103xb.o(RESET) refers to startup_stm32f103xb.o(.text) for Reset_Handler
    startup_stm32f103xb.o(RESET) refers to stm32f1xx_it.o(i.NMI_Handler) for NMI_Handler
    startup_stm32f103xb.o(RESET) refers to stm32f1xx_it.o(i.HardFault_Handler) for HardFault_Handler
    startup_stm32f103xb.o(RESET) refers to stm32f1xx_it.o(i.MemManage_Handler) for MemManage_Handler
    startup_stm32f103xb.o(RESET) refers to stm32f1xx_it.o(i.BusFault_Handler) for BusFault_Handler
    startup_stm32f103xb.o(RESET) refers to stm32f1xx_it.o(i.UsageFault_Handler) for UsageFault_Handler
    startup_stm32f103xb.o(RESET) refers to stm32f1xx_it.o(i.SVC_Handler) for SVC_Handler
    startup_stm32f103xb.o(RESET) refers to stm32f1xx_it.o(i.DebugMon_Handler) for DebugMon_Handler
    startup_stm32f103xb.o(RESET) refers to stm32f1xx_it.o(i.PendSV_Handler) for PendSV_Handler
    startup_stm32f103xb.o(RESET) refers to stm32f1xx_it.o(i.SysTick_Handler) for SysTick_Handler
    startup_stm32f103xb.o(RESET) refers to stm32f1xx_it.o(i.DMA1_Channel4_IRQHandler) for DMA1_Channel4_IRQHandler
    startup_stm32f103xb.o(RESET) refers to stm32f1xx_it.o(i.DMA1_Channel5_IRQHandler) for DMA1_Channel5_IRQHandler
    startup_stm32f103xb.o(RESET) refers to stm32f1xx_it.o(i.TIM4_IRQHandler) for TIM4_IRQHandler
    startup_stm32f103xb.o(RESET) refers to stm32f1xx_it.o(i.USART1_IRQHandler) for USART1_IRQHandler
    startup_stm32f103xb.o(.text) refers (Special) to heapauxi.o(.text) for __use_two_region_memory
    startup_stm32f103xb.o(.text) refers to system_stm32f1xx.o(i.SystemInit) for SystemInit
    startup_stm32f103xb.o(.text) refers to __main.o(!!!main) for __main
    startup_stm32f103xb.o(.text) refers to startup_stm32f103xb.o(HEAP) for Heap_Mem
    startup_stm32f103xb.o(.text) refers to startup_stm32f103xb.o(STACK) for Stack_Mem
    motor.o(i.motor_ctrl) refers to stm32f1xx_hal_gpio.o(i.HAL_GPIO_WritePin) for HAL_GPIO_WritePin
    motor.o(i.motor_ctrl) refers to tim.o(.bss) for htim1
    motor.o(i.motor_init) refers to stm32f1xx_hal_tim.o(i.HAL_TIM_PWM_Start) for HAL_TIM_PWM_Start
    motor.o(i.motor_init) refers to motor.o(i.motor_ctrl) for motor_ctrl
    motor.o(i.motor_init) refers to main.o(i.PID_Clear) for PID_Clear
    motor.o(i.motor_init) refers to stm32f1xx_hal.o(i.HAL_Delay) for HAL_Delay
    motor.o(i.motor_init) refers to stm32f1xx_hal.o(i.HAL_GetTick) for HAL_GetTick
    motor.o(i.motor_init) refers to tim.o(.bss) for htim1
    motor.o(i.motor_init) refers to motor.o(.data) for position_loop_enable
    motor.o(i.motor_init) refers to main.o(.data) for Encoder_NewCnt
    pid.o(i.Position_PID_Calc) refers to fflt_clz.o(x$fpl$fflt) for __aeabi_i2f
    pid.o(i.Position_PID_Calc) refers to fmul.o(x$fpl$fmul) for __aeabi_fmul
    pid.o(i.Position_PID_Calc) refers to ffix.o(x$fpl$ffix) for __aeabi_f2iz
    pid.o(i.Speed_PID_Calc) refers to fflt_clz.o(x$fpl$fflt) for __aeabi_i2f
    pid.o(i.Speed_PID_Calc) refers to fmul.o(x$fpl$fmul) for __aeabi_fmul
    pid.o(i.Speed_PID_Calc) refers to ffix.o(x$fpl$ffix) for __aeabi_f2iz
    main.o(i.DataProcess_Task) refers to scanf1.o(x$fpl$scanf1) for _scanf_real
    main.o(i.DataProcess_Task) refers to rt_memcpy_w.o(.text) for __aeabi_memcpy4
    main.o(i.DataProcess_Task) refers to __0sscanf.o(.text) for __0sscanf
    main.o(i.DataProcess_Task) refers to ffix.o(x$fpl$ffix) for __aeabi_f2iz
    main.o(i.DataProcess_Task) refers to fdiv.o(x$fpl$fdiv) for __aeabi_fdiv
    main.o(i.DataProcess_Task) refers to fmul.o(x$fpl$fmul) for __aeabi_fmul
    main.o(i.DataProcess_Task) refers to rt_memclr_w.o(.text) for __aeabi_memclr4
    main.o(i.DataProcess_Task) refers to stm32f1xx_hal_uart.o(i.HAL_UARTEx_ReceiveToIdle_DMA) for HAL_UARTEx_ReceiveToIdle_DMA
    main.o(i.DataProcess_Task) refers to main.o(.data) for uart_rx_frame_ready
    main.o(i.DataProcess_Task) refers to main.o(.bss) for rx_buffer
    main.o(i.DataProcess_Task) refers to usart.o(.bss) for huart1
    main.o(i.HAL_TIM_PeriodElapsedCallback) refers to fflt_clz.o(x$fpl$fflt) for __aeabi_i2f
    main.o(i.HAL_TIM_PeriodElapsedCallback) refers to fdiv.o(x$fpl$fdiv) for __aeabi_fdiv
    main.o(i.HAL_TIM_PeriodElapsedCallback) refers to fmul.o(x$fpl$fmul) for __aeabi_fmul
    main.o(i.HAL_TIM_PeriodElapsedCallback) refers to pid.o(i.Position_PID_Calc) for Position_PID_Calc
    main.o(i.HAL_TIM_PeriodElapsedCallback) refers to pid.o(i.Speed_PID_Calc) for Speed_PID_Calc
[...]
    i.TIM_ETR_SetConfig                      0x08004af6   Section        0  stm32f1xx_hal_tim.o(i.TIM_ETR_SetConfig)
    i.TIM_ITRx_SetConfig                     0x08004b0c   Section        0  stm32f1xx_hal_tim.o(i.TIM_ITRx_SetConfig)
    TIM_ITRx_SetConfig                       0x08004b0d   Thumb Code    18  stm32f1xx_hal_tim.o(i.TIM_ITRx_SetConfig)
    i.TIM_OC1_SetConfig                      0x08004b20   Section        0  stm32f1xx_hal_tim.o(i.TIM_OC1_SetConfig)
    TIM_OC1_SetConfig                        0x08004b21   Thumb Code    90  stm32f1xx_hal_tim.o(i.TIM_OC1_SetConfig)
    i.TIM_OC2_SetConfig                      0x08004b80   Section        0  stm32f1xx_hal_tim.o(i.TIM_OC2_SetConfig)
    i.TIM_OC3_SetConfig                      0x08004be8   Section        0  stm32f1xx_hal_tim.o(i.TIM_OC3_SetConfig)
    TIM_OC3_SetConfig                        0x08004be9   Thumb Code    98  stm32f1xx_hal_tim.o(i.TIM_OC3_SetConfig)
    i.TIM_OC4_SetConfig                      0x08004c50   Section        0  stm32f1xx_hal_tim.o(i.TIM_OC4_SetConfig)
    TIM_OC4_SetConfig                        0x08004c51   Thumb Code    68  stm32f1xx_hal_tim.o(i.TIM_OC4_SetConfig)
    i.TIM_TI1_ConfigInputStage               0x08004c98   Section        0  stm32f1xx_hal_tim.o(i.TIM_TI1_ConfigInputStage)
    TIM_TI1_ConfigInputStage                 0x08004c99   Thumb Code    38  stm32f1xx_hal_tim.o(i.TIM_TI1_ConfigInputStage)
    i.TIM_TI2_ConfigInputStage               0x08004cbe   Section        0  stm32f1xx_hal_tim.o(i.TIM_TI2_ConfigInputStage)
    TIM_TI2_ConfigInputStage                 0x08004cbf   Thumb Code    40  stm32f1xx_hal_tim.o(i.TIM_TI2_ConfigInputStage)
    i.UART_DMAAbortOnError                   0x08004ce6   Section        0  stm32f1xx_hal_uart.o(i.UART_DMAAbortOnError)
    UART_DMAAbortOnError                     0x08004ce7   Thumb Code    20  stm32f1xx_hal_uart.o(i.UART_DMAAbortOnError)
    i.UART_DMAError                          0x08004cfa   Section        0  stm32f1xx_hal_uart.o(i.UART_DMAError)
    UART_DMAError                            0x08004cfb   Thumb Code    80  stm32f1xx_hal_uart.o(i.UART_DMAError)
    i.UART_DMAReceiveCplt                    0x08004d4a   Section        0  stm32f1xx_hal_uart.o(i.UART_DMAReceiveCplt)
    UART_DMAReceiveCplt                      0x08004d4b   Thumb Code   180  stm32f1xx_hal_uart.o(i.UART_DMAReceiveCplt)
    i.UART_DMARxHalfCplt                     0x08004dfe   Section        0  stm32f1xx_hal_uart.o(i.UART_DMARxHalfCplt)
    UART_DMARxHalfCplt                       0x08004dff   Thumb Code    36  stm32f1xx_hal_uart.o(i.UART_DMARxHalfCplt)
    i.UART_DMATransmitCplt                   0x08004e22   Section        0  stm32f1xx_hal_uart.o(i.UART_DMATransmitCplt)
    UART_DMATransmitCplt                     0x08004e23   Thumb Code    88  stm32f1xx_hal_uart.o(i.UART_DMATransmitCplt)
    i.UART_DMATxHalfCplt                     0x08004e7a   Section        0  stm32f1xx_hal_uart.o(i.UART_DMATxHalfCplt)
    UART_DMATxHalfCplt                       0x08004e7b   Thumb Code    14  stm32f1xx_hal_uart.o(i.UART_DMATxHalfCplt)
    i.UART_EndRxTransfer                     0x08004e88   Section        0  stm32f1xx_hal_uart.o(i.UART_EndRxTransfer)
    UART_EndRxTransfer                       0x08004e89   Thumb Code   108  stm32f1xx_hal_uart.o(i.UART_EndRxTransfer)
    i.UART_EndTransmit_IT                    0x08004ef4   Section        0  stm32f1xx_hal_uart.o(i.UART_EndTransmit_IT)
    UART_EndTransmit_IT                      0x08004ef5   Thumb Code    32  stm32f1xx_hal_uart.o(i.UART_EndTransmit_IT)
    i.UART_EndTxTransfer                     0x08004f14   Section        0  stm32f1xx_hal_uart.o(i.UART_EndTxTransfer)
    UART_EndTxTransfer                       0x08004f15   Thumb Code    38  stm32f1xx_hal_uart.o(i.UART_EndTxTransfer)
    i.UART_Receive_IT                        0x08004f3a   Section        0  stm32f1xx_hal_uart.o(i.UART_Receive_IT)
    UART_Receive_IT                          0x08004f3b   Thumb Code   252  stm32f1xx_hal_uart.o(i.UART_Receive_IT)
    i.UART_SetConfig                         0x08005038   Section        0  stm32f1xx_hal_uart.o(i.UART_SetConfig)
    UART_SetConfig                           0x08005039   Thumb Code   248  stm32f1xx_hal_uart.o(i.UART_SetConfig)
    i.UART_Start_Receive_DMA                 0x08005134   Section        0  stm32f1xx_hal_uart.o(i.UART_Start_Receive_DMA)
    i.UART_Transmit_IT                       0x080051fc   Section        0  stm32f1xx_hal_uart.o(i.UART_Transmit_IT)
    UART_Transmit_IT                         0x080051fd   Thumb Code    96  stm32f1xx_hal_uart.o(i.UART_Transmit_IT)
    i.USART1_IRQHandler                      0x0800525c   Section        0  stm32f1xx_it.o(i.USART1_IRQHandler)
    i.UsageFault_Handler                     0x0800526c   Section        0  stm32f1xx_it.o(i.UsageFault_Handler)
    i.__ARM_fpclassify                       0x08005270   Section        0  fpclassify.o(i.__ARM_fpclassify)
    i.__NVIC_GetPriorityGrouping             0x08005298   Section        0  stm32f1xx_hal_cortex.o(i.__NVIC_GetPriorityGrouping)
    __NVIC_GetPriorityGrouping               0x08005299   Thumb Code    10  stm32f1xx_hal_cortex.o(i.__NVIC_GetPriorityGrouping)
    i.__NVIC_SetPriority                     0x080052a8   Section        0  stm32f1xx_hal_cortex.o(i.__NVIC_SetPriority)
    __NVIC_SetPriority                       0x080052a9   Thumb Code    32  stm32f1xx_hal_cortex.o(i.__NVIC_SetPriority)
    i.__mathlib_dbl_overflow                 0x080052d0   Section        0  dunder.o(i.__mathlib_dbl_overflow)
    i.__mathlib_dbl_underflow                0x080052e0   Section        0  dunder.o(i.__mathlib_dbl_underflow)
    i.__mathlib_narrow                       0x080052f0   Section        0  narrow.o(i.__mathlib_narrow)
    i.__mathlib_tofloat                      0x08005300   Section        0  narrow.o(i.__mathlib_tofloat)
    i.__support_ldexp                        0x080053bc   Section        0  ldexp.o(i.__support_ldexp)
    i._is_digit                              0x080053d2   Section        0  __printf_wp.o(i._is_digit)
    i.frexp                                  0x080053e0   Section        0  frexp.o(i.frexp)
    i.ldexp                                  0x08005438   Section        0  ldexp.o(i.ldexp)
    i.main                                   0x080054ac   Section        0  main.o(i.main)
    i.motor_ctrl                             0x0800563c   Section        0  motor.o(i.motor_ctrl)
    i.motor_init                             0x08005678   Section        0  motor.o(i.motor_init)
    locale$$code                             0x080057c4   Section       44  lc_numeric_c.o(locale$$code)
    locale$$code                             0x080057f0   Section       44  lc_ctype_c.o(locale$$code)
    x$fpl$d2f                                0x0800581c   Section       98  d2f.o(x$fpl$d2f)
    x$fpl$dcheck1                            0x08005880   Section       16  dcheck1.o(x$fpl$dcheck1)
    x$fpl$dcmpinf                            0x08005890   Section       24  dcmpi.o(x$fpl$dcmpinf)
    x$fpl$deqf                               0x080058a8   Section      120  deqf.o(x$fpl$deqf)
    x$fpl$dleqf                              0x08005920   Section      120  dleqf.o(x$fpl$dleqf)
    x$fpl$dnaninf                            0x08005998   Section      156  dnaninf.o(x$fpl$dnaninf)
    x$fpl$dretinf                            0x08005a34   Section       12  dretinf.o(x$fpl$dretinf)
    x$fpl$drleqf                             0x08005a40   Section      108  drleqf.o(x$fpl$drleqf)
    x$fpl$f2d                                0x08005aac   Section       86  f2d.o(x$fpl$f2d)
    x$fpl$fdiv                               0x08005b04   Section      388  fdiv.o(x$fpl$fdiv)
    _fdiv1                                   0x08005b05   Thumb Code     0  fdiv.o(x$fpl$fdiv)
    x$fpl$ffix                               0x08005c88   Section       54  ffix.o(x$fpl$ffix)
    x$fpl$fflt                               0x08005cc0   Section       48  fflt_clz.o(x$fpl$fflt)
    x$fpl$fmul                               0x08005cf0   Section      258  fmul.o(x$fpl$fmul)
    x$fpl$fnaninf                            0x08005df2   Section      140  fnaninf.o(x$fpl$fnaninf)
    x$fpl$fretinf                            0x08005e7e   Section       10  fretinf.o(x$fpl$fretinf)
    x$fpl$ieeestatus                         0x08005e88   Section        6  istatus.o(x$fpl$ieeestatus)
    x$fpl$printf1                            0x08005e8e   Section        4  printf1.o(x$fpl$printf1)
    x$fpl$retnan                             0x08005e92   Section      100  retnan.o(x$fpl$retnan)
    x$fpl$scalbn                             0x08005ef6   Section       92  scalbn.o(x$fpl$scalbn)
    x$fpl$scanf1                             0x08005f52   Section        4  scanf1.o(x$fpl$scanf1)
    x$fpl$scanf2                             0x08005f56   Section        8  scanf2.o(x$fpl$scanf2)
    x$fpl$trapveneer                         0x08005f5e   Section       48  trapv.o(x$fpl$trapveneer)
    .constdata                               0x08005f8e   Section       18  stm32f1xx_hal_rcc.o(.constdata)
    x$fpl$usenofp                            0x08005f8e   Section        0  usenofp.o(x$fpl$usenofp)
    aPLLMULFactorTable                       0x08005f8e   Data          16  stm32f1xx_hal_rcc.o(.constdata)
    aPredivFactorTable                       0x08005f9e   Data           2  stm32f1xx_hal_rcc.o(.constdata)
    .constdata                               0x08005fa0   Section       24  system_stm32f1xx.o(.constdata)
    .constdata                               0x08005fb8   Section      148  bigflt0.o(.constdata)
    tenpwrs_x                                0x08005fb8   Data          60  bigflt0.o(.constdata)
    tenpwrs_i                                0x08005ff4   Data          64  bigflt0.o(.constdata)
    c$$dinf                                  0x0800606c   Section        8  fpconst.o(c$$dinf)
    c$$dmax                                  0x08006074   Section        8  fpconst.o(c$$dmax)
    locale$$data                             0x0800607c   Section       28  lc_numeric_c.o(locale$$data)
    __lcnum_c_name                           0x08006080   Data           2  lc_numeric_c.o(locale$$data)
    __lcnum_c_start                          0x08006088   Data           0  lc_numeric_c.o(locale$$data)
    __lcnum_c_point                          0x08006094   Data           0  lc_numeric_c.o(locale$$data)
    __lcnum_c_thousands                      0x08006096   Data           0  lc_numeric_c.o(locale$$data)
    __lcnum_c_grouping                       0x08006097   Data           0  lc_numeric_c.o(locale$$data)
    locale$$data                             0x08006098   Section      272  lc_ctype_c.o(locale$$data)
    __lcnum_c_end                            0x08006098   Data           0  lc_numeric_c.o(locale$$data)
    __lcctype_c_name                         0x0800609c   Data           2  lc_ctype_c.o(locale$$data)
    __lcctype_c_start                        0x080060a4   Data           0  lc_ctype_c.o(locale$$data)
    __lcctype_c_end                          0x080061a8   Data           0  lc_ctype_c.o(locale$$data)
    .data                                    0x20000000   Section        3  motor.o(.data)
    .data                                    0x20000004   Section       43  main.o(.data)
    .data                                    0x20000030   Section        9  stm32f1xx_hal.o(.data)
    .data                                    0x2000003c   Section        4  system_stm32f1xx.o(.data)
    .bss                                     0x20000040   Section      280  main.o(.bss)
    .bss                                     0x20000158   Section      288  tim.o(.bss)
    .bss                                     0x20000278   Section      208  usart.o(.bss)
    .bss                                     0x20000348   Section       96  libspace.o(.bss)
    HEAP                                     0x200003a8   Section      512  startup_stm32f103xb.o(HEAP)
    Heap_Mem                                 0x200003a8   Data         512  startup_stm32f103xb.o(HEAP)
    STACK                                    0x200005a8   Section     1024  startup_stm32f103xb.o(STACK)
    Stack_Mem                                0x200005a8   Data        1024  startup_stm32f103xb.o(STACK)
    __initial_sp                             0x200009a8   Data           0  startup_stm32f103xb.o(STACK)

    Global Symbols

    Symbol Name                              Value     Ov Type        Size  Object(Section)

    BuildAttributes$$THM_ISAv4$P$D$K$B$S$PE$A:L22UL41UL21$X:L11$S22US41US21$IEEE1$IW$USESV6$~STKCKD$USESV7$~SHL$OTIME$ROPI$IEEEX$EBA8$UX$STANDARDLIB$REQ8$PRES8$EABIv2 0x00000000   Number         0  anon$$obj.o ABSOLUTE
    __ARM_use_no_argv                        0x00000000   Number         0  main.o ABSOLUTE
    _printf_flags                            0x00000000   Number         0  printf_stubs.o ABSOLUTE
    _printf_return_value                     0x00000000   Number         0  printf_stubs.o ABSOLUTE
    _printf_sizespec                         0x00000000   Number         0  printf_stubs.o ABSOLUTE
    _printf_widthprec                        0x00000000   Number         0  printf_stubs.o ABSOLUTE
    __ARM_exceptions_init                     - Undefined Weak Reference
    __alloca_initialize                       - Undefined Weak Reference
    __arm_fini_                               - Undefined Weak Reference
    __arm_preinit_                            - Undefined Weak Reference
    __cpp_initialize__aeabi_                  - Undefined Weak Reference
    __cxa_finalize                            - Undefined Weak Reference
    __sigvec_lookup                           - Undefined Weak Reference
    _atexit_init                              - Undefined Weak Reference
    _call_atexit_fns                          - Undefined Weak Reference
    _clock_init                               - Undefined Weak Reference
    _fp_trap_init                             - Undefined Weak Reference
    _fp_trap_shutdown                         - Undefined Weak Reference
    _get_lc_collate                           - Undefined Weak Reference
    _get_lc_monetary                          - Undefined Weak Reference
    _get_lc_time                              - Undefined Weak Reference
    _getenv_init                              - Undefined Weak Reference
    _handle_redirection                       - Undefined Weak Reference
    _init_alloc                               - Undefined Weak Reference
    _init_user_alloc                          - Undefined Weak Reference
    _initio                                   - Undefined Weak Reference
    _printf_post_padding                      - Undefined Weak Reference
    _printf_pre_padding                       - Undefined Weak Reference
    _printf_truncate_signed                   - Undefined Weak Reference
    _printf_truncate_unsigned                 - Undefined Weak Reference
    _rand_init                                - Undefined Weak Reference
    _scanf_int                                - Undefined Weak Reference
    _scanf_longlong                           - Undefined Weak Reference
    _scanf_mbtowc                             - Undefined Weak Reference
    _scanf_string                             - Undefined Weak Reference
    _scanf_wctomb                             - Undefined Weak Reference
    _scanf_wstring                            - Undefined Weak Reference
    _signal_finish                            - Undefined Weak Reference
    _signal_init                              - Undefined Weak Reference
    _terminate_alloc                          - Undefined Weak Reference
    _terminate_user_alloc                     - Undefined Weak Reference
    _terminateio                              - Undefined Weak Reference
    __Vectors_Size                           0x000000ec   Number         0  startup_stm32f103xb.o ABSOLUTE
    __Vectors                                0x08000000   Data           4  startup_stm32f103xb.o(RESET)
    __Vectors_End                            0x080000ec   Data           0  startup_stm32f103xb.o(RESET)
    __main                                   0x080000ed   Thumb Code     8  __main.o(!!!main)
    __scatterload                            0x080000f5   Thumb Code     0  __scatter.o(!!!scatter)
    __scatterload_rt2                        0x080000f5   Thumb Code    44  __scatter.o(!!!scatter)
    __scatterload_rt2_thumb_only             0x080000f5   Thumb Code     0  __scatter.o(!!!scatter)
    __scatterload_null                       0x08000103   Thumb Code     0  __scatter.o(!!!scatter)
    __scatterload_copy                       0x08000129   Thumb Code    26  __scatter_copy.o(!!handler_copy)
    __scatterload_zeroinit                   0x08000145   Thumb Code    28  __scatter_zi.o(!!handler_zi)
    _printf_f                                0x08000161   Thumb Code     0  _printf_f.o(.ARM.Collect$$_printf_percent$$00000003)
    _printf_percent                          0x08000161   Thumb Code     0  _printf_percent.o(.ARM.Collect$$_printf_percent$$00000000)
    _printf_d                                0x08000167   Thumb Code     0  _printf_d.o(.ARM.Collect$$_printf_percent$$00000009)
    _printf_percent_end                      0x0800016d   Thumb Code     0  _printf_percent_end.o(.ARM.Collect$$_printf_percent$$00000017)
    __rt_lib_init                            0x08000171   Thumb Code     0  libinit.o(.ARM.Collect$$libinit$$00000000)
    __rt_lib_init_fp_1                       0x08000173   Thumb Code     0  libinit2.o(.ARM.Collect$$libinit$$00000002)
    __rt_lib_init_heap_1                     0x08000173   Thumb Code     0  libinit2.o(.ARM.Collect$$libinit$$0000000A)
    __rt_lib_init_lc_common                  0x08000173   Thumb Code     0  libinit2.o(.ARM.Collect$$libinit$$0000000F)
    __rt_lib_init_preinit_1                  0x08000173   Thumb Code     0  libinit2.o(.ARM.Collect$$libinit$$00000004)
    __rt_lib_init_rand_1                     0x08000173   Thumb Code     0  libinit2.o(.ARM.Collect$$libinit$$0000000E)
    __rt_lib_init_user_alloc_1               0x08000173   Thumb Code     0  libinit2.o(.ARM.Collect$$libinit$$0000000C)
    __rt_lib_init_lc_collate_1               0x08000179   Thumb Code     0  libinit2.o(.ARM.Collect$$libinit$$00000011)
    __rt_lib_init_lc_ctype_2                 0x08000179   Thumb Code     0  libinit2.o(.ARM.Collect$$libinit$$00000012)
    __rt_lib_init_lc_ctype_1                 0x08000185   Thumb Code     0  libinit2.o(.ARM.Collect$$libinit$$00000013)
    __rt_lib_init_lc_monetary_1              0x08000185   Thumb Code     0  libinit2.o(.ARM.Collect$$libinit$$00000015)
    __rt_lib_init_lc_numeric_2               0x08000185   Thumb Code     0  libinit2.o(.ARM.Collect$$libinit$$00000016)
    __rt_lib_init_alloca_1                   0x0800018f   Thumb Code     0  libinit2.o(.ARM.Collect$$libinit$$0000002E)
    __rt_lib_init_argv_1                     0x0800018f   Thumb Code     0  libinit2.o(.ARM.Collect$$libinit$$0000002C)
    __rt_lib_init_atexit_1                   0x0800018f   Thumb Code     0  libinit2.o(.ARM.Collect$$libinit$$0000001B)
    __rt_lib_init_clock_1                    0x0800018f   Thumb Code     0  libinit2.o(.ARM.Collect$$libinit$$00000021)
    __rt_lib_init_cpp_1                      0x0800018f   Thumb Code     0  libinit2.o(.ARM.Collect$$libinit$$00000032)
    __rt_lib_init_exceptions_1               0x0800018f   Thumb Code     0  libinit2.o(.ARM.Collect$$libinit$$00000030)
    __rt_lib_init_fp_trap_1                  0x0800018f   Thumb Code     0  libinit2.o(.ARM.Collect$$libinit$$0000001F)
    __rt_lib_init_getenv_1                   0x0800018f   Thumb Code     0  libinit2.o(.ARM.Collect$$libinit$$00000023)
    __rt_lib_init_lc_numeric_1               0x0800018f   Thumb Code     0  libinit2.o(.ARM.Collect$$libinit$$00000017)
    __rt_lib_init_lc_time_1                  0x0800018f   Thumb Code     0  libinit2.o(.ARM.Collect$$libinit$$00000019)
    __rt_lib_init_return                     0x0800018f   Thumb Code     0  libinit2.o(.ARM.Collect$$libinit$$00000033)
    __rt_lib_init_signal_1                   0x0800018f   Thumb Code     0  libinit2.o(.ARM.Collect$$libinit$$0000001D)
    __rt_lib_init_stdio_1                    0x0800018f   Thumb Code     0  libinit2.o(.ARM.Collect$$libinit$$00000025)
    __rt_lib_shutdown                        0x08000191   Thumb Code     0  libshutdown.o(.ARM.Collect$$libshutdown$$00000000)
    __rt_lib_shutdown_cpp_1                  0x08000193   Thumb Code     0  libshutdown2.o(.ARM.Collect$$libshutdown$$00000004)
    __rt_lib_shutdown_fini_1                 0x08000193   Thumb Code     0  libshutdown2.o(.ARM.Collect$$libshutdown$$00000002)
    __rt_lib_shutdown_fp_trap_1              0x08000193   Thumb Code     0  libshutdown2.o(.ARM.Collect$$libshutdown$$00000009)
    __rt_lib_shutdown_heap_1                 0x08000193   Thumb Code     0  libshutdown2.o(.ARM.Collect$$libshutdown$$00000011)
    __rt_lib_shutdown_return                 0x08000193   Thumb Code     0  libshutdown2.o(.ARM.Collect$$libshutdown$$00000012)
    __rt_lib_shutdown_signal_1               0x08000193   Thumb Code     0  libshutdown2.o(.ARM.Collect$$libshutdown$$0000000C)
    __rt_lib_shutdown_stdio_1                0x08000193   Thumb Code     0  libshutdown2.o(.ARM.Collect$$libshutdown$$00000006)
    __rt_lib_shutdown_user_alloc_1           0x08000193   Thumb Code     0  libshutdown2.o(.ARM.Collect$$libshutdown$$0000000E)
    __rt_entry                               0x08000195   Thumb Code     0  __rtentry.o(.ARM.Collect$$rtentry$$00000000)
    __rt_entry_presh_1                       0x08000195   Thumb Code     0  __rtentry2.o(.ARM.Collect$$rtentry$$00000002)
    __rt_entry_sh                            0x08000195   Thumb Code     0  __rtentry4.o(.ARM.Collect$$rtentry$$00000004)
    __rt_entry_li                            0x0800019b   Thumb Code     0  __rtentry2.o(.ARM.Collect$$rtentry$$0000000A)
    __rt_entry_postsh_1                      0x0800019b   Thumb Code     0  __rtentry2.o(.ARM.Collect$$rtentry$$00000009)
    __rt_entry_main                          0x0800019f   Thumb Code     0  __rtentry2.o(.ARM.Collect$$rtentry$$0000000D)
    __rt_entry_postli_1                      0x0800019f   Thumb Code     0  __rtentry2.o(.ARM.Collect$$rtentry$$0000000C)
    __rt_exit                                0x080001a7   Thumb Code     0  rtexit.o(.ARM.Collect$$rtexit$$00000000)
    __rt_exit_ls                             0x080001a9   Thumb Code     0  rtexit2.o(.ARM.Collect$$rtexit$$00000003)
    __rt_exit_prels_1                        0x080001a9   Thumb Code     0  rtexit2.o(.ARM.Collect$$rtexit$$00000002)
    __rt_exit_exit                           0x080001ad   Thumb Code     0  rtexit2.o(.ARM.Collect$$rtexit$$00000004)
    Reset_Handler                            0x080001b5   Thumb Code     8  startup_stm32f103xb.o(.text)
    ADC1_2_IRQHandler                        0x080001cf   Thumb Code     0  startup_stm32f103xb.o(.text)
    CAN1_RX1_IRQHandler                      0x080001cf   Thumb Code     0  startup_stm32f103xb.o(.text)
    CAN1_SCE_IRQHandler                      0x080001cf   Thumb Code     0  startup_stm32f103xb.o(.text)
    DMA1_Channel1_IRQHandler                 0x080001cf   Thumb Code     0  startup_stm32f103xb.o(.text)
    DMA1_Channel2_IRQHandler                 0x080001cf   Thumb Code     0  startup_stm32f103xb.o(.text)
    DMA1_Channel3_IRQHandler                 0x080001cf   Thumb Code     0  startup_stm32f103xb.o(.text)
    DMA1_Channel6_IRQHandler                 0x080001cf   Thumb Code     0  startup_stm32f103xb.o(.text)
    DMA1_Channel7_IRQHandler                 0x080001cf   Thumb Code     0  startup_stm32f103xb.o(.text)
    EXTI0_IRQHandler                         0x080001cf   Thumb Code     0  startup_stm32f103xb.o(.text)
    EXTI15_10_IRQHandler                     0x080001cf   Thumb Code     0  startup_stm32f103xb.o(.text)
    EXTI1_IRQHandler                         0x080001cf   Thumb Code     0  startup_stm32f103xb.o(.text)
    EXTI2_IRQHandler                         0x080001cf   Thumb Code     0  startup_stm32f103xb.o(.text)
    EXTI3_IRQHandler                         0x080001cf   Thumb Code     0  startup_stm32f103xb.o(.text)
    EXTI4_IRQHandler                         0x080001cf   Thumb Code     0  startup_stm32f103xb.o(.text)
    EXTI9_5_IRQHandler                       0x080001cf   Thumb Code     0  startup_stm32f103xb.o(.text)
    FLASH_IRQHandler                         0x080001cf   Thumb Code     0  startup_stm32f103xb.o(.text)
    I2C1_ER_IRQHandler                       0x080001cf   Thumb Code     0  startup_stm32f103xb.o(.text)
    I2C1_EV_IRQHandler                       0x080001cf   Thumb Code     0  startup_stm32f103xb.o(.text)
    I2C2_ER_IRQHandler                       0x080001cf   Thumb Code     0  startup_stm32f103xb.o(.text)
    I2C2_EV_IRQHandler                       0x080001cf   Thumb Code     0  startup_stm32f103xb.o(.text)
    PVD_IRQHandler                           0x080001cf   Thumb Code     0  startup_stm32f103xb.o(.text)
    RCC_IRQHandler                           0x080001cf   Thumb Code     0  startup_stm32f103xb.o(.text)
    RTC_Alarm_IRQHandler                     0x080001cf   Thumb Code     0  startup_stm32f103xb.o(.text)
    RTC_IRQHandler                           0x080001cf   Thumb Code     0  startup_stm32f103xb.o(.text)
    SPI1_IRQHandler                          0x080001cf   Thumb Code     0  startup_stm32f103xb.o(.text)
    SPI2_IRQHandler                          0x080001cf   Thumb Code     0  startup_stm32f103xb.o(.text)
    TAMPER_IRQHandler                        0x080001cf   Thumb Code     0  startup_stm32f103xb.o(.text)
    TIM1_BRK_IRQHandler                      0x080001cf   Thumb Code     0  startup_stm32f103xb.o(.text)
    TIM1_CC_IRQHandler                       0x080001cf   Thumb Code     0  startup_stm32f103xb.o(.text)
    TIM1_TRG_COM_IRQHandler                  0x080001cf   Thumb Code     0  startup_stm32f103xb.o(.text)
    TIM1_UP_IRQHandler                       0x080001cf   Thumb Code     0  startup_stm32f103xb.o(.text)
    TIM2_IRQHandler                          0x080001cf   Thumb Code     0  startup_stm32f103xb.o(.text)
    TIM3_IRQHandler                          0x080001cf   Thumb Code     0  startup_stm32f103xb.o(.text)
    USART2_IRQHandler                        0x080001cf   Thumb Code     0  startup_stm32f103xb.o(.text)
    USART3_IRQHandler                        0x080001cf   Thumb Code     0  startup_stm32f103xb.o(.text)
    USBWakeUp_IRQHandler                     0x080001cf   Thumb Code     0  startup_stm32f103xb.o(.text)
    USB_HP_CAN1_TX_IRQHandler                0x080001cf   Thumb Code     0  startup_stm32f103xb.o(.text)
    USB_LP_CAN1_RX0_IRQHandler               0x080001cf   Thumb Code     0  startup_stm32f103xb.o(.text)
    WWDG_IRQHandler                          0x080001cf   Thumb Code     0  startup_stm32f103xb.o(.text)
    __user_initial_stackheap                 0x080001d1   Thumb Code     0  startup_stm32f103xb.o(.text)
    __2sprintf                               0x080001f5   Thumb Code    34  noretval__2sprintf.o(.text)
    _printf_int_dec                          0x0800021d   Thumb Code   104  _printf_dec.o(.text)
    __printf                                 0x08000295   Thumb Code   270  __printf_wp.o(.text)
    __0sscanf                                0x080003a5   Thumb Code    52  __0sscanf.o(.text)
    strlen                                   0x080003e1   Thumb Code    62  strlen.o(.text)
    __aeabi_memcpy4                          0x0800041f   Thumb Code     0  rt_memcpy_w.o(.text)
    __aeabi_memcpy8                          0x0800041f   Thumb Code     0  rt_memcpy_w.o(.text)
    __rt_memcpy_w                            0x0800041f   Thumb Code   100  rt_memcpy_w.o(.text)
    _memcpy_lastbytes_aligned                0x08000467   Thumb Code     0  rt_memcpy_w.o(.text)
    __aeabi_memclr4                          0x08000483   Thumb Code     0  rt_memclr_w.o(.text)
    __aeabi_memclr8                          0x08000483   Thumb Code     0  rt_memclr_w.o(.text)
    __rt_memclr_w                            0x08000483   Thumb Code    78  rt_memclr_w.o(.text)
    _memset_w                                0x08000487   Thumb Code     0  rt_memclr_w.o(.text)
    __use_two_region_memory                  0x080004d1   Thumb Code     2  heapauxi.o(.text)
    __rt_heap_escrow$2region                 0x080004d3   Thumb Code     2  heapauxi.o(.text)
    __rt_heap_expand$2region                 0x080004d5   Thumb Code     2  heapauxi.o(.text)
    _printf_int_common                       0x080004d7   Thumb Code   178  _printf_intcommon.o(.text)
    __lib_sel_fp_printf                      0x08000589   Thumb Code     2  _printf_fp_dec.o(.text)
    _printf_fp_dec_real                      0x0800073b   Thumb Code   620  _printf_fp_dec.o(.text)
    _printf_char_common                      0x080009b3   Thumb Code    32  _printf_char_common.o(.text)
    _sputc                                   0x080009d9   Thumb Code    10  _sputc.o(.text)
    _scanf_really_real                       0x08000c31   Thumb Code   684  scanf_fp.o(.text)
    __vfscanf_char                           0x08000ee9   Thumb Code    24  scanf_char.o(.text)
    _sgetc                                   0x08000f09   Thumb Code    30  _sgetc.o(.text)
    _sbackspace                              0x08000f27   Thumb Code    34  _sgetc.o(.text)
    __rt_locale                              0x08000f49   Thumb Code     8  rt_locale_intlibspace.o(.text)
    __aeabi_errno_addr                       0x08000f51   Thumb Code     8  rt_errno_addr_intlibspace.o(.text)
    __errno$intlibspace                      0x08000f51   Thumb Code     0  rt_errno_addr_intlibspace.o(.text)
    __rt_errno_addr$intlibspace              0x08000f51   Thumb Code     0  rt_errno_addr_intlibspace.o(.text)
    _ll_udiv10                               0x08000f59   Thumb Code   138  lludiv10.o(.text)
    isspace                                  0x08000fe3   Thumb Code    18  isspace.o(.text)
    _printf_fp_infnan                        0x08000ff5   Thumb Code   112  _printf_fp_infnan.o(.text)
    __vfscanf                                0x08001075   Thumb Code   880  _scanf.o(.text)
    _btod_etento                             0x080013e9   Thumb Code   224  bigflt0.o(.text)
    __user_libspace                          0x080014cd   Thumb Code     8  libspace.o(.text)
    __user_perproc_libspace                  0x080014cd   Thumb Code     0  libspace.o(.text)
    __user_perthread_libspace                0x080014cd   Thumb Code     0  libspace.o(.text)
    __user_setup_stackheap                   0x080014d5   Thumb Code    74  sys_stackheap_outer.o(.text)
    __rt_ctype_table                         0x08001521   Thumb Code    16  rt_ctype_table.o(.text)
    __read_errno                             0x08001531   Thumb Code    10  _rserrno.o(.text)
    __set_errno                              0x0800153b   Thumb Code    12  _rserrno.o(.text)
    _scanf_really_hex_real                   0x08001549   Thumb Code   786  scanf_hexfp.o(.text)
    _scanf_really_infnan                     0x08001869   Thumb Code   292  scanf_infnan.o(.text)
    exit                                     0x0800199d   Thumb Code    18  exit.o(.text)
    strcmp                                   0x080019b1   Thumb Code   128  strcmpv7m.o(.text)
    __aeabi_llsl                             0x08001a31   Thumb Code     0  llshl.o(.text)
    _ll_shift_l                              0x08001a31   Thumb Code    38  llshl.o(.text)
    _chval                                   0x08001a57   Thumb Code    28  _chval.o(.text)
    _sys_exit                                0x08001a75   Thumb Code     8  sys_exit.o(.text)
    __I$use$semihosting                      0x08001a81   Thumb Code     0  use_no_semi.o(.text)
    __use_no_semihosting_swi                 0x08001a81   Thumb Code     2  use_no_semi.o(.text)
    __semihosting_library_function           0x08001a83   Thumb Code     0  indicate_semi.o(.text)
    _btod_d2e                                0x08001a83   Thumb Code    62  btod.o(CL$$btod_d2e)
    _d2e_denorm_low                          0x08001ac1   Thumb Code    70  btod.o(CL$$btod_d2e_denorm_low)
    _d2e_norm_op1                            0x08001b07   Thumb Code    96  btod.o(CL$$btod_d2e_norm_op1)
    __btod_div_common                        0x08001b67   Thumb Code   696  btod.o(CL$$btod_div_common)
    _e2d                                     0x08001ea1   Thumb Code   122  btod.o(CL$$btod_e2d)
    _e2e                                     0x08001f25   Thumb Code   220  btod.o(CL$$btod_e2e)
    _btod_ediv                               0x08002001   Thumb Code    42  btod.o(CL$$btod_ediv)
    _btod_edivd                              0x0800202b   Thumb Code    42  btod.o(CL$$btod_edivd)
    _btod_emul                               0x08002055   Thumb Code    42  btod.o(CL$$btod_emul)
    _btod_emuld                              0x0800207f   Thumb Code    42  btod.o(CL$$btod_emuld)
    __btod_mult_common                       0x080020a9   Thumb Code   580  btod.o(CL$$btod_mult_common)
    BusFault_Handler                         0x080022ed   Thumb Code     4  stm32f1xx_it.o(i.BusFault_Handler)
    DMA1_Channel4_IRQHandler                 0x080022f1   Thumb Code    10  stm32f1xx_it.o(i.DMA1_Channel4_IRQHandler)
    DMA1_Channel5_IRQHandler                 0x08002301   Thumb Code    10  stm32f1xx_it.o(i.DMA1_Channel5_IRQHandler)
    DataProcess_Task                         0x0800233d   Thumb Code   236  main.o(i.DataProcess_Task)
    DebugMon_Handler                         0x08002491   Thumb Code     2  stm32f1xx_it.o(i.DebugMon_Handler)
    Error_Handler                            0x08002493   Thumb Code     6  main.o(i.Error_Handler)
    HAL_DMA_Abort                            0x08002499   Thumb Code    86  stm32f1xx_hal_dma.o(i.HAL_DMA_Abort)
    HAL_DMA_Abort_IT                         0x080024f1   Thumb Code   172  stm32f1xx_hal_dma.o(i.HAL_DMA_Abort_IT)
    HAL_DMA_IRQHandler                       0x080025a1   Thumb Code   408  stm32f1xx_hal_dma.o(i.HAL_DMA_IRQHandler)
    HAL_DMA_Init                             0x0800273d   Thumb Code   100  stm32f1xx_hal_dma.o(i.HAL_DMA_Init)
    HAL_DMA_Start_IT                         0x080027a5   Thumb Code   156  stm32f1xx_hal_dma.o(i.HAL_DMA_Start_IT)
    HAL_Delay                                0x08002841   Thumb Code    36  stm32f1xx_hal.o(i.HAL_Delay)
    HAL_GPIO_Init                            0x08002869   Thumb Code   766  stm32f1xx_hal_gpio.o(i.HAL_GPIO_Init)
    HAL_GPIO_WritePin                        0x08002b89   Thumb Code    12  stm32f1xx_hal_gpio.o(i.HAL_GPIO_WritePin)
    HAL_GetTick                              0x08002b95   Thumb Code     6  stm32f1xx_hal.o(i.HAL_GetTick)
    HAL_IncTick                              0x08002ba1   Thumb Code    16  stm32f1xx_hal.o(i.HAL_IncTick)
    HAL_Init                                 0x08002bb9   Thumb Code    34  stm32f1xx_hal.o(i.HAL_Init)
    HAL_InitTick                             0x08002be1   Thumb Code    64  stm32f1xx_hal.o(i.HAL_InitTick)
    HAL_MspInit                              0x08002c2d   Thumb Code    76  stm32f1xx_hal_msp.o(i.HAL_MspInit)
    HAL_NVIC_EnableIRQ                       0x08002c81   Thumb Code    32  stm32f1xx_hal_cortex.o(i.HAL_NVIC_EnableIRQ)
    HAL_NVIC_SetPriority                     0x08002ca1   Thumb Code   124  stm32f1xx_hal_cortex.o(i.HAL_NVIC_SetPriority)
    HAL_NVIC_SetPriorityGrouping             0x08002d1d   Thumb Code    32  stm32f1xx_hal_cortex.o(i.HAL_NVIC_SetPriorityGrouping)
    HAL_RCC_ClockConfig                      0x08002d45   Thumb Code   376  stm32f1xx_hal_rcc.o(i.HAL_RCC_ClockConfig)
    HAL_RCC_GetHCLKFreq                      0x08002ed1   Thumb Code     6  stm32f1xx_hal_rcc.o(i.HAL_RCC_GetHCLKFreq)
    HAL_RCC_GetPCLK1Freq                     0x08002edd   Thumb Code    22  stm32f1xx_hal_rcc.o(i.HAL_RCC_GetPCLK1Freq)
    HAL_RCC_GetPCLK2Freq                     0x08002efd   Thumb Code    22  stm32f1xx_hal_rcc.o(i.HAL_RCC_GetPCLK2Freq)
    HAL_RCC_GetSysClockFreq                  0x08002f1d   Thumb Code    92  stm32f1xx_hal_rcc.o(i.HAL_RCC_GetSysClockFreq)
    HAL_RCC_OscConfig                        0x08002f8d   Thumb Code  1118  stm32f1xx_hal_rcc.o(i.HAL_RCC_OscConfig)
    HAL_SYSTICK_Config                       0x080033f5   Thumb Code    52  stm32f1xx_hal_cortex.o(i.HAL_SYSTICK_Config)
    HAL_TIMEx_BreakCallback                  0x08003429   Thumb Code     2  stm32f1xx_hal_tim_ex.o(i.HAL_TIMEx_BreakCallback)
    HAL_TIMEx_CommutCallback                 0x0800342b   Thumb Code     2  stm32f1xx_hal_tim_ex.o(i.HAL_TIMEx_CommutCallback)
    HAL_TIMEx_ConfigBreakDeadTime            0x0800342d   Thumb Code   116  stm32f1xx_hal_tim_ex.o(i.HAL_TIMEx_ConfigBreakDeadTime)
    HAL_TIMEx_MasterConfigSynchronization    0x080034a1   Thumb Code   118  stm32f1xx_hal_tim_ex.o(i.HAL_TIMEx_MasterConfigSynchronization)
    HAL_TIM_Base_Init                        0x08003525   Thumb Code   102  stm32f1xx_hal_tim.o(i.HAL_TIM_Base_Init)
    HAL_TIM_Base_MspInit                     0x0800358d   Thumb Code    58  tim.o(i.HAL_TIM_Base_MspInit)
    HAL_TIM_Base_Start_IT                    0x080035d1   Thumb Code   106  stm32f1xx_hal_tim.o(i.HAL_TIM_Base_Start_IT)
    HAL_TIM_ConfigClockSource                0x08003649   Thumb Code   268  stm32f1xx_hal_tim.o(i.HAL_TIM_ConfigClockSource)
    HAL_TIM_Encoder_Init                     0x08003755   Thumb Code   196  stm32f1xx_hal_tim.o(i.HAL_TIM_Encoder_Init)
    HAL_TIM_Encoder_MspInit                  0x08003819   Thumb Code   182  tim.o(i.HAL_TIM_Encoder_MspInit)
    HAL_TIM_Encoder_Start                    0x080038dd   Thumb Code   204  stm32f1xx_hal_tim.o(i.HAL_TIM_Encoder_Start)
    HAL_TIM_IC_CaptureCallback               0x080039a9   Thumb Code     2  stm32f1xx_hal_tim.o(i.HAL_TIM_IC_CaptureCallback)
    HAL_TIM_IRQHandler                       0x080039ab   Thumb Code   364  stm32f1xx_hal_tim.o(i.HAL_TIM_IRQHandler)
    HAL_TIM_MspPostInit                      0x08003b19   Thumb Code    76  tim.o(i.HAL_TIM_MspPostInit)
    HAL_TIM_OC_DelayElapsedCallback          0x08003b71   Thumb Code     2  stm32f1xx_hal_tim.o(i.HAL_TIM_OC_DelayElapsedCallback)
    HAL_TIM_PWM_ConfigChannel                0x08003b73   Thumb Code   260  stm32f1xx_hal_tim.o(i.HAL_TIM_PWM_ConfigChannel)
    HAL_TIM_PWM_Init                         0x08003c77   Thumb Code   102  stm32f1xx_hal_tim.o(i.HAL_TIM_PWM_Init)
    HAL_TIM_PWM_MspInit                      0x08003cdd   Thumb Code    40  tim.o(i.HAL_TIM_PWM_MspInit)
    HAL_TIM_PWM_PulseFinishedCallback        0x08003d0d   Thumb Code     2  stm32f1xx_hal_tim.o(i.HAL_TIM_PWM_PulseFinishedCallback)
    HAL_TIM_PWM_Start                        0x08003d11   Thumb Code   198  stm32f1xx_hal_tim.o(i.HAL_TIM_PWM_Start)
    HAL_TIM_PeriodElapsedCallback            0x08003de5   Thumb Code   190  main.o(i.HAL_TIM_PeriodElapsedCallback)
    HAL_TIM_TriggerCallback                  0x08003ed9   Thumb Code     2  stm32f1xx_hal_tim.o(i.HAL_TIM_TriggerCallback)
    HAL_UARTEx_ReceiveToIdle_DMA             0x08003edb   Thumb Code   112  stm32f1xx_hal_uart.o(i.HAL_UARTEx_ReceiveToIdle_DMA)
    HAL_UARTEx_RxEventCallback               0x08003f4d   Thumb Code    18  main.o(i.HAL_UARTEx_RxEventCallback)
    HAL_UART_ErrorCallback                   0x08003f6d   Thumb Code     2  stm32f1xx_hal_uart.o(i.HAL_UART_ErrorCallback)
    HAL_UART_IRQHandler                      0x08003f71   Thumb Code   736  stm32f1xx_hal_uart.o(i.HAL_UART_IRQHandler)
    HAL_UART_Init                            0x08004255   Thumb Code   118  stm32f1xx_hal_uart.o(i.HAL_UART_Init)
    HAL_UART_MspInit                         0x080042cd   Thumb Code   256  usart.o(i.HAL_UART_MspInit)
    HAL_UART_RxCpltCallback                  0x080043e9   Thumb Code     2  stm32f1xx_hal_uart.o(i.HAL_UART_RxCpltCallback)
    HAL_UART_RxHalfCpltCallback              0x080043eb   Thumb Code     2  stm32f1xx_hal_uart.o(i.HAL_UART_RxHalfCpltCallback)
    HAL_UART_Transmit_DMA                    0x080043ed   Thumb Code   128  stm32f1xx_hal_uart.o(i.HAL_UART_Transmit_DMA)
    HAL_UART_TxCpltCallback                  0x08004479   Thumb Code     2  stm32f1xx_hal_uart.o(i.HAL_UART_TxCpltCallback)
    HAL_UART_TxHalfCpltCallback              0x0800447b   Thumb Code     2  stm32f1xx_hal_uart.o(i.HAL_UART_TxHalfCpltCallback)
    HardFault_Handler                        0x0800447d   Thumb Code     4  stm32f1xx_it.o(i.HardFault_Handler)
    MX_DMA_Init                              0x08004481   Thumb Code    64  dma.o(i.MX_DMA_Init)
    MX_GPIO_Init                             0x080044c5   Thumb Code   174  gpio.o(i.MX_GPIO_Init)
    MX_TIM1_Init                             0x08004581   Thumb Code   182  tim.o(i.MX_TIM1_Init)
    MX_TIM2_Init                             0x08004641   Thumb Code   116  tim.o(i.MX_TIM2_Init)
    MX_TIM3_Init                             0x080046b9   Thumb Code   120  tim.o(i.MX_TIM3_Init)
    MX_TIM4_Init                             0x08004739   Thumb Code   102  tim.o(i.MX_TIM4_Init)
    MX_USART1_UART_Init                      0x080047a9   Thumb Code    46  usart.o(i.MX_USART1_UART_Init)
    MemManage_Handler                        0x080047e1   Thumb Code     4  stm32f1xx_it.o(i.MemManage_Handler)
    NMI_Handler                              0x080047e5   Thumb Code     4  stm32f1xx_it.o(i.NMI_Handler)
    PID_Clear                                0x080047e9   Thumb Code    36  main.o(i.PID_Clear)
    PendSV_Handler                           0x08004819   Thumb Code     2  stm32f1xx_it.o(i.PendSV_Handler)
    Position_PID_Calc                        0x0800481b   Thumb Code   164  pid.o(i.Position_PID_Calc)
    Position_PID_Init                        0x080048bf   Thumb Code    32  pid.o(i.Position_PID_Init)
    SVC_Handler                              0x08004909   Thumb Code     2  stm32f1xx_it.o(i.SVC_Handler)
    Speed_PID_Calc                           0x0800490b   Thumb Code   164  pid.o(i.Speed_PID_Calc)
    Speed_PID_Init                           0x080049af   Thumb Code    32  pid.o(i.Speed_PID_Init)
    SysTick_Handler                          0x080049cf   Thumb Code     8  stm32f1xx_it.o(i.SysTick_Handler)
    SystemClock_Config                       0x080049d7   Thumb Code   102  main.o(i.SystemClock_Config)
    SystemInit                               0x08004a3d   Thumb Code     2  system_stm32f1xx.o(i.SystemInit)
    TIM4_IRQHandler                          0x08004a41   Thumb Code    10  stm32f1xx_it.o(i.TIM4_IRQHandler)
    TIM_Base_SetConfig                       0x08004a51   Thumb Code   120  stm32f1xx_hal_tim.o(i.TIM_Base_SetConfig)
    TIM_CCxChannelCmd                        0x08004ad5   Thumb Code    34  stm32f1xx_hal_tim.o(i.TIM_CCxChannelCmd)
    TIM_ETR_SetConfig                        0x08004af7   Thumb Code    22  stm32f1xx_hal_tim.o(i.TIM_ETR_SetConfig)
    TIM_OC2_SetConfig                        0x08004b81   Thumb Code   100  stm32f1xx_hal_tim.o(i.TIM_OC2_SetConfig)
    UART_Start_Receive_DMA                   0x08005135   Thumb Code   186  stm32f1xx_hal_uart.o(i.UART_Start_Receive_DMA)
    USART1_IRQHandler                        0x0800525d   Thumb Code    10  stm32f1xx_it.o(i.USART1_IRQHandler)
    UsageFault_Handler                       0x0800526d   Thumb Code     4  stm32f1xx_it.o(i.UsageFault_Handler)
    __ARM_fpclassify                         0x08005271   Thumb Code    40  fpclassify.o(i.__ARM_fpclassify)
    __mathlib_dbl_overflow                   0x080052d1   Thumb Code    14  dunder.o(i.__mathlib_dbl_overflow)
    __mathlib_dbl_underflow                  0x080052e1   Thumb Code    10  dunder.o(i.__mathlib_dbl_underflow)
    __mathlib_narrow                         0x080052f1   Thumb Code    16  narrow.o(i.__mathlib_narrow)
    __mathlib_tofloat                        0x08005301   Thumb Code   184  narrow.o(i.__mathlib_tofloat)
    __support_ldexp                          0x080053bd   Thumb Code    22  ldexp.o(i.__support_ldexp)
    _is_digit                                0x080053d3   Thumb Code    14  __printf_wp.o(i._is_digit)
    frexp                                    0x080053e1   Thumb Code    80  frexp.o(i.frexp)
    ldexp                                    0x08005439   Thumb Code   116  ldexp.o(i.ldexp)
    main                                     0x080054ad   Thumb Code   302  main.o(i.main)
    motor_ctrl                               0x0800563d   Thumb Code    52  motor.o(i.motor_ctrl)
    motor_init                               0x08005679   Thumb Code   304  motor.o(i.motor_init)
    _get_lc_numeric                          0x080057c5   Thumb Code    44  lc_numeric_c.o(locale$$code)
    _get_lc_ctype                            0x080057f1   Thumb Code    44  lc_ctype_c.o(locale$$code)
    __aeabi_d2f                              0x0800581d   Thumb Code     0  d2f.o(x$fpl$d2f)
    _d2f                                     0x0800581d   Thumb Code    98  d2f.o(x$fpl$d2f)
    __fpl_dcheck_NaN1                        0x08005881   Thumb Code    10  dcheck1.o(x$fpl$dcheck1)
    __fpl_dcmp_Inf                           0x08005891   Thumb Code    24  dcmpi.o(x$fpl$dcmpinf)
    __aeabi_cdcmpeq                          0x080058a9   Thumb Code     0  deqf.o(x$fpl$deqf)
    _dcmpeq                                  0x080058a9   Thumb Code   120  deqf.o(x$fpl$deqf)
    __aeabi_cdcmple                          0x08005921   Thumb Code     0  dleqf.o(x$fpl$dleqf)
    _dcmple                                  0x08005921   Thumb Code   120  dleqf.o(x$fpl$dleqf)
    __fpl_dcmple_InfNaN                      0x08005983   Thumb Code     0  dleqf.o(x$fpl$dleqf)
    __fpl_dnaninf                            0x08005999   Thumb Code   156  dnaninf.o(x$fpl$dnaninf)
    __fpl_dretinf                            0x08005a35   Thumb Code    12  dretinf.o(x$fpl$dretinf)
    __aeabi_cdrcmple                         0x08005a41   Thumb Code     0  drleqf.o(x$fpl$drleqf)
    _drcmple                                 0x08005a41   Thumb Code   108  drleqf.o(x$fpl$drleqf)
    __aeabi_f2d                              0x08005aad   Thumb Code     0  f2d.o(x$fpl$f2d)
    _f2d                                     0x08005aad   Thumb Code    86  f2d.o(x$fpl$f2d)
    __aeabi_fdiv                             0x08005b05   Thumb Code     0  fdiv.o(x$fpl$fdiv)
    _fdiv                                    0x08005b05   Thumb Code   384  fdiv.o(x$fpl$fdiv)
    __aeabi_f2iz                             0x08005c89   Thumb Code     0  ffix.o(x$fpl$ffix)
    _ffix                                    0x08005c89   Thumb Code    54  ffix.o(x$fpl$ffix)
    __aeabi_i2f                              0x08005cc1   Thumb Code     0  fflt_clz.o(x$fpl$fflt)
    _fflt                                    0x08005cc1   Thumb Code    48  fflt_clz.o(x$fpl$fflt)
    __aeabi_fmul                             0x08005cf1   Thumb Code     0  fmul.o(x$fpl$fmul)
    _fmul                                    0x08005cf1   Thumb Code   258  fmul.o(x$fpl$fmul)
    __fpl_fnaninf                            0x08005df3   Thumb Code   140  fnaninf.o(x$fpl$fnaninf)
    __fpl_fretinf                            0x08005e7f   Thumb Code    10  fretinf.o(x$fpl$fretinf)
    __ieee_status                            0x08005e89   Thumb Code     6  istatus.o(x$fpl$ieeestatus)
    _printf_fp_dec                           0x08005e8f   Thumb Code     4  printf1.o(x$fpl$printf1)
    __fpl_return_NaN                         0x08005e93   Thumb Code   100  retnan.o(x$fpl$retnan)
    __ARM_scalbn                             0x08005ef7   Thumb Code    92  scalbn.o(x$fpl$scalbn)
    _scanf_real                              0x08005f53   Thumb Code     4  scanf1.o(x$fpl$scanf1)
    _scanf_hex_real                          0x08005f57   Thumb Code     4  scanf2.o(x$fpl$scanf2)
    _scanf_infnan                            0x08005f5b   Thumb Code     4  scanf2.o(x$fpl$scanf2)
    __fpl_cmpreturn                          0x08005f5f   Thumb Code    48  trapv.o(x$fpl$trapveneer)
    __I$use$fp                               0x08005f8e   Number         0  usenofp.o(x$fpl$usenofp)
    AHBPrescTable                            0x08005fa0   Data          16  system_stm32f1xx.o(.constdata)
    APBPrescTable                            0x08005fb0   Data           8  system_stm32f1xx.o(.constdata)
    Region$$Table$$Base                      0x0800604c   Number         0  anon$$obj.o(Region$$Table)
    Region$$Table$$Limit                     0x0800606c   Number         0  anon$$obj.o(Region$$Table)
    __aeabi_HUGE_VAL                         0x0800606c   Data           0  fpconst.o(c$$dinf)
    __aeabi_HUGE_VALL                        0x0800606c   Data           0  fpconst.o(c$$dinf)
    __aeabi_INFINITY                         0x0800606c   Data           0  fpconst.o(c$$dinf)
    __dInf                                   0x0800606c   Data           0  fpconst.o(c$$dinf)
    __huge_val                               0x0800606c   Data           0  fpconst.o(c$$dinf)
    __dbl_max                                0x08006074   Data           0  fpconst.o(c$$dmax)
    __ctype                                  0x080060a5   Data           0  lc_ctype_c.o(locale$$data)
    position_loop_enable                     0x20000000   Data           1  motor.o(.data)
    speed_loop_enable                        0x20000001   Data           1  motor.o(.data)
    z_homed                                  0x20000002   Data           1  motor.o(.data)
    Encoder_NewCnt                           0x20000004   Data           2  main.o(.data)
    Encoder_TotalCnt                         0x20000008   Data           4  main.o(.data)
    R_S                                      0x2000000c   Data           4  main.o(.data)
    PWM                                      0x20000010   Data           2  main.o(.data)
    uart_dma_tick                            0x20000014   Data           4  main.o(.data)
    data_process_tick                        0x20000018   Data           4  main.o(.data)
    angle                                    0x2000001c   Data           4  main.o(.data)
    target_angle                             0x20000020   Data           4  main.o(.data)
    ENCODER_CPR                              0x20000024   Data           4  main.o(.data)
    total_angle                              0x20000028   Data           4  main.o(.data)
    uart_rx_length                           0x2000002c   Data           2  main.o(.data)
    uart_rx_frame_ready                      0x2000002e   Data           1  main.o(.data)
    uwTick                                   0x20000030   Data           4  stm32f1xx_hal.o(.data)
    uwTickPrio                               0x20000034   Data           4  stm32f1xx_hal.o(.data)
    uwTickFreq                               0x20000038   Data           1  stm32f1xx_hal.o(.data)
    SystemCoreClock                          0x2000003c   Data           4  system_stm32f1xx.o(.data)
    speed_pid                                0x20000040   Data          44  main.o(.bss)
    position_pid                             0x2000006c   Data          44  main.o(.bss)
    tx_buffer                                0x20000098   Data          64  main.o(.bss)
    rx_buffer                                0x200000d8   Data          64  main.o(.bss)
    safe_buffer                              0x20000118   Data          64  main.o(.bss)
    htim1                                    0x20000158   Data          72  tim.o(.bss)
    htim2                                    0x200001a0   Data          72  tim.o(.bss)
    htim3                                    0x200001e8   Data          72  tim.o(.bss)
    htim4                                    0x20000230   Data          72  tim.o(.bss)
    huart1                                   0x20000278   Data          72  usart.o(.bss)
    hdma_usart1_rx                           0x200002c0   Data          68  usart.o(.bss)
    hdma_usart1_tx                           0x20000304   Data          68  usart.o(.bss)
    __libspace_start                         0x20000348   Data          96  libspace.o(.bss)
    __temporary_stack_top$libspace           0x200003a8   Data           0  libspace.o(.bss)



==============================================================================

Memory Map of the image

  Image Entry point : 0x080000ed

  Load Region LR_IROM1 (Base: 0x08000000, Size: 0x000061e8, Max: 0x00010000, ABSOLUTE)

    Execution Region ER_IROM1 (Exec base: 0x08000000, Load base: 0x08000000, Size: 0x000061a8, Max: 0x00010000, ABSOLUTE)

    Exec Addr    Load Addr    Size         Type   Attr      Idx    E Section Name        Object

    0x08000000   0x08000000   0x000000ec   Data   RO            3    RESET               startup_stm32f103xb.o
    0x080000ec   0x080000ec   0x00000008   Code   RO         3057  * !!!main             c_w.l(__main.o)
    0x080000f4   0x080000f4   0x00000034   Code   RO         3408    !!!scatter          c_w.l(__scatter.o)
    0x08000128   0x08000128   0x0000001a   Code   RO         3410    !!handler_copy      c_w.l(__scatter_copy.o)
    0x08000142   0x08000142   0x00000002   PAD
    0x08000144   0x08000144   0x0000001c   Code   RO         3412    !!handler_zi        c_w.l(__scatter_zi.o)
    0x08000160   0x08000160   0x00000000   Code   RO         3046    .ARM.Collect$$_printf_percent$$00000000  c_w.l(_printf_percent.o)
    0x08000160   0x08000160   0x00000006   Code   RO         3045    .ARM.Collect$$_printf_percent$$00000003  c_w.l(_printf_f.o)
    0x08000166   0x08000166   0x00000006   Code   RO         3044    .ARM.Collect$$_printf_percent$$00000009  c_w.l(_printf_d.o)
    0x0800016c   0x0800016c   0x00000004   Code   RO         3090    .ARM.Collect$$_printf_percent$$00000017  c_w.l(_printf_percent_end.o)
    0x08000170   0x08000170   0x00000002   Code   RO         3209    .ARM.Collect$$libinit$$00000000  c_w.l(libinit.o)
    0x08000172   0x08000172   0x00000000   Code   RO         3211    .ARM.Collect$$libinit$$00000002  c_w.l(libinit2.o)
    0x08000172   0x08000172   0x00000000   Code   RO         3213    .ARM.Collect$$libinit$$00000004  c_w.l(libinit2.o)
    0x08000172   0x08000172   0x00000000   Code   RO         3216    .ARM.Collect$$libinit$$0000000A  c_w.l(libinit2.o)
    0x08000172   0x08000172   0x00000000   Code   RO         3218    .ARM.Collect$$libinit$$0000000C  c_w.l(libinit2.o)
    0x08000172   0x08000172   0x00000000   Code   RO         3220    .ARM.Collect$$libinit$$0000000E  c_w.l(libinit2.o)
    0x08000172   0x08000172   0x00000006   Code   RO         3221    .ARM.Collect$$libinit$$0000000F  c_w.l(libinit2.o)
    0x08000178   0x08000178   0x00000000   Code   RO         3223    .ARM.Collect$$libinit$$00000011  c_w.l(libinit2.o)
    0x08000178   0x08000178   0x0000000c   Code   RO         3224    .ARM.Collect$$libinit$$00000012  c_w.l(libinit2.o)
    0x08000184   0x08000184   0x00000000   Code   RO         3225    .ARM.Collect$$libinit$$00000013  c_w.l(libinit2.o)
    0x08000184   0x08000184   0x00000000   Code   RO         3227    .ARM.Collect$$libinit$$00000015  c_w.l(libinit2.o)
    0x08000184   0x08000184   0x0000000a   Code   RO         3228    .ARM.Collect$$libinit$$00000016  c_w.l(libinit2.o)
    0x0800018e   0x0800018e   0x00000000   Code   RO         3229    .ARM.Collect$$libinit$$00000017  c_w.l(libinit2.o)
    0x0800018e   0x0800018e   0x00000000   Code   RO         3231    .ARM.Collect$$libinit$$00000019  c_w.l(libinit2.o)
    0x0800018e   0x0800018e   0x00000000   Code   RO         3233    .ARM.Collect$$libinit$$0000001B  c_w.l(libinit2.o)
    0x0800018e   0x0800018e   0x00000000   Code   RO         3235    .ARM.Collect$$libinit$$0000001D  c_w.l(libinit2.o)
    0x0800018e   0x0800018e   0x00000000   Code   RO         3237    .ARM.Collect$$libinit$$0000001F  c_w.l(libinit2.o)
    0x0800018e   0x0800018e   0x00000000   Code   RO         3239    .ARM.Collect$$libinit$$00000021  c_w.l(libinit2.o)
    0x0800018e   0x0800018e   0x00000000   Code   RO         3241    .ARM.Collect$$libinit$$00000023  c_w.l(libinit2.o)
    0x0800018e   0x0800018e   0x00000000   Code   RO         3243    .ARM.Collect$$libinit$$00000025  c_w.l(libinit2.o)
    0x0800018e   0x0800018e   0x00000000   Code   RO         3247    .ARM.Collect$$libinit$$0000002C  c_w.l(libinit2.o)
    0x0800018e   0x0800018e   0x00000000   Code   RO         3249    .ARM.Collect$$libinit$$0000002E  c_w.l(libinit2.o)
    0x0800018e   0x0800018e   0x00000000   Code   RO         3251    .ARM.Collect$$libinit$$00000030  c_w.l(libinit2.o)
    0x0800018e   0x0800018e   0x00000000   Code   RO         3253    .ARM.Collect$$libinit$$00000032  c_w.l(libinit2.o)
    0x0800018e   0x0800018e   0x00000002   Code   RO         3254    .ARM.Collect$$libinit$$00000033  c_w.l(libinit2.o)
    0x08000190   0x08000190   0x00000002   Code   RO         3338    .ARM.Collect$$libshutdown$$00000000  c_w.l(libshutdown.o)
    0x08000192   0x08000192   0x00000000   Code   RO         3363    .ARM.Collect$$libshutdown$$00000002  c_w.l(libshutdown2.o)
    0x08000192   0x08000192   0x00000000   Code   RO         3365    .ARM.Collect$$libshutdown$$00000004  c_w.l(libshutdown2.o)
    0x08000192   0x08000192   0x00000000   Code   RO         3367    .ARM.Collect$$libshutdown$$00000006  c_w.l(libshutdown2.o)
    0x08000192   0x08000192   0x00000000   Code   RO         3370    .ARM.Collect$$libshutdown$$00000009  c_w.l(libshutdown2.o)
    0x08000192   0x08000192   0x00000000   Code   RO         3373    .ARM.Collect$$libshutdown$$0000000C  c_w.l(libshutdown2.o)
    0x08000192   0x08000192   0x00000000   Code   RO         3375    .ARM.Collect$$libshutdown$$0000000E  c_w.l(libshutdown2.o)
    0x08000192   0x08000192   0x00000000   Code   RO         3378    .ARM.Collect$$libshutdown$$00000011  c_w.l(libshutdown2.o)
    0x08000192   0x08000192   0x00000002   Code   RO         3379    .ARM.Collect$$libshutdown$$00000012  c_w.l(libshutdown2.o)
    0x08000194   0x08000194   0x00000000   Code   RO         3081    .ARM.Collect$$rtentry$$00000000  c_w.l(__rtentry.o)
    0x08000194   0x08000194   0x00000000   Code   RO         3105    .ARM.Collect$$rtentry$$00000002  c_w.l(__rtentry2.o)
    0x08000194   0x08000194   0x00000006   Code   RO         3117    .ARM.Collect$$rtentry$$00000004  c_w.l(__rtentry4.o)
    0x0800019a   0x0800019a   0x00000000   Code   RO         3107    .ARM.Collect$$rtentry$$00000009  c_w.l(__rtentry2.o)
    0x0800019a   0x0800019a   0x00000004   Code   RO         3108    .ARM.Collect$$rtentry$$0000000A  c_w.l(__rtentry2.o)
    0x0800019e   0x0800019e   0x00000000   Code   RO         3110    .ARM.Collect$$rtentry$$0000000C  c_w.l(__rtentry2.o)
    0x0800019e   0x0800019e   0x00000008   Code   RO         3111    .ARM.Collect$$rtentry$$0000000D  c_w.l(__rtentry2.o)
    0x080001a6   0x080001a6   0x00000002   Code   RO         3265    .ARM.Collect$$rtexit$$00000000  c_w.l(rtexit.o)
    0x080001a8   0x080001a8   0x00000000   Code   RO         3299    .ARM.Collect$$rtexit$$00000002  c_w.l(rtexit2.o)
    0x080001a8   0x080001a8   0x00000004   Code   RO         3300    .ARM.Collect$$rtexit$$00000003  c_w.l(rtexit2.o)
    0x080001ac   0x080001ac   0x00000006   Code   RO         3301    .ARM.Collect$$rtexit$$00000004  c_w.l(rtexit2.o)
    0x080001b2   0x080001b2   0x00000002   PAD
    0x080001b4   0x080001b4   0x00000040   Code   RO            4    .text               startup_stm32f103xb.o
    0x080001f4   0x080001f4   0x00000028   Code   RO         3018    .text               c_w.l(noretval__2sprintf.o)
    0x0800021c   0x0800021c   0x00000078   Code   RO         3022    .text               c_w.l(_printf_dec.o)
    0x08000294   0x08000294   0x0000010e   Code   RO         3032    .text               c_w.l(__printf_wp.o)
    0x080003a2   0x080003a2   0x00000002   PAD
    0x080003a4   0x080003a4   0x0000003c   Code   RO         3047    .text               c_w.l(__0sscanf.o)
    0x080003e0   0x080003e0   0x0000003e   Code   RO         3049    .text               c_w.l(strlen.o)
    0x0800041e   0x0800041e   0x00000064   Code   RO         3051    .text               c_w.l(rt_memcpy_w.o)
    0x08000482   0x08000482   0x0000004e   Code   RO         3053    .text               c_w.l(rt_memclr_w.o)
    0x080004d0   0x080004d0   0x00000006   Code   RO         3055    .text               c_w.l(heapauxi.o)
    0x080004d6   0x080004d6   0x000000b2   Code   RO         3082    .text               c_w.l(_printf_intcommon.o)
    0x08000588   0x08000588   0x0000041e   Code   RO         3084    .text               c_w.l(_printf_fp_dec.o)
    0x080009a6   0x080009a6   0x00000002   PAD
    0x080009a8   0x080009a8   0x00000030   Code   RO         3086    .text               c_w.l(_printf_char_common.o)
    0x080009d8   0x080009d8   0x0000000a   Code   RO         3088    .text               c_w.l(_sputc.o)
    0x080009e2   0x080009e2   0x00000002   PAD
    0x080009e4   0x080009e4   0x000004f8   Code   RO         3091    .text               c_w.l(scanf_fp.o)
    0x08000edc   0x08000edc   0x0000002c   Code   RO         3093    .text               c_w.l(scanf_char.o)
    0x08000f08   0x08000f08   0x00000040   Code   RO         3095    .text               c_w.l(_sgetc.o)
    0x08000f48   0x08000f48   0x00000008   Code   RO         3122    .text               c_w.l(rt_locale_intlibspace.o)
    0x08000f50   0x08000f50   0x00000008   Code   RO         3127    .text               c_w.l(rt_errno_addr_intlibspace.o)
    0x08000f58   0x08000f58   0x0000008a   Code   RO         3129    .text               c_w.l(lludiv10.o)
    0x08000fe2   0x08000fe2   0x00000012   Code   RO         3131    .text               c_w.l(isspace.o)
    0x08000ff4   0x08000ff4   0x00000080   Code   RO         3133    .text               c_w.l(_printf_fp_infnan.o)
    0x08001074   0x08001074   0x00000374   Code   RO         3137    .text               c_w.l(_scanf.o)
    0x080013e8   0x080013e8   0x000000e4   Code   RO         3139    .text               c_w.l(bigflt0.o)
    0x080014cc   0x080014cc   0x00000008   Code   RO         3187    .text               c_w.l(libspace.o)
    0x080014d4   0x080014d4   0x0000004a   Code   RO         3190    .text               c_w.l(sys_stackheap_outer.o)
    0x0800151e   0x0800151e   0x00000002   PAD
    0x08001520   0x08001520   0x00000010   Code   RO         3192    .text               c_w.l(rt_ctype_table.o)
    0x08001530   0x08001530   0x00000016   Code   RO         3194    .text               c_w.l(_rserrno.o)
    0x08001546   0x08001546   0x00000002   PAD
    0x08001548   0x08001548   0x00000320   Code   RO         3196    .text               c_w.l(scanf_hexfp.o)
    0x08001868   0x08001868   0x00000134   Code   RO         3198    .text               c_w.l(scanf_infnan.o)
    0x0800199c   0x0800199c   0x00000012   Code   RO         3200    .text               c_w.l(exit.o)
    0x080019ae   0x080019ae   0x00000002   PAD
    0x080019b0   0x080019b0   0x00000080   Code   RO         3202    .text               c_w.l(strcmpv7m.o)
    0x08001a30   0x08001a30   0x00000026   Code   RO         3267    .text               c_w.l(llshl.o)
    0x08001a56   0x08001a56   0x0000001c   Code   RO         3269    .text               c_w.l(_chval.o)
    0x08001a72   0x08001a72   0x00000002   PAD
    0x08001a74   0x08001a74   0x0000000c   Code   RO         3328    .text               c_w.l(sys_exit.o)
    0x08001a80   0x08001a80   0x00000002   Code   RO         3353    .text               c_w.l(use_no_semi.o)
    0x08001a82   0x08001a82   0x00000000   Code   RO         3355    .text               c_w.l(indicate_semi.o)
    0x08001a82   0x08001a82   0x0000003e   Code   RO         3142    CL$$btod_d2e        c_w.l(btod.o)
    0x08001ac0   0x08001ac0   0x00000046   Code   RO         3144    CL$$btod_d2e_denorm_low  c_w.l(btod.o)
    0x08001b06   0x08001b06   0x00000060   Code   RO         3143    CL$$btod_d2e_norm_op1  c_w.l(btod.o)
    0x08001b66   0x08001b66   0x00000338   Code   RO         3152    CL$$btod_div_common  c_w.l(btod.o)
    0x08001e9e   0x08001e9e   0x00000002   PAD
    0x08001ea0   0x08001ea0   0x00000084   Code   RO         3150    CL$$btod_e2d        c_w.l(btod.o)
    0x08001f24   0x08001f24   0x000000dc   Code   RO         3149    CL$$btod_e2e        c_w.l(btod.o)
    0x08002000   0x08002000   0x0000002a   Code   RO         3146    CL$$btod_ediv       c_w.l(btod.o)
    0x0800202a   0x0800202a   0x0000002a   Code   RO         3148    CL$$btod_edivd      c_w.l(btod.o)
    0x08002054   0x08002054   0x0000002a   Code   RO         3145    CL$$btod_emul       c_w.l(btod.o)
    0x0800207e   0x0800207e   0x0000002a   Code   RO         3147    CL$$btod_emuld      c_w.l(btod.o)
    0x080020a8   0x080020a8   0x00000244   Code   RO         3151    CL$$btod_mult_common  c_w.l(btod.o)
    0x080022ec   0x080022ec   0x00000004   Code   RO          453    i.BusFault_Handler  stm32f1xx_it.o
    0x080022f0   0x080022f0   0x00000010   Code   RO          454    i.DMA1_Channel4_IRQHandler  stm32f1xx_it.o
    0x08002300   0x08002300   0x00000010   Code   RO          455    i.DMA1_Channel5_IRQHandler  stm32f1xx_it.o
    0x08002310   0x08002310   0x0000002c   Code   RO         1982    i.DMA_SetConfig     stm32f1xx_hal_dma.o
    0x0800233c   0x0800233c   0x00000154   Code   RO          188    i.DataProcess_Task  main.o
    0x08002490   0x08002490   0x00000002   Code   RO          456    i.DebugMon_Handler  stm32f1xx_it.o
    0x08002492   0x08002492   0x00000006   Code   RO          189    i.Error_Handler     main.o
    0x08002498   0x08002498   0x00000056   Code   RO         1983    i.HAL_DMA_Abort     stm32f1xx_hal_dma.o
    0x080024ee   0x080024ee   0x00000002   PAD
    0x080024f0   0x080024f0   0x000000b0   Code   RO         1984    i.HAL_DMA_Abort_IT  stm32f1xx_hal_dma.o
    0x080025a0   0x080025a0   0x0000019c   Code   RO         1988    i.HAL_DMA_IRQHandler  stm32f1xx_hal_dma.o
    0x0800273c   0x0800273c   0x00000068   Code   RO         1989    i.HAL_DMA_Init      stm32f1xx_hal_dma.o
    0x080027a4   0x080027a4   0x0000009c   Code   RO         1993    i.HAL_DMA_Start_IT  stm32f1xx_hal_dma.o
    0x08002840   0x08002840   0x00000028   Code   RO         1604    i.HAL_Delay         stm32f1xx_hal.o
    0x08002868   0x08002868   0x00000320   Code   RO         1919    i.HAL_GPIO_Init     stm32f1xx_hal_gpio.o
    0x08002b88   0x08002b88   0x0000000c   Code   RO         1923    i.HAL_GPIO_WritePin  stm32f1xx_hal_gpio.o
    0x08002b94   0x08002b94   0x0000000c   Code   RO         1608    i.HAL_GetTick       stm32f1xx_hal.o
    0x08002ba0   0x08002ba0   0x00000018   Code   RO         1614    i.HAL_IncTick       stm32f1xx_hal.o
    0x08002bb8   0x08002bb8   0x00000028   Code   RO         1615    i.HAL_Init          stm32f1xx_hal.o
    0x08002be0   0x08002be0   0x0000004c   Code   RO         1616    i.HAL_InitTick      stm32f1xx_hal.o
    0x08002c2c   0x08002c2c   0x00000054   Code   RO          553    i.HAL_MspInit       stm32f1xx_hal_msp.o
    0x08002c80   0x08002c80   0x00000020   Code   RO         2079    i.HAL_NVIC_EnableIRQ  stm32f1xx_hal_cortex.o
    0x08002ca0   0x08002ca0   0x0000007c   Code   RO         2085    i.HAL_NVIC_SetPriority  stm32f1xx_hal_cortex.o
    0x08002d1c   0x08002d1c   0x00000028   Code   RO         2086    i.HAL_NVIC_SetPriorityGrouping  stm32f1xx_hal_cortex.o
    0x08002d44   0x08002d44   0x0000018c   Code   RO         1772    i.HAL_RCC_ClockConfig  stm32f1xx_hal_rcc.o
    0x08002ed0   0x08002ed0   0x0000000c   Code   RO         1777    i.HAL_RCC_GetHCLKFreq  stm32f1xx_hal_rcc.o
    0x08002edc   0x08002edc   0x00000020   Code   RO         1779    i.HAL_RCC_GetPCLK1Freq  stm32f1xx_hal_rcc.o
    0x08002efc   0x08002efc   0x00000020   Code   RO         1780    i.HAL_RCC_GetPCLK2Freq  stm32f1xx_hal_rcc.o
    0x08002f1c   0x08002f1c   0x00000070   Code   RO         1781    i.HAL_RCC_GetSysClockFreq  stm32f1xx_hal_rcc.o
    0x08002f8c   0x08002f8c   0x00000468   Code   RO         1784    i.HAL_RCC_OscConfig  stm32f1xx_hal_rcc.o
    0x080033f4   0x080033f4   0x00000034   Code   RO         2090    i.HAL_SYSTICK_Config  stm32f1xx_hal_cortex.o
    0x08003428   0x08003428   0x00000002   Code   RO         1330    i.HAL_TIMEx_BreakCallback  stm32f1xx_hal_tim_ex.o
    0x0800342a   0x0800342a   0x00000002   Code   RO         1331    i.HAL_TIMEx_CommutCallback  stm32f1xx_hal_tim_ex.o
    0x0800342c   0x0800342c   0x00000074   Code   RO         1333    i.HAL_TIMEx_ConfigBreakDeadTime  stm32f1xx_hal_tim_ex.o
    0x080034a0   0x080034a0   0x00000084   Code   RO         1349    i.HAL_TIMEx_MasterConfigSynchronization  stm32f1xx_hal_tim_ex.o
    0x08003524   0x08003524   0x00000066   Code   RO          615    i.HAL_TIM_Base_Init  stm32f1xx_hal_tim.o
    0x0800358a   0x0800358a   0x00000002   PAD
    0x0800358c   0x0800358c   0x00000044   Code   RO          322    i.HAL_TIM_Base_MspInit  tim.o
    0x080035d0   0x080035d0   0x00000078   Code   RO          620    i.HAL_TIM_Base_Start_IT  stm32f1xx_hal_tim.o
    0x08003648   0x08003648   0x0000010c   Code   RO          624    i.HAL_TIM_ConfigClockSource  stm32f1xx_hal_tim.o
    0x08003754   0x08003754   0x000000c4   Code   RO          636    i.HAL_TIM_Encoder_Init  stm32f1xx_hal_tim.o
    0x08003818   0x08003818   0x000000c4   Code   RO          324    i.HAL_TIM_Encoder_MspInit  tim.o
    0x080038dc   0x080038dc   0x000000cc   Code   RO          639    i.HAL_TIM_Encoder_Start  stm32f1xx_hal_tim.o
    0x080039a8   0x080039a8   0x00000002   Code   RO          649    i.HAL_TIM_IC_CaptureCallback  stm32f1xx_hal_tim.o
    0x080039aa   0x080039aa   0x0000016c   Code   RO          663    i.HAL_TIM_IRQHandler  stm32f1xx_hal_tim.o
    0x08003b16   0x08003b16   0x00000002   PAD
    0x08003b18   0x08003b18   0x00000058   Code   RO          325    i.HAL_TIM_MspPostInit  tim.o
    0x08003b70   0x08003b70   0x00000002   Code   RO          666    i.HAL_TIM_OC_DelayElapsedCallback  stm32f1xx_hal_tim.o
    0x08003b72   0x08003b72   0x00000104   Code   RO          687    i.HAL_TIM_PWM_ConfigChannel  stm32f1xx_hal_tim.o
    0x08003c76   0x08003c76   0x00000066   Code   RO          690    i.HAL_TIM_PWM_Init  stm32f1xx_hal_tim.o
    0x08003cdc   0x08003cdc   0x00000030   Code   RO          327    i.HAL_TIM_PWM_MspInit  tim.o
    0x08003d0c   0x08003d0c   0x00000002   Code   RO          693    i.HAL_TIM_PWM_PulseFinishedCallback  stm32f1xx_hal_tim.o
    0x08003d0e   0x08003d0e   0x00000002   PAD
    0x08003d10   0x08003d10   0x000000d4   Code   RO          695    i.HAL_TIM_PWM_Start  stm32f1xx_hal_tim.o
    0x08003de4   0x08003de4   0x000000f4   Code   RO          190    i.HAL_TIM_PeriodElapsedCallback  main.o
    0x08003ed8   0x08003ed8   0x00000002   Code   RO          706    i.HAL_TIM_TriggerCallback  stm32f1xx_hal_tim.o
    0x08003eda   0x08003eda   0x00000070   Code   RO         2615    i.HAL_UARTEx_ReceiveToIdle_DMA  stm32f1xx_hal_uart.o
    0x08003f4a   0x08003f4a   0x00000002   PAD
    0x08003f4c   0x08003f4c   0x00000020   Code   RO          191    i.HAL_UARTEx_RxEventCallback  main.o
    0x08003f6c   0x08003f6c   0x00000002   Code   RO         2631    i.HAL_UART_ErrorCallback  stm32f1xx_hal_uart.o
    0x08003f6e   0x08003f6e   0x00000002   PAD
    0x08003f70   0x08003f70   0x000002e4   Code   RO         2634    i.HAL_UART_IRQHandler  stm32f1xx_hal_uart.o
    0x08004254   0x08004254   0x00000076   Code   RO         2635    i.HAL_UART_Init     stm32f1xx_hal_uart.o
    0x080042ca   0x080042ca   0x00000002   PAD
    0x080042cc   0x080042cc   0x0000011c   Code   RO          412    i.HAL_UART_MspInit  usart.o
    0x080043e8   0x080043e8   0x00000002   Code   RO         2641    i.HAL_UART_RxCpltCallback  stm32f1xx_hal_uart.o
    0x080043ea   0x080043ea   0x00000002   Code   RO         2642    i.HAL_UART_RxHalfCpltCallback  stm32f1xx_hal_uart.o
    0x080043ec   0x080043ec   0x0000008c   Code   RO         2644    i.HAL_UART_Transmit_DMA  stm32f1xx_hal_uart.o
    0x08004478   0x08004478   0x00000002   Code   RO         2646    i.HAL_UART_TxCpltCallback  stm32f1xx_hal_uart.o
    0x0800447a   0x0800447a   0x00000002   Code   RO         2647    i.HAL_UART_TxHalfCpltCallback  stm32f1xx_hal_uart.o
    0x0800447c   0x0800447c   0x00000004   Code   RO          457    i.HardFault_Handler  stm32f1xx_it.o
    0x08004480   0x08004480   0x00000044   Code   RO          297    i.MX_DMA_Init       dma.o
    0x080044c4   0x080044c4   0x000000bc   Code   RO          273    i.MX_GPIO_Init      gpio.o
    0x08004580   0x08004580   0x000000c0   Code   RO          328    i.MX_TIM1_Init      tim.o
    0x08004640   0x08004640   0x00000078   Code   RO          329    i.MX_TIM2_Init      tim.o
    0x080046b8   0x080046b8   0x00000080   Code   RO          330    i.MX_TIM3_Init      tim.o
    0x08004738   0x08004738   0x00000070   Code   RO          331    i.MX_TIM4_Init      tim.o
    0x080047a8   0x080047a8   0x00000038   Code   RO          413    i.MX_USART1_UART_Init  usart.o
    0x080047e0   0x080047e0   0x00000004   Code   RO          458    i.MemManage_Handler  stm32f1xx_it.o
    0x080047e4   0x080047e4   0x00000004   Code   RO          459    i.NMI_Handler       stm32f1xx_it.o
    0x080047e8   0x080047e8   0x00000030   Code   RO          192    i.PID_Clear         main.o
    0x08004818   0x08004818   0x00000002   Code   RO          460    i.PendSV_Handler    stm32f1xx_it.o
    0x0800481a   0x0800481a   0x000000a4   Code   RO          142    i.Position_PID_Calc  pid.o
    0x080048be   0x080048be   0x00000020   Code   RO          143    i.Position_PID_Init  pid.o
    0x080048de   0x080048de   0x00000002   PAD
    0x080048e0   0x080048e0   0x00000028   Code   RO         1785    i.RCC_Delay         stm32f1xx_hal_rcc.o
    0x08004908   0x08004908   0x00000002   Code   RO          461    i.SVC_Handler       stm32f1xx_it.o
    0x0800490a   0x0800490a   0x000000a4   Code   RO          144    i.Speed_PID_Calc    pid.o
    0x080049ae   0x080049ae   0x00000020   Code   RO          145    i.Speed_PID_Init    pid.o
    0x080049ce   0x080049ce   0x00000008   Code   RO          462    i.SysTick_Handler   stm32f1xx_it.o
    0x080049d6   0x080049d6   0x00000066   Code   RO          193    i.SystemClock_Config  main.o
    0x08004a3c   0x08004a3c   0x00000002   Code   RO         2979    i.SystemInit        system_stm32f1xx.o
    0x08004a3e   0x08004a3e   0x00000002   PAD
    0x08004a40   0x08004a40   0x00000010   Code   RO          463    i.TIM4_IRQHandler   stm32f1xx_it.o
    0x08004a50   0x08004a50   0x00000084   Code   RO          708    i.TIM_Base_SetConfig  stm32f1xx_hal_tim.o
    0x08004ad4   0x08004ad4   0x00000022   Code   RO          709    i.TIM_CCxChannelCmd  stm32f1xx_hal_tim.o
    0x08004af6   0x08004af6   0x00000016   Code   RO          719    i.TIM_ETR_SetConfig  stm32f1xx_hal_tim.o
    0x08004b0c   0x08004b0c   0x00000012   Code   RO          720    i.TIM_ITRx_SetConfig  stm32f1xx_hal_tim.o
    0x08004b1e   0x08004b1e   0x00000002   PAD
    0x08004b20   0x08004b20   0x00000060   Code   RO          721    i.TIM_OC1_SetConfig  stm32f1xx_hal_tim.o
    0x08004b80   0x08004b80   0x00000068   Code   RO          722    i.TIM_OC2_SetConfig  stm32f1xx_hal_tim.o
    0x08004be8   0x08004be8   0x00000068   Code   RO          723    i.TIM_OC3_SetConfig  stm32f1xx_hal_tim.o
    0x08004c50   0x08004c50   0x00000048   Code   RO          724    i.TIM_OC4_SetConfig  stm32f1xx_hal_tim.o
    0x08004c98   0x08004c98   0x00000026   Code   RO          726    i.TIM_TI1_ConfigInputStage  stm32f1xx_hal_tim.o
    0x08004cbe   0x08004cbe   0x00000028   Code   RO          728    i.TIM_TI2_ConfigInputStage  stm32f1xx_hal_tim.o
    0x08004ce6   0x08004ce6   0x00000014   Code   RO         2648    i.UART_DMAAbortOnError  stm32f1xx_hal_uart.o
    0x08004cfa   0x08004cfa   0x00000050   Code   RO         2649    i.UART_DMAError     stm32f1xx_hal_uart.o
    0x08004d4a   0x08004d4a   0x000000b4   Code   RO         2650    i.UART_DMAReceiveCplt  stm32f1xx_hal_uart.o
    0x08004dfe   0x08004dfe   0x00000024   Code   RO         2652    i.UART_DMARxHalfCplt  stm32f1xx_hal_uart.o
    0x08004e22   0x08004e22   0x00000058   Code   RO         2654    i.UART_DMATransmitCplt  stm32f1xx_hal_uart.o
    0x08004e7a   0x08004e7a   0x0000000e   Code   RO         2656    i.UART_DMATxHalfCplt  stm32f1xx_hal_uart.o
    0x08004e88   0x08004e88   0x0000006c   Code   RO         2658    i.UART_EndRxTransfer  stm32f1xx_hal_uart.o
    0x08004ef4   0x08004ef4   0x00000020   Code   RO         2659    i.UART_EndTransmit_IT  stm32f1xx_hal_uart.o
    0x08004f14   0x08004f14   0x00000026   Code   RO         2660    i.UART_EndTxTransfer  stm32f1xx_hal_uart.o
    0x08004f3a   0x08004f3a   0x000000fc   Code   RO         2661    i.UART_Receive_IT   stm32f1xx_hal_uart.o
    0x08005036   0x08005036   0x00000002   PAD
    0x08005038   0x08005038   0x000000fc   Code   RO         2662    i.UART_SetConfig    stm32f1xx_hal_uart.o
    0x08005134   0x08005134   0x000000c8   Code   RO         2663    i.UART_Start_Receive_DMA  stm32f1xx_hal_uart.o
    0x080051fc   0x080051fc   0x00000060   Code   RO         2665    i.UART_Transmit_IT  stm32f1xx_hal_uart.o
    0x0800525c   0x0800525c   0x00000010   Code   RO          464    i.USART1_IRQHandler  stm32f1xx_it.o
    0x0800526c   0x0800526c   0x00000004   Code   RO          465    i.UsageFault_Handler  stm32f1xx_it.o
    0x08005270   0x08005270   0x00000028   Code   RO         3179    i.__ARM_fpclassify  m_ws.l(fpclassify.o)
    0x08005298   0x08005298   0x00000010   Code   RO         2092    i.__NVIC_GetPriorityGrouping  stm32f1xx_hal_cortex.o
    0x080052a8   0x080052a8   0x00000028   Code   RO         2093    i.__NVIC_SetPriority  stm32f1xx_hal_cortex.o
    0x080052d0   0x080052d0   0x0000000e   Code   RO         3315    i.__mathlib_dbl_overflow  m_ws.l(dunder.o)
    0x080052de   0x080052de   0x00000002   PAD
    0x080052e0   0x080052e0   0x00000010   Code   RO         3317    i.__mathlib_dbl_underflow  m_ws.l(dunder.o)
    0x080052f0   0x080052f0   0x00000010   Code   RO         3181    i.__mathlib_narrow  m_ws.l(narrow.o)
    0x08005300   0x08005300   0x000000bc   Code   RO         3182    i.__mathlib_tofloat  m_ws.l(narrow.o)
    0x080053bc   0x080053bc   0x00000016   Code   RO         3287    i.__support_ldexp   m_ws.l(ldexp.o)
    0x080053d2   0x080053d2   0x0000000e   Code   RO         3034    i._is_digit         c_w.l(__printf_wp.o)
    0x080053e0   0x080053e0   0x00000058   Code   RO         3262    i.frexp             m_ws.l(frexp.o)
    0x08005438   0x08005438   0x00000074   Code   RO         3288    i.ldexp             m_ws.l(ldexp.o)
    0x080054ac   0x080054ac   0x00000190   Code   RO          194    i.main              main.o
    0x0800563c   0x0800563c   0x0000003c   Code   RO           13    i.motor_ctrl        motor.o
    0x08005678   0x08005678   0x0000014c   Code   RO           14    i.motor_init        motor.o
    0x080057c4   0x080057c4   0x0000002c   Code   RO         3165    locale$$code        c_w.l(lc_numeric_c.o)
    0x080057f0   0x080057f0   0x0000002c   Code   RO         3272    locale$$code        c_w.l(lc_ctype_c.o)
    0x0800581c   0x0800581c   0x00000062   Code   RO         3255    x$fpl$d2f           fz_ws.l(d2f.o)
    0x0800587e   0x0800587e   0x00000002   PAD
    0x08005880   0x08005880   0x00000010   Code   RO         3309    x$fpl$dcheck1       fz_ws.l(dcheck1.o)
    0x08005890   0x08005890   0x00000018   Code   RO         3276    x$fpl$dcmpinf       fz_ws.l(dcmpi.o)
    0x080058a8   0x080058a8   0x00000078   Code   RO         3257    x$fpl$deqf          fz_ws.l(deqf.o)
    0x08005920   0x08005920   0x00000078   Code   RO         3278    x$fpl$dleqf         fz_ws.l(dleqf.o)
    0x08005998   0x08005998   0x0000009c   Code   RO         3280    x$fpl$dnaninf       fz_ws.l(dnaninf.o)
    0x08005a34   0x08005a34   0x0000000c   Code   RO         3097    x$fpl$dretinf       fz_ws.l(dretinf.o)
    0x08005a40   0x08005a40   0x0000006c   Code   RO         3259    x$fpl$drleqf        fz_ws.l(drleqf.o)
    0x08005aac   0x08005aac   0x00000056   Code   RO         3059    x$fpl$f2d           fz_ws.l(f2d.o)
    0x08005b02   0x08005b02   0x00000002   PAD
    0x08005b04   0x08005b04   0x00000184   Code   RO         3062    x$fpl$fdiv          fz_ws.l(fdiv.o)
    0x08005c88   0x08005c88   0x00000036   Code   RO         3065    x$fpl$ffix          fz_ws.l(ffix.o)
    0x08005cbe   0x08005cbe   0x00000002   PAD
    0x08005cc0   0x08005cc0   0x00000030   Code   RO         3070    x$fpl$fflt          fz_ws.l(fflt_clz.o)
    0x08005cf0   0x08005cf0   0x00000102   Code   RO         3075    x$fpl$fmul          fz_ws.l(fmul.o)
    0x08005df2   0x08005df2   0x0000008c   Code   RO         3099    x$fpl$fnaninf       fz_ws.l(fnaninf.o)
    0x08005e7e   0x08005e7e   0x0000000a   Code   RO         3101    x$fpl$fretinf       fz_ws.l(fretinf.o)
    0x08005e88   0x08005e88   0x00000006   Code   RO         3171    x$fpl$ieeestatus    fz_ws.l(istatus.o)
    0x08005e8e   0x08005e8e   0x00000004   Code   RO         3077    x$fpl$printf1       fz_ws.l(printf1.o)
    0x08005e92   0x08005e92   0x00000064   Code   RO         3351    x$fpl$retnan        fz_ws.l(retnan.o)
    0x08005ef6   0x08005ef6   0x0000005c   Code   RO         3284    x$fpl$scalbn        fz_ws.l(scalbn.o)
    0x08005f52   0x08005f52   0x00000004   Code   RO         3079    x$fpl$scanf1        fz_ws.l(scanf1.o)
    0x08005f56   0x08005f56   0x00000008   Code   RO         3173    x$fpl$scanf2        fz_ws.l(scanf2.o)
    0x08005f5e   0x08005f5e   0x00000030   Code   RO         3380    x$fpl$trapveneer    fz_ws.l(trapv.o)
    0x08005f8e   0x08005f8e   0x00000000   Code   RO         3103    x$fpl$usenofp       fz_ws.l(usenofp.o)
    0x08005f8e   0x08005f8e   0x00000012   Data   RO         1786    .constdata          stm32f1xx_hal_rcc.o
    0x08005fa0   0x08005fa0   0x00000018   Data   RO         2980    .constdata          system_stm32f1xx.o
    0x08005fb8   0x08005fb8   0x00000094   Data   RO         3140    .constdata          c_w.l(bigflt0.o)
    0x0800604c   0x0800604c   0x00000020   Data   RO         3406    Region$$Table       anon$$obj.o
    0x0800606c   0x0800606c   0x00000008   Data   RO         3167    c$$dinf             fz_ws.l(fpconst.o)
    0x08006074   0x08006074   0x00000008   Data   RO         3170    c$$dmax             fz_ws.l(fpconst.o)
    0x0800607c   0x0800607c   0x0000001c   Data   RO         3164    locale$$data        c_w.l(lc_numeric_c.o)
    0x08006098   0x08006098   0x00000110   Data   RO         3271    locale$$data        c_w.l(lc_ctype_c.o)


    Execution Region RW_IRAM1 (Exec base: 0x20000000, Load base: 0x080061a8, Size: 0x000009a8, Max: 0x00005000, ABSOLUTE)

    Exec Addr    Load Addr    Size         Type   Attr      Idx    E Section Name        Object

    0x20000000   0x080061a8   0x00000003   Data   RW           15    .data               motor.o
    0x20000003   0x080061ab   0x00000001   PAD
    0x20000004   0x080061ac   0x0000002b   Data   RW          196    .data               main.o
    0x2000002f   0x080061d7   0x00000001   PAD
    0x20000030   0x080061d8   0x00000009   Data   RW         1622    .data               stm32f1xx_hal.o
    0x20000039   0x080061e1   0x00000003   PAD
    0x2000003c   0x080061e4   0x00000004   Data   RW         2981    .data               system_stm32f1xx.o
    0x20000040        -       0x00000118   Zero   RW          195    .bss                main.o
    0x20000158        -       0x00000120   Zero   RW          332    .bss                tim.o
    0x20000278        -       0x000000d0   Zero   RW          414    .bss                usart.o
    0x20000348        -       0x00000060   Zero   RW         3188    .bss                c_w.l(libspace.o)
    0x200003a8        -       0x00000200   Zero   RW            2    HEAP                startup_stm32f103xb.o
    0x200005a8        -       0x00000400   Zero   RW            1    STACK               startup_stm32f103xb.o


==============================================================================

Image component sizes


      Code (inc. data)   RO Data    RW Data    ZI Data      Debug   Object Name

        68          4          0          0          0        750   dma.o
       188         14          0          0          0        931   gpio.o
      1172        282          0         43        280       5195   main.o
       392         36          0          3          0     427883   motor.o
       392          0          0          0          0       3668   pid.o
        64         26        236          0       1536        812   startup_stm32f103xb.o
       192         36          0          9          0       5893   stm32f1xx_hal.o
       304         22          0          0          0      29423   stm32f1xx_hal_cortex.o
       978         12          0          0          0       4866   stm32f1xx_hal_dma.o
       812         34          0          0          0       2676   stm32f1xx_hal_gpio.o
        84          8          0          0          0        898   stm32f1xx_hal_msp.o
      1752         98         18          0          0       5976   stm32f1xx_hal_rcc.o
      2496         60          0          0          0      17197   stm32f1xx_hal_tim.o
       252         14          0          0          0       3221   stm32f1xx_hal_tim_ex.o
      2516         34          0          0          0      16243   stm32f1xx_hal_uart.o
        98         24          0          0          0       5806   stm32f1xx_it.o
         2          0         24          4          0       1119   system_stm32f1xx.o
       952         76          0          0        288       5539   tim.o
       340         38          0          0        208       1892   usart.o

    ----------------------------------------------------------------------
     13076        818        310         64       2312     539988   Object Totals
         0          0         32          0          0          0   (incl. Generated)
        22          0          0          5          0          0   (incl. Padding)

    ----------------------------------------------------------------------

      Code (inc. data)   RO Data    RW Data    ZI Data      Debug   Library Member Name

        60          8          0          0          0         84   __0sscanf.o
         8          0          0          0          0         68   __main.o
       284          0          0          0          0        156   __printf_wp.o
         0          0          0          0          0          0   __rtentry.o
        12          0          0          0          0          0   __rtentry2.o
         6          0          0          0          0          0   __rtentry4.o
        52          8          0          0          0          0   __scatter.o
        26          0          0          0          0          0   __scatter_copy.o
        28          0          0          0          0          0   __scatter_zi.o
        28          0          0          0          0         68   _chval.o
        48          6          0          0          0         96   _printf_char_common.o
         6          0          0          0          0          0   _printf_d.o
       120         16          0          0          0         92   _printf_dec.o
         6          0          0          0          0          0   _printf_f.o
      1054          0          0          0          0        216   _printf_fp_dec.o
       128         16          0          0          0         84   _printf_fp_infnan.o
       178          0          0          0          0         88   _printf_intcommon.o
         0          0          0          0          0          0   _printf_percent.o
         4          0          0          0          0          0   _printf_percent_end.o
        22          0          0          0          0        100   _rserrno.o
       884          4          0          0          0        100   _scanf.o
        64          0          0          0          0         84   _sgetc.o
        10          0          0          0          0         68   _sputc.o
       228          4        148          0          0         96   bigflt0.o
      2152        136          0          0          0        960   btod.o
        18          0          0          0          0         80   exit.o
         6          0          0          0          0        152   heapauxi.o
         0          0          0          0          0          0   indicate_semi.o
        18          0          0          0          0         76   isspace.o
        44         10        272          0          0         76   lc_ctype_c.o
        44         10         28          0          0         76   lc_numeric_c.o
         2          0          0          0          0          0   libinit.o
        30          0          0          0          0          0   libinit2.o
         2          0          0          0          0          0   libshutdown.o
         2          0          0          0          0          0   libshutdown2.o
         8          4          0          0         96         68   libspace.o
        38          0          0          0          0         68   llshl.o
       138          0          0          0          0         80   lludiv10.o
        40          6          0          0          0         84   noretval__2sprintf.o
        16          4          0          0          0         76   rt_ctype_table.o
         8          4          0          0          0         68   rt_errno_addr_intlibspace.o
         8          4          0          0          0         68   rt_locale_intlibspace.o
        78          0          0          0          0         80   rt_memclr_w.o
       100          0          0          0          0         80   rt_memcpy_w.o
         2          0          0          0          0          0   rtexit.o
        10          0          0          0          0          0   rtexit2.o
        44          8          0          0          0         84   scanf_char.o
      1272         16          0          0          0        168   scanf_fp.o
       800         14          0          0          0        100   scanf_hexfp.o
       308         16          0          0          0        100   scanf_infnan.o
       128          0          0          0          0         68   strcmpv7m.o
        62          0          0          0          0         76   strlen.o
        12          4          0          0          0         68   sys_exit.o
        74          0          0          0          0         80   sys_stackheap_outer.o
         2          0          0          0          0         68   use_no_semi.o
        98          4          0          0          0         92   d2f.o
        16          4          0          0          0         68   dcheck1.o
        24          0          0          0          0         68   dcmpi.o
       120          4          0          0          0         92   deqf.o
       120          4          0          0          0         92   dleqf.o
       156          4          0          0          0         92   dnaninf.o
        12          0          0          0          0         68   dretinf.o
       108          0          0          0          0         80   drleqf.o
        86          4          0          0          0         84   f2d.o
       388         76          0          0          0         96   fdiv.o
        54          4          0          0          0         84   ffix.o
        48          0          0          0          0         68   fflt_clz.o
       258          4          0          0          0         84   fmul.o
       140          4          0          0          0         84   fnaninf.o
         0          0         16          0          0          0   fpconst.o
        10          0          0          0          0         68   fretinf.o
         6          0          0          0          0         68   istatus.o
         4          0          0          0          0         68   printf1.o
       100          0          0          0          0         68   retnan.o
        92          0          0          0          0         68   scalbn.o
         4          0          0          0          0         68   scanf1.o
         8          0          0          0          0         84   scanf2.o
        48          0          0          0          0         68   trapv.o
         0          0          0          0          0          0   usenofp.o
        30          6          0          0          0        136   dunder.o
        40          0          0          0          0         68   fpclassify.o
        88          8          0          0          0         76   frexp.o
       138          0          0          0          0        160   ldexp.o
       204          4          0          0          0        168   narrow.o

    ----------------------------------------------------------------------
     11150        430        464          0         96       6624   Library Totals
        28          2          0          0          0          0   (incl. Padding)

    ----------------------------------------------------------------------

      Code (inc. data)   RO Data    RW Data    ZI Data      Debug   Library Name

      8722        298        448          0         96       4304   c_w.l
      1900        112         16          0          0       1712   fz_ws.l
       500         18          0          0          0        608   m_ws.l

    ----------------------------------------------------------------------
     11150        430        464          0         96       6624   Library Totals

    ----------------------------------------------------------------------

==============================================================================


      Code (inc. data)   RO Data    RW Data    ZI Data      Debug   

     24226       1248        774         64       2408     536988   Grand Totals
     24226       1248        774         64       2408     536988   ELF Image Totals
     24226       1248        774         64          0          0   ROM Totals

==============================================================================

    Total RO  Size (Code + RO Data)                25000 (  24.41kB)
    Total RW  Size (RW Data + ZI Data)              2472 (   2.41kB)
    Total ROM Size (Code + RO Data + RW Data)      25064 (  24.48kB)

==============================================================================

